Archive member included to satisfy reference by file (symbol)

../Timer_bsp/\libhal_bsp.a(alt_iic.o)
                              obj/default/alt_timer.o (alt_ic_isr_register)
../Timer_bsp/\libhal_bsp.a(alt_iic_isr_register.o)
                              ../Timer_bsp/\libhal_bsp.a(alt_iic.o) (alt_iic_isr_register)
../Timer_bsp/\libhal_bsp.a(alt_irq_entry.o)
                              ../Timer_bsp/\libhal_bsp.a(alt_iic_isr_register.o) (alt_irq_entry)
../Timer_bsp/\libhal_bsp.a(alt_irq_handler.o)
                              ../Timer_bsp/\libhal_bsp.a(alt_iic_isr_register.o) (alt_irq)
../Timer_bsp/\libhal_bsp.a(alt_irq_vars.o)
                              ../Timer_bsp/\libhal_bsp.a(alt_iic.o) (alt_irq_active)
../Timer_bsp/\libhal_bsp.a(alt_load.o)
                              ../Timer_bsp//obj/HAL/src/crt0.o (alt_load)
../Timer_bsp/\libhal_bsp.a(alt_main.o)
                              ../Timer_bsp//obj/HAL/src/crt0.o (alt_main)
../Timer_bsp/\libhal_bsp.a(alt_printf.o)
                              obj/default/hello_world.o (alt_printf)
../Timer_bsp/\libhal_bsp.a(alt_putchar.o)
                              ../Timer_bsp/\libhal_bsp.a(alt_printf.o) (alt_putchar)
../Timer_bsp/\libhal_bsp.a(alt_usleep.o)
                              obj/default/hello_world.o (usleep)
../Timer_bsp/\libhal_bsp.a(alt_sys_init.o)
                              ../Timer_bsp/\libhal_bsp.a(alt_main.o) (alt_irq_init)
../Timer_bsp/\libhal_bsp.a(altera_avalon_jtag_uart_fd.o)
                              ../Timer_bsp/\libhal_bsp.a(alt_sys_init.o) (altera_avalon_jtag_uart_read_fd)
../Timer_bsp/\libhal_bsp.a(altera_avalon_jtag_uart_init.o)
                              ../Timer_bsp/\libhal_bsp.a(alt_sys_init.o) (altera_avalon_jtag_uart_init)
../Timer_bsp/\libhal_bsp.a(altera_avalon_jtag_uart_ioctl.o)
                              ../Timer_bsp/\libhal_bsp.a(altera_avalon_jtag_uart_fd.o) (altera_avalon_jtag_uart_ioctl)
../Timer_bsp/\libhal_bsp.a(altera_avalon_jtag_uart_read.o)
                              ../Timer_bsp/\libhal_bsp.a(altera_avalon_jtag_uart_fd.o) (altera_avalon_jtag_uart_read)
../Timer_bsp/\libhal_bsp.a(altera_avalon_jtag_uart_write.o)
                              ../Timer_bsp/\libhal_bsp.a(altera_avalon_jtag_uart_fd.o) (altera_avalon_jtag_uart_write)
../Timer_bsp/\libhal_bsp.a(alt_alarm_start.o)
                              ../Timer_bsp/\libhal_bsp.a(altera_avalon_jtag_uart_init.o) (alt_alarm_start)
../Timer_bsp/\libhal_bsp.a(alt_busy_sleep.o)
                              ../Timer_bsp/\libhal_bsp.a(alt_usleep.o) (alt_busy_sleep)
../Timer_bsp/\libhal_bsp.a(alt_close.o)
                              ../Timer_bsp/\libhal_bsp.a(alt_main.o) (close)
../Timer_bsp/\libhal_bsp.a(alt_dcache_flush_all.o)
                              ../Timer_bsp/\libhal_bsp.a(alt_load.o) (alt_dcache_flush_all)
../Timer_bsp/\libhal_bsp.a(alt_dev.o)
                              ../Timer_bsp/\libhal_bsp.a(alt_sys_init.o) (alt_dev_list)
../Timer_bsp/\libhal_bsp.a(alt_dev_llist_insert.o)
                              ../Timer_bsp/\libhal_bsp.a(alt_sys_init.o) (alt_dev_llist_insert)
../Timer_bsp/\libhal_bsp.a(alt_do_ctors.o)
                              ../Timer_bsp/\libhal_bsp.a(alt_main.o) (_do_ctors)
../Timer_bsp/\libhal_bsp.a(alt_do_dtors.o)
                              ../Timer_bsp/\libhal_bsp.a(alt_main.o) (_do_dtors)
../Timer_bsp/\libhal_bsp.a(alt_errno.o)
                              ../Timer_bsp/\libhal_bsp.a(alt_close.o) (alt_errno)
../Timer_bsp/\libhal_bsp.a(alt_exception_entry.o)
                              ../Timer_bsp/\libhal_bsp.a(alt_irq_entry.o) (alt_exception)
../Timer_bsp/\libhal_bsp.a(alt_icache_flush_all.o)
                              ../Timer_bsp/\libhal_bsp.a(alt_load.o) (alt_icache_flush_all)
../Timer_bsp/\libhal_bsp.a(alt_io_redirect.o)
                              ../Timer_bsp/\libhal_bsp.a(alt_main.o) (alt_io_redirect)
../Timer_bsp/\libhal_bsp.a(alt_open.o)
                              ../Timer_bsp/\libhal_bsp.a(alt_io_redirect.o) (open)
../Timer_bsp/\libhal_bsp.a(alt_release_fd.o)
                              ../Timer_bsp/\libhal_bsp.a(alt_close.o) (alt_release_fd)
../Timer_bsp/\libhal_bsp.a(alt_tick.o)
                              ../Timer_bsp/\libhal_bsp.a(altera_avalon_jtag_uart_init.o) (_alt_tick_rate)
../Timer_bsp/\libhal_bsp.a(altera_nios2_qsys_irq.o)
                              ../Timer_bsp/\libhal_bsp.a(alt_sys_init.o) (altera_nios2_qsys_irq_init)
../Timer_bsp/\libhal_bsp.a(alt_find_dev.o)
                              ../Timer_bsp/\libhal_bsp.a(alt_open.o) (alt_find_dev)
../Timer_bsp/\libhal_bsp.a(alt_find_file.o)
                              ../Timer_bsp/\libhal_bsp.a(alt_open.o) (alt_find_file)
../Timer_bsp/\libhal_bsp.a(alt_get_fd.o)
                              ../Timer_bsp/\libhal_bsp.a(alt_open.o) (alt_get_fd)
../Timer_bsp/\libhal_bsp.a(alt_icache_flush.o)
[...]
Memory Configuration

Name             Origin             Length             Attributes
reset            0x0000000000000000 0x0000000000000020
sdram            0x0000000000000020 0x0000000001ffffe0
onchip_memory2_0 0x0000000002004000 0x0000000000004000
*default*        0x0000000000000000 0xffffffffffffffff

Linker script and memory map

LOAD ../Timer_bsp//obj/HAL/src/crt0.o
LOAD obj/default/alt_timer.o
LOAD obj/default/hello_world.o
LOAD obj/default/leds.o
LOAD obj/default/timer.o
LOAD c:/altera/14.1/nios2eds/bin/gnu/h-x86_64-mingw32/bin/../lib/gcc/nios2-elf/4.8.3/../../../../../H-x86_64-mingw32/nios2-elf/lib\libstdc++.a
LOAD c:/altera/14.1/nios2eds/bin/gnu/h-x86_64-mingw32/bin/../lib/gcc/nios2-elf/4.8.3/../../../../../H-x86_64-mingw32/nios2-elf/lib\libm.a
LOAD c:/altera/14.1/nios2eds/bin/gnu/h-x86_64-mingw32/bin/../lib/gcc/nios2-elf/4.8.3\libgcc.a
START GROUP
LOAD c:/altera/14.1/nios2eds/bin/gnu/h-x86_64-mingw32/bin/../lib/gcc/nios2-elf/4.8.3/../../../../../H-x86_64-mingw32/nios2-elf/lib\libc.a
LOAD c:/altera/14.1/nios2eds/bin/gnu/h-x86_64-mingw32/bin/../lib/gcc/nios2-elf/4.8.3\libgcc.a
LOAD ../Timer_bsp/\libhal_bsp.a
END GROUP
LOAD c:/altera/14.1/nios2eds/bin/gnu/h-x86_64-mingw32/bin/../lib/gcc/nios2-elf/4.8.3\libgcc.a
                0x0000000000000000                __alt_mem_sdram = 0x0
                0x0000000002004000                __alt_mem_onchip_memory2_0 = 0x2004000

.entry          0x0000000000000000       0x20
 *(.entry)
 .entry         0x0000000000000000       0x20 ../Timer_bsp//obj/HAL/src/crt0.o
                0x0000000000000000                __reset

.exceptions     0x0000000000000020      0x19c
                0x0000000000000020                PROVIDE (__ram_exceptions_start, ABSOLUTE (.))
                0x0000000000000020                . = ALIGN (0x20)
 *(.irq)
 *(.exceptions.entry.label)
 .exceptions.entry.label
                0x0000000000000020        0x0 ../Timer_bsp/\libhal_bsp.a(alt_irq_entry.o)
                0x0000000000000020                alt_irq_entry
 .exceptions.entry.label
                0x0000000000000020        0x0 ../Timer_bsp/\libhal_bsp.a(alt_exception_entry.o)
                0x0000000000000020                alt_exception
 *(.exceptions.entry.user)
 *(.exceptions.entry.ecc_fatal)
 *(.exceptions.entry)
 .exceptions.entry
                0x0000000000000020       0x54 ../Timer_bsp/\libhal_bsp.a(alt_exception_entry.o)
 *(.exceptions.irqtest.user)
 *(.exceptions.irqtest)
 .exceptions.irqtest
                0x0000000000000074       0x10 ../Timer_bsp/\libhal_bsp.a(alt_irq_entry.o)
 *(.exceptions.irqhandler.user)
 *(.exceptions.irqhandler)
 .exceptions.irqhandler
                0x0000000000000084        0x4 ../Timer_bsp/\libhal_bsp.a(alt_irq_entry.o)
 *(.exceptions.irqreturn.user)
 *(.exceptions.irqreturn)
 .exceptions.irqreturn
                0x0000000000000088        0x4 ../Timer_bsp/\libhal_bsp.a(alt_irq_entry.o)
 *(.exceptions.notirq.label)
 .exceptions.notirq.label
                0x000000000000008c        0x0 ../Timer_bsp/\libhal_bsp.a(alt_irq_entry.o)
 *(.exceptions.notirq.user)
 *(.exceptions.notirq)
 .exceptions.notirq
                0x000000000000008c        0x8 ../Timer_bsp/\libhal_bsp.a(alt_exception_entry.o)
 *(.exceptions.soft.user)
 *(.exceptions.soft)
 *(.exceptions.unknown.user)
 *(.exceptions.unknown)
 .exceptions.unknown
                0x0000000000000094        0x4 ../Timer_bsp/\libhal_bsp.a(alt_exception_entry.o)
 *(.exceptions.exit.label)
 .exceptions.exit.label
                0x0000000000000098        0x0 ../Timer_bsp/\libhal_bsp.a(alt_irq_entry.o)
 .exceptions.exit.label
                0x0000000000000098        0x0 ../Timer_bsp/\libhal_bsp.a(alt_exception_entry.o)
 *(.exceptions.exit.user)
 *(.exceptions.exit)
 .exceptions.exit
                0x0000000000000098       0x54 ../Timer_bsp/\libhal_bsp.a(alt_exception_entry.o)
 *(.exceptions)
 .exceptions    0x00000000000000ec       0xd0 ../Timer_bsp/\libhal_bsp.a(alt_irq_handler.o)
                0x00000000000000ec                alt_irq_handler
                0x00000000000001bc                PROVIDE (__ram_exceptions_end, ABSOLUTE (.))
                0x0000000000000020                PROVIDE (__flash_exceptions_start, LOADADDR (.exceptions))

.text           0x00000000000001bc     0x52e4
                0x00000000000001bc                PROVIDE (stext, ABSOLUTE (.))
 *(.interp)
 *(.hash)
 *(.dynsym)
 *(.dynstr)
 *(.gnu.version)
 *(.gnu.version_d)
 *(.gnu.version_r)
 *(.rel.init)
 *(.rela.init)
 *(.rel.text .rel.text.* .rel.gnu.linkonce.t.*)
 *(.rela.text .rela.text.* .rela.gnu.linkonce.t.*)
 *(.rel.fini)
 *(.rela.fini)
 *(.rel.rodata .rel.rodata.* .rel.gnu.linkonce.r.*)
 *(.rela.rodata .rela.rodata.* .rela.gnu.linkonce.r.*)
 *(.rel.data .rel.data.* .rel.gnu.linkonce.d.*)
 *(.rela.data .rela.data.* .rela.gnu.linkonce.d.*)
 *(.rel.tdata .rel.tdata.* .rel.gnu.linkonce.td.*)
 *(.rela.tdata .rela.tdata.* .rela.gnu.linkonce.td.*)
 *(.rel.tbss .rel.tbss.* .rel.gnu.linkonce.tb.*)
 *(.rela.tbss .rela.tbss.* .rela.gnu.linkonce.tb.*)
 *(.rel.ctors)
 *(.rela.ctors)
 *(.rel.dtors)
 *(.rela.dtors)
 *(.rel.got)
 *(.rela.got)
 *(.rel.sdata .rel.sdata.* .rel.gnu.linkonce.s.*)
 *(.rela.sdata .rela.sdata.* .rela.gnu.linkonce.s.*)
 *(.rel.sbss .rel.sbss.* .rel.gnu.linkonce.sb.*)
 *(.rela.sbss .rela.sbss.* .rela.gnu.linkonce.sb.*)
 *(.rel.sdata2 .rel.sdata2.* .rel.gnu.linkonce.s2.*)
 *(.rela.sdata2 .rela.sdata2.* .rela.gnu.linkonce.s2.*)
 *(.rel.sbss2 .rel.sbss2.* .rel.gnu.linkonce.sb2.*)
 *(.rela.sbss2 .rela.sbss2.* .rela.gnu.linkonce.sb2.*)
 *(.rel.bss .rel.bss.* .rel.gnu.linkonce.b.*)
 *(.rela.bss .rela.bss.* .rela.gnu.linkonce.b.*)
 *(.rel.plt)
 *(.rela.plt)
 *(.rel.dyn)
 *(.init)
 *(.plt)
 *(.text .stub .text.* .gnu.linkonce.t.*)
 .text          0x00000000000001bc       0x4c ../Timer_bsp//obj/HAL/src/crt0.o
                0x00000000000001bc                _start
 .text          0x0000000000000208      0x12c obj/default/alt_timer.o
                0x0000000000000208                init_timer_interrupt
 .text          0x0000000000000334      0x270 obj/default/hello_world.o
                0x00000000000003d8                setup_irq_inputs
                0x000000000000044c                setup_irq_timer
                0x00000000000004bc                main
 .text          0x00000000000005a4       0xec obj/default/leds.o
                0x00000000000005a4                leds_set
                0x00000000000005fc                leds_clr
                0x000000000000065c                leds
 .text          0x0000000000000690      0x160 obj/default/timer.o
                0x0000000000000690                timer_init
                0x00000000000006c0                timer_start
                0x00000000000006ec                timer_stop
                0x0000000000000718                timer_read
                0x0000000000000740                timer_reset
                0x0000000000000770                timer_enable_irq
                0x000000000000079c                timer_clear_irq
                0x00000000000007c8                timer_read_irq
 .text          0x00000000000007f0      0x1d8 ../Timer_bsp/\libhal_bsp.a(alt_iic.o)
                0x00000000000007f0                alt_ic_isr_register
                0x0000000000000840                alt_ic_irq_enable
                0x00000000000008dc                alt_ic_irq_disable
                0x000000000000097c                alt_ic_irq_enabled
 .text          0x00000000000009c8       0xf0 ../Timer_bsp/\libhal_bsp.a(alt_iic_isr_register.o)
                0x00000000000009c8                alt_iic_isr_register
 .text          0x0000000000000ab8        0x0 ../Timer_bsp/\libhal_bsp.a(alt_irq_entry.o)
 .text          0x0000000000000ab8        0x0 ../Timer_bsp/\libhal_bsp.a(alt_irq_handler.o)
 .text          0x0000000000000ab8        0x0 ../Timer_bsp/\libhal_bsp.a(alt_irq_vars.o)
 .text          0x0000000000000ab8       0xe4 ../Timer_bsp/\libhal_bsp.a(alt_load.o)
                0x0000000000000b1c                alt_load
 .text          0x0000000000000b9c       0x78 ../Timer_bsp/\libhal_bsp.a(alt_main.o)
                0x0000000000000b9c                alt_main
 .text          0x0000000000000c14      0x228 ../Timer_bsp/\libhal_bsp.a(alt_printf.o)
                0x0000000000000c14                alt_printf
 .text          0x0000000000000e3c       0x44 ../Timer_bsp/\libhal_bsp.a(alt_putchar.o)
                0x0000000000000e3c                alt_putchar
 .text          0x0000000000000e80       0x30 ../Timer_bsp/\libhal_bsp.a(alt_usleep.o)
                0x0000000000000e80                usleep
 .text          0x0000000000000eb0       0xb0 ../Timer_bsp/\libhal_bsp.a(alt_sys_init.o)
                0x0000000000000ee8                alt_irq_init
                0x0000000000000f1c                alt_sys_init
 .text          0x0000000000000f60      0x164 ../Timer_bsp/\libhal_bsp.a(altera_avalon_jtag_uart_fd.o)
                0x0000000000000f60                altera_avalon_jtag_uart_read_fd
                0x0000000000000fc0                altera_avalon_jtag_uart_write_fd
                0x0000000000001020                altera_avalon_jtag_uart_close_fd
                0x0000000000001070                altera_avalon_jtag_uart_ioctl_fd
 .text          0x00000000000010c4      0x3c8 ../Timer_bsp/\libhal_bsp.a(altera_avalon_jtag_uart_init.o)
                0x00000000000010c4                altera_avalon_jtag_uart_init
                0x0000000000001424                altera_avalon_jtag_uart_close
 .text          0x000000000000148c       0xec ../Timer_bsp/\libhal_bsp.a(altera_avalon_jtag_uart_ioctl.o)
                0x000000000000148c                altera_avalon_jtag_uart_ioctl
 .text          0x0000000000001578      0x208 ../Timer_bsp/\libhal_bsp.a(altera_avalon_jtag_uart_read.o)
                0x0000000000001578                altera_avalon_jtag_uart_read
 .text          0x0000000000001780      0x218 ../Timer_bsp/\libhal_bsp.a(altera_avalon_jtag_uart_write.o)
                0x0000000000001780                altera_avalon_jtag_uart_write
 .text          0x0000000000001998      0x140 ../Timer_bsp/\libhal_bsp.a(alt_alarm_start.o)
                0x0000000000001998                alt_alarm_start
 .text          0x0000000000001ad8      0x154 ../Timer_bsp/\libhal_bsp.a(alt_busy_sleep.o)
                0x0000000000001ad8                alt_busy_sleep
 .text          0x0000000000001c2c      0x118 ../Timer_bsp/\libhal_bsp.a(alt_close.o)
                0x0000000000001c7c                close
 .text          0x0000000000001d44       0x44 ../Timer_bsp/\libhal_bsp.a(alt_dcache_flush_all.o)
                0x0000000000001d44                alt_dcache_flush_all
 .text          0x0000000000001d88       0x2c ../Timer_bsp/\libhal_bsp.a(alt_dev.o)
 .text          0x0000000000001db4       0xf0 ../Timer_bsp/\libhal_bsp.a(alt_dev_llist_insert.o)
                0x0000000000001e04                alt_dev_llist_insert
 .text          0x0000000000001ea4       0x5c ../Timer_bsp/\libhal_bsp.a(alt_do_ctors.o)
                0x0000000000001ea4                _do_ctors
 .text          0x0000000000001f00       0x5c ../Timer_bsp/\libhal_bsp.a(alt_do_dtors.o)
                0x0000000000001f00                _do_dtors
 .text          0x0000000000001f5c        0x0 ../Timer_bsp/\libhal_bsp.a(alt_errno.o)
 .text          0x0000000000001f5c        0x0 ../Timer_bsp/\libhal_bsp.a(alt_exception_entry.o)
 .text          0x0000000000001f5c       0x30 ../Timer_bsp/\libhal_bsp.a(alt_icache_flush_all.o)
                0x0000000000001f5c                alt_icache_flush_all
 .text          0x0000000000001f8c      0x138 ../Timer_bsp/\libhal_bsp.a(alt_io_redirect.o)
                0x000000000000204c                alt_io_redirect
 .text          0x00000000000020c4      0x270 ../Timer_bsp/\libhal_bsp.a(alt_open.o)
                0x00000000000021e0                open
 .text          0x0000000000002334       0x60 ../Timer_bsp/\libhal_bsp.a(alt_release_fd.o)
                0x0000000000002334                alt_release_fd
 .text          0x0000000000002394      0x19c ../Timer_bsp/\libhal_bsp.a(alt_tick.o)
                0x0000000000002394                alt_alarm_stop
                0x000000000000242c                alt_tick
 .text          0x0000000000002530       0x20 ../Timer_bsp/\libhal_bsp.a(altera_nios2_qsys_irq.o)
                0x0000000000002530                altera_nios2_qsys_irq_init
 .text          0x0000000000002550       0x90 ../Timer_bsp/\libhal_bsp.a(alt_find_dev.o)
                0x0000000000002550                alt_find_dev
 .text          0x00000000000025e0      0x114 ../Timer_bsp/\libhal_bsp.a(alt_find_file.o)
                0x00000000000025e0                alt_find_file
 .text          0x00000000000026f4       0xb4 ../Timer_bsp/\libhal_bsp.a(alt_get_fd.o)
                0x00000000000026f4                alt_get_fd
 .text          0x00000000000027a8       0x8c ../Timer_bsp/\libhal_bsp.a(alt_icache_flush.o)
                0x00000000000027a8                alt_icache_flush
 .text          0x0000000000002834       0x14 c:/altera/14.1/nios2eds/bin/gnu/h-x86_64-mingw32/bin/../lib/gcc/nios2-elf/4.8.3/../../../../../H-x86_64-mingw32/nios2-elf/lib\libc.a(lib_a-atexit.o)
                0x0000000000002834                atexit
 .text          0x0000000000002848       0x38 c:/altera/14.1/nios2eds/bin/gnu/h-x86_64-mingw32/bin/../lib/gcc/nios2-elf/4.8.3/../../../../../H-x86_64-mingw32/nios2-elf/lib\libc.a(lib_a-exit.o)
                0x0000000000002848                exit
 .text          0x0000000000002880        0x0 c:/altera/14.1/nios2eds/bin/gnu/h-x86_64-mingw32/bin/../lib/gcc/nios2-elf/4.8.3/../../../../../H-x86_64-mingw32/nios2-elf/lib\libc.a(lib_a-impure.o)
 .text          0x0000000000002880        0x0 c:/altera/14.1/nios2eds/bin/gnu/h-x86_64-mingw32/bin/../lib/gcc/nios2-elf/4.8.3/../../../../../H-x86_64-mingw32/nios2-elf/lib\libc.a(lib_a-int_errno.o)
 .text          0x0000000000002880       0x7c c:/altera/14.1/nios2eds/bin/gnu/h-x86_64-mingw32/bin/../lib/gcc/nios2-elf/4.8.3/../../../../../H-x86_64-mingw32/nios2-elf/lib\libc.a(lib_a-memcmp.o)
                0x0000000000002880                memcmp
 .text          0x00000000000028fc      0x10c c:/altera/14.1/nios2eds/bin/gnu/h-x86_64-mingw32/bin/../lib/gcc/nios2-elf/4.8.3/../../../../../H-x86_64-mingw32/nios2-elf/lib\libc.a(lib_a-memcpy.o)
                0x00000000000028fc                memcpy
 .text          0x0000000000002a08      0x16c c:/altera/14.1/nios2eds/bin/gnu/h-x86_64-mingw32/bin/../lib/gcc/nios2-elf/4.8.3/../../../../../H-x86_64-mingw32/nios2-elf/lib\libc.a(lib_a-putc.o)
                0x0000000000002a08                _putc_r
                0x0000000000002aa8                putc
 .text          0x0000000000002b74       0x8c c:/altera/14.1/nios2eds/bin/gnu/h-x86_64-mingw32/bin/../lib/gcc/nios2-elf/4.8.3/../../../../../H-x86_64-mingw32/nios2-elf/lib\libc.a(lib_a-strlen.o)
                0x0000000000002b74                strlen
 .text          0x0000000000002c00      0x19c c:/altera/14.1/nios2eds/bin/gnu/h-x86_64-mingw32/bin/../lib/gcc/nios2-elf/4.8.3/../../../../../H-x86_64-mingw32/nios2-elf/lib\libc.a(lib_a-wbuf.o)
                0x0000000000002c00                __swbuf_r
                0x0000000000002d80                __swbuf
 .text          0x0000000000002d9c      0x138 c:/altera/14.1/nios2eds/bin/gnu/h-x86_64-mingw32/bin/../lib/gcc/nios2-elf/4.8.3/../../../../../H-x86_64-mingw32/nios2-elf/lib\libc.a(lib_a-wsetup.o)
                0x0000000000002d9c                __swsetup_r
 .text          0x0000000000002ed4      0x11c c:/altera/14.1/nios2eds/bin/gnu/h-x86_64-mingw32/bin/../lib/gcc/nios2-elf/4.8.3/../../../../../H-x86_64-mingw32/nios2-elf/lib\libc.a(lib_a-__atexit.o)
                0x0000000000002ed4                __register_exitproc
 .text          0x0000000000002ff0      0x1a4 c:/altera/14.1/nios2eds/bin/gnu/h-x86_64-mingw32/bin/../lib/gcc/nios2-elf/4.8.3/../../../../../H-x86_64-mingw32/nios2-elf/lib\libc.a(lib_a-__call_atexit.o)
                0x0000000000002ff0                __call_exitprocs
 .text          0x0000000000003194      0x274 c:/altera/14.1/nios2eds/bin/gnu/h-x86_64-mingw32/bin/../lib/gcc/nios2-elf/4.8.3/../../../../../H-x86_64-mingw32/nios2-elf/lib\libc.a(lib_a-fflush.o)
                0x0000000000003194                _fflush_r
                0x00000000000033d8                fflush
 .text          0x0000000000003408      0x390 c:/altera/14.1/nios2eds/bin/gnu/h-x86_64-mingw32/bin/../lib/gcc/nios2-elf/4.8.3/../../../../../H-x86_64-mingw32/nios2-elf/lib\libc.a(lib_a-findfp.o)
                0x0000000000003418                _cleanup_r
                0x0000000000003424                __sfmoreglue
                0x0000000000003488                _cleanup
                0x00000000000034a0                __sinit
                0x000000000000363c                __sfp
                0x0000000000003758                __sfp_lock_acquire
                0x000000000000375c                __sfp_lock_release
                0x0000000000003760                __sinit_lock_acquire
                0x0000000000003764                __sinit_lock_release
                0x0000000000003768                __fp_lock_all
                0x0000000000003780                __fp_unlock_all
 .text          0x0000000000003798      0x40c c:/altera/14.1/nios2eds/bin/gnu/h-x86_64-mingw32/bin/../lib/gcc/nios2-elf/4.8.3/../../../../../H-x86_64-mingw32/nios2-elf/lib\libc.a(lib_a-freer.o)
                0x0000000000003798                _malloc_trim_r
                0x00000000000038d4                _free_r
 .text          0x0000000000003ba4      0x160 c:/altera/14.1/nios2eds/bin/gnu/h-x86_64-mingw32/bin/../lib/gcc/nios2-elf/4.8.3/../../../../../H-x86_64-mingw32/nios2-elf/lib\libc.a(lib_a-fwalk.o)
                0x0000000000003ba4                _fwalk
                0x0000000000003c4c                _fwalk_reent
 .text          0x0000000000003d04      0x1b4 c:/altera/14.1/nios2eds/bin/gnu/h-x86_64-mingw32/bin/../lib/gcc/nios2-elf/4.8.3/../../../../../H-x86_64-mingw32/nios2-elf/lib\libc.a(lib_a-makebuf.o)
                0x0000000000003d04                __smakebuf_r
 .text          0x0000000000003eb8      0x7c4 c:/altera/14.1/nios2eds/bin/gnu/h-x86_64-mingw32/bin/../lib/gcc/nios2-elf/4.8.3/../../../../../H-x86_64-mingw32/nios2-elf/lib\libc.a(lib_a-mallocr.o)
                0x0000000000003eb8                _malloc_r
 .text          0x000000000000467c      0x114 c:/altera/14.1/nios2eds/bin/gnu/h-x86_64-mingw32/bin/../lib/gcc/nios2-elf/4.8.3/../../../../../H-x86_64-mingw32/nios2-elf/lib\libc.a(lib_a-memset.o)
                0x000000000000467c                memset
 .text          0x0000000000004790       0x64 c:/altera/14.1/nios2eds/bin/gnu/h-x86_64-mingw32/bin/../lib/gcc/nios2-elf/4.8.3/../../../../../H-x86_64-mingw32/nios2-elf/lib\libc.a(lib_a-sbrkr.o)
                0x0000000000004790                _sbrk_r
 .text          0x00000000000047f4      0x13c c:/altera/14.1/nios2eds/bin/gnu/h-x86_64-mingw32/bin/../lib/gcc/nios2-elf/4.8.3/../../../../../H-x86_64-mingw32/nios2-elf/lib\libc.a(lib_a-stdio.o)
                0x00000000000047f4                __sread
                0x0000000000004848                __seofread
                0x0000000000004850                __swrite
                0x00000000000048cc                __sseek
                0x0000000000004928                __sclose
 .text          0x0000000000004930       0x6c c:/altera/14.1/nios2eds/bin/gnu/h-x86_64-mingw32/bin/../lib/gcc/nios2-elf/4.8.3/../../../../../H-x86_64-mingw32/nios2-elf/lib\libc.a(lib_a-writer.o)
                0x0000000000004930                _write_r
 .text          0x000000000000499c       0x64 c:/altera/14.1/nios2eds/bin/gnu/h-x86_64-mingw32/bin/../lib/gcc/nios2-elf/4.8.3/../../../../../H-x86_64-mingw32/nios2-elf/lib\libc.a(closer.o)
                0x000000000000499c                _close_r
 .text          0x0000000000004a00      0x13c c:/altera/14.1/nios2eds/bin/gnu/h-x86_64-mingw32/bin/../lib/gcc/nios2-elf/4.8.3/../../../../../H-x86_64-mingw32/nios2-elf/lib\libc.a(lib_a-fclose.o)
                0x0000000000004a00                _fclose_r
                0x0000000000004b28                fclose
 .text          0x0000000000004b3c       0x68 c:/altera/14.1/nios2eds/bin/gnu/h-x86_64-mingw32/bin/../lib/gcc/nios2-elf/4.8.3/../../../../../H-x86_64-mingw32/nios2-elf/lib\libc.a(lib_a-fstatr.o)
                0x0000000000004b3c                _fstat_r
 .text          0x0000000000004ba4       0x64 c:/altera/14.1/nios2eds/bin/gnu/h-x86_64-mingw32/bin/../lib/gcc/nios2-elf/4.8.3/../../../../../H-x86_64-mingw32/nios2-elf/lib\libc.a(lib_a-isattyr.o)
                0x0000000000004ba4                _isatty_r
 .text          0x0000000000004c08       0x6c c:/altera/14.1/nios2eds/bin/gnu/h-x86_64-mingw32/bin/../lib/gcc/nios2-elf/4.8.3/../../../../../H-x86_64-mingw32/nios2-elf/lib\libc.a(lib_a-lseekr.o)
                0x0000000000004c08                _lseek_r
 .text          0x0000000000004c74       0x6c c:/altera/14.1/nios2eds/bin/gnu/h-x86_64-mingw32/bin/../lib/gcc/nios2-elf/4.8.3/../../../../../H-x86_64-mingw32/nios2-elf/lib\libc.a(lib_a-readr.o)
                0x0000000000004c74                _read_r
 .text          0x0000000000004ce0      0x114 c:/altera/14.1/nios2eds/bin/gnu/h-x86_64-mingw32/bin/../lib/gcc/nios2-elf/4.8.3\libgcc.a(lib2-divmod.o)
                0x0000000000004d50                __divsi3
                0x0000000000004d98                __modsi3
                0x0000000000004de4                __udivsi3
                0x0000000000004dec                __umodsi3
 .text          0x0000000000004df4       0x34 ../Timer_bsp/\libhal_bsp.a(alt_exit.o)
                0x0000000000004df4                _exit
 .text          0x0000000000004e28       0xfc ../Timer_bsp/\libhal_bsp.a(alt_fstat.o)
                0x0000000000004e78                fstat
 .text          0x0000000000004f24       0xf0 ../Timer_bsp/\libhal_bsp.a(alt_isatty.o)
                0x0000000000004f74                isatty
 .text          0x0000000000005014      0x120 ../Timer_bsp/\libhal_bsp.a(alt_lseek.o)
                0x0000000000005064                lseek
 .text          0x0000000000005134       0x40 ../Timer_bsp/\libhal_bsp.a(alt_malloc_lock.o)
                0x0000000000005134                __malloc_lock
                0x0000000000005154                __malloc_unlock
 .text          0x0000000000005174      0x140 ../Timer_bsp/\libhal_bsp.a(alt_read.o)
                0x00000000000051c4                read
 .text          0x00000000000052b4       0xb0 ../Timer_bsp/\libhal_bsp.a(alt_sbrk.o)
                0x00000000000052b4                sbrk
 .text          0x0000000000005364      0x13c ../Timer_bsp/\libhal_bsp.a(alt_write.o)
                0x00000000000053b4                write
 *(.gnu.warning.*)
 *(.fini)
                0x00000000000054a0                PROVIDE (__etext, ABSOLUTE (.))
                0x00000000000054a0                PROVIDE (_etext, ABSOLUTE (.))
                0x00000000000054a0                PROVIDE (etext, ABSOLUTE (.))
 *(.eh_frame_hdr)
                0x00000000000054a0                . = ALIGN (0x4)
                0x00000000000054a0                PROVIDE (__preinit_array_start, ABSOLUTE (.))
 *(.preinit_array)
                0x00000000000054a0                PROVIDE (__preinit_array_end, ABSOLUTE (.))
                0x00000000000054a0                PROVIDE (__init_array_start, ABSOLUTE (.))
 *(.init_array)
                0x00000000000054a0                PROVIDE (__init_array_end, ABSOLUTE (.))
                0x00000000000054a0                PROVIDE (__fini_array_start, ABSOLUTE (.))
 *(.fini_array)
                0x00000000000054a0                PROVIDE (__fini_array_end, ABSOLUTE (.))
 *(.eh_frame)
 *(.gcc_except_table .gcc_except_table.*)
 *(.dynamic)
                0x00000000000054a0                PROVIDE (__CTOR_LIST__, ABSOLUTE (.))
 *(.ctors)
 *(SORT(.ctors.*))
                0x00000000000054a0                PROVIDE (__CTOR_END__, ABSOLUTE (.))
                0x00000000000054a0                PROVIDE (__DTOR_LIST__, ABSOLUTE (.))
 *(.dtors)
 *(SORT(.dtors.*))
                0x00000000000054a0                PROVIDE (__DTOR_END__, ABSOLUTE (.))
 *(.jcr)
                0x00000000000054a0                . = ALIGN (0x4)

.rodata         0x00000000000054a0       0x84
                0x00000000000054a0                PROVIDE (__ram_rodata_start, ABSOLUTE (.))
                0x00000000000054a0                . = ALIGN (0x4)
 *(.rodata .rodata.* .gnu.linkonce.r.*)
 .rodata        0x00000000000054a0       0x4c obj/default/hello_world.o
 .rodata        0x00000000000054ec       0x14 ../Timer_bsp/\libhal_bsp.a(alt_main.o)
 .rodata        0x0000000000005500       0x14 ../Timer_bsp/\libhal_bsp.a(alt_sys_init.o)
 .rodata        0x0000000000005514        0xc ../Timer_bsp/\libhal_bsp.a(alt_dev.o)
 .rodata.str1.4
                0x0000000000005520        0x4 c:/altera/14.1/nios2eds/bin/gnu/h-x86_64-mingw32/bin/../lib/gcc/nios2-elf/4.8.3/../../../../../H-x86_64-mingw32/nios2-elf/lib\libc.a(lib_a-impure.o)
 *(.rodata1)
                0x0000000000005524                . = ALIGN (0x4)
                0x0000000000005524                PROVIDE (__ram_rodata_end, ABSOLUTE (.))
                0x00000000000054a0                PROVIDE (__flash_rodata_start, LOADADDR (.rodata))

.rwdata         0x0000000000005524     0x1a6c load address 0x0000000000006f90
                0x0000000000005524                PROVIDE (__ram_rwdata_start, ABSOLUTE (.))
                0x0000000000005524                . = ALIGN (0x4)
 *(.got.plt)
 *(.got)
 *(.data1)
 *(.data .data.* .gnu.linkonce.d.*)
 .data          0x0000000000005524        0x0 ../Timer_bsp//obj/HAL/src/crt0.o
 .data          0x0000000000005524        0x0 obj/default/alt_timer.o
 .data          0x0000000000005524        0x0 obj/default/hello_world.o
 .data          0x0000000000005524        0x0 obj/default/leds.o
 .data          0x0000000000005524        0x0 obj/default/timer.o
 .data          0x0000000000005524        0x0 ../Timer_bsp/\libhal_bsp.a(alt_iic.o)
 .data          0x0000000000005524        0x0 ../Timer_bsp/\libhal_bsp.a(alt_iic_isr_register.o)
 .data          0x0000000000005524        0x0 ../Timer_bsp/\libhal_bsp.a(alt_irq_entry.o)
 .data          0x0000000000005524        0x0 ../Timer_bsp/\libhal_bsp.a(alt_irq_handler.o)
 .data          0x0000000000005524        0x0 ../Timer_bsp/\libhal_bsp.a(alt_irq_vars.o)
 .data          0x0000000000005524        0x0 ../Timer_bsp/\libhal_bsp.a(alt_load.o)
 .data          0x0000000000005524        0x0 ../Timer_bsp/\libhal_bsp.a(alt_main.o)
 .data          0x0000000000005524        0x0 ../Timer_bsp/\libhal_bsp.a(alt_printf.o)
 .data          0x0000000000005524        0x0 ../Timer_bsp/\libhal_bsp.a(alt_putchar.o)
 .data          0x0000000000005524        0x0 ../Timer_bsp/\libhal_bsp.a(alt_usleep.o)
 .data          0x0000000000005524     0x1060 ../Timer_bsp/\libhal_bsp.a(alt_sys_init.o)
 .data          0x0000000000006584        0x0 ../Timer_bsp/\libhal_bsp.a(altera_avalon_jtag_uart_fd.o)
 .data          0x0000000000006584        0x0 ../Timer_bsp/\libhal_bsp.a(altera_avalon_jtag_uart_init.o)
 .data          0x0000000000006584        0x0 ../Timer_bsp/\libhal_bsp.a(altera_avalon_jtag_uart_ioctl.o)
 .data          0x0000000000006584        0x0 ../Timer_bsp/\libhal_bsp.a(altera_avalon_jtag_uart_read.o)
 .data          0x0000000000006584        0x0 ../Timer_bsp/\libhal_bsp.a(altera_avalon_jtag_uart_write.o)
 .data          0x0000000000006584        0x0 ../Timer_bsp/\libhal_bsp.a(alt_alarm_start.o)
 .data          0x0000000000006584        0x0 ../Timer_bsp/\libhal_bsp.a(alt_busy_sleep.o)
 .data          0x0000000000006584        0x0 ../Timer_bsp/\libhal_bsp.a(alt_close.o)
 .data          0x0000000000006584        0x0 ../Timer_bsp/\libhal_bsp.a(alt_dcache_flush_all.o)
 .data          0x0000000000006584      0x1a8 ../Timer_bsp/\libhal_bsp.a(alt_dev.o)
                0x0000000000006584                alt_dev_null
                0x00000000000065ac                alt_fd_list
 .data          0x000000000000672c        0x0 ../Timer_bsp/\libhal_bsp.a(alt_dev_llist_insert.o)
 .data          0x000000000000672c        0x0 ../Timer_bsp/\libhal_bsp.a(alt_do_ctors.o)
 .data          0x000000000000672c        0x0 ../Timer_bsp/\libhal_bsp.a(alt_do_dtors.o)
 .data          0x000000000000672c        0x0 ../Timer_bsp/\libhal_bsp.a(alt_errno.o)
 .data          0x000000000000672c        0x0 ../Timer_bsp/\libhal_bsp.a(alt_exception_entry.o)
 .data          0x000000000000672c        0x0 ../Timer_bsp/\libhal_bsp.a(alt_icache_flush_all.o)
 .data          0x000000000000672c        0x0 ../Timer_bsp/\libhal_bsp.a(alt_io_redirect.o)
 .data          0x000000000000672c        0x0 ../Timer_bsp/\libhal_bsp.a(alt_open.o)
 .data          0x000000000000672c        0x0 ../Timer_bsp/\libhal_bsp.a(alt_release_fd.o)
 .data          0x000000000000672c        0x0 ../Timer_bsp/\libhal_bsp.a(alt_tick.o)
 .data          0x000000000000672c        0x0 ../Timer_bsp/\libhal_bsp.a(altera_nios2_qsys_irq.o)
 .data          0x000000000000672c        0x0 ../Timer_bsp/\libhal_bsp.a(alt_find_dev.o)
 .data          0x000000000000672c        0x0 ../Timer_bsp/\libhal_bsp.a(alt_find_file.o)
 .data          0x000000000000672c        0x0 ../Timer_bsp/\libhal_bsp.a(alt_get_fd.o)
 .data          0x000000000000672c        0x0 ../Timer_bsp/\libhal_bsp.a(alt_icache_flush.o)
 .data          0x000000000000672c        0x0 c:/altera/14.1/nios2eds/bin/gnu/h-x86_64-mingw32/bin/../lib/gcc/nios2-elf/4.8.3/../../../../../H-x86_64-mingw32/nios2-elf/lib\libc.a(lib_a-atexit.o)
 .data          0x000000000000672c        0x0 c:/altera/14.1/nios2eds/bin/gnu/h-x86_64-mingw32/bin/../lib/gcc/nios2-elf/4.8.3/../../../../../H-x86_64-mingw32/nios2-elf/lib\libc.a(lib_a-exit.o)
 .data          0x000000000000672c      0x424 c:/altera/14.1/nios2eds/bin/gnu/h-x86_64-mingw32/bin/../lib/gcc/nios2-elf/4.8.3/../../../../../H-x86_64-mingw32/nios2-elf/lib\libc.a(lib_a-impure.o)
 .data          0x0000000000006b50        0x0 c:/altera/14.1/nios2eds/bin/gnu/h-x86_64-mingw32/bin/../lib/gcc/nios2-elf/4.8.3/../../../../../H-x86_64-mingw32/nios2-elf/lib\libc.a(lib_a-int_errno.o)
 .data          0x0000000000006b50        0x0 c:/altera/14.1/nios2eds/bin/gnu/h-x86_64-mingw32/bin/../lib/gcc/nios2-elf/4.8.3/../../../../../H-x86_64-mingw32/nios2-elf/lib\libc.a(lib_a-memcmp.o)
 .data          0x0000000000006b50        0x0 c:/altera/14.1/nios2eds/bin/gnu/h-x86_64-mingw32/bin/../lib/gcc/nios2-elf/4.8.3/../../../../../H-x86_64-mingw32/nios2-elf/lib\libc.a(lib_a-memcpy.o)
 .data          0x0000000000006b50        0x0 c:/altera/14.1/nios2eds/bin/gnu/h-x86_64-mingw32/bin/../lib/gcc/nios2-elf/4.8.3/../../../../../H-x86_64-mingw32/nios2-elf/lib\libc.a(lib_a-putc.o)
 .data          0x0000000000006b50        0x0 c:/altera/14.1/nios2eds/bin/gnu/h-x86_64-mingw32/bin/../lib/gcc/nios2-elf/4.8.3/../../../../../H-x86_64-mingw32/nios2-elf/lib\libc.a(lib_a-strlen.o)
 .data          0x0000000000006b50        0x0 c:/altera/14.1/nios2eds/bin/gnu/h-x86_64-mingw32/bin/../lib/gcc/nios2-elf/4.8.3/../../../../../H-x86_64-mingw32/nios2-elf/lib\libc.a(lib_a-wbuf.o)
 .data          0x0000000000006b50        0x0 c:/altera/14.1/nios2eds/bin/gnu/h-x86_64-mingw32/bin/../lib/gcc/nios2-elf/4.8.3/../../../../../H-x86_64-mingw32/nios2-elf/lib\libc.a(lib_a-wsetup.o)
 .data          0x0000000000006b50        0x0 c:/altera/14.1/nios2eds/bin/gnu/h-x86_64-mingw32/bin/../lib/gcc/nios2-elf/4.8.3/../../../../../H-x86_64-mingw32/nios2-elf/lib\libc.a(lib_a-__atexit.o)
 .data          0x0000000000006b50        0x0 c:/altera/14.1/nios2eds/bin/gnu/h-x86_64-mingw32/bin/../lib/gcc/nios2-elf/4.8.3/../../../../../H-x86_64-mingw32/nios2-elf/lib\libc.a(lib_a-__call_atexit.o)
 .data          0x0000000000006b50        0x0 c:/altera/14.1/nios2eds/bin/gnu/h-x86_64-mingw32/bin/../lib/gcc/nios2-elf/4.8.3/../../../../../H-x86_64-mingw32/nios2-elf/lib\libc.a(lib_a-fflush.o)
 .data          0x0000000000006b50        0x0 c:/altera/14.1/nios2eds/bin/gnu/h-x86_64-mingw32/bin/../lib/gcc/nios2-elf/4.8.3/../../../../../H-x86_64-mingw32/nios2-elf/lib\libc.a(lib_a-findfp.o)
 .data          0x0000000000006b50        0x0 c:/altera/14.1/nios2eds/bin/gnu/h-x86_64-mingw32/bin/../lib/gcc/nios2-elf/4.8.3/../../../../../H-x86_64-mingw32/nios2-elf/lib\libc.a(lib_a-freer.o)
 .data          0x0000000000006b50        0x0 c:/altera/14.1/nios2eds/bin/gnu/h-x86_64-mingw32/bin/../lib/gcc/nios2-elf/4.8.3/../../../../../H-x86_64-mingw32/nios2-elf/lib\libc.a(lib_a-fwalk.o)
 .data          0x0000000000006b50        0x0 c:/altera/14.1/nios2eds/bin/gnu/h-x86_64-mingw32/bin/../lib/gcc/nios2-elf/4.8.3/../../../../../H-x86_64-mingw32/nios2-elf/lib\libc.a(lib_a-makebuf.o)
 .data          0x0000000000006b50      0x408 c:/altera/14.1/nios2eds/bin/gnu/h-x86_64-mingw32/bin/../lib/gcc/nios2-elf/4.8.3/../../../../../H-x86_64-mingw32/nios2-elf/lib\libc.a(lib_a-mallocr.o)
                0x0000000000006b50                __malloc_av_
 .data          0x0000000000006f58        0x0 c:/altera/14.1/nios2eds/bin/gnu/h-x86_64-mingw32/bin/../lib/gcc/nios2-elf/4.8.3/../../../../../H-x86_64-mingw32/nios2-elf/lib\libc.a(lib_a-memset.o)
 .data          0x0000000000006f58        0x0 c:/altera/14.1/nios2eds/bin/gnu/h-x86_64-mingw32/bin/../lib/gcc/nios2-elf/4.8.3/../../../../../H-x86_64-mingw32/nios2-elf/lib\libc.a(lib_a-sbrkr.o)
 .data          0x0000000000006f58        0x0 c:/altera/14.1/nios2eds/bin/gnu/h-x86_64-mingw32/bin/../lib/gcc/nios2-elf/4.8.3/../../../../../H-x86_64-mingw32/nios2-elf/lib\libc.a(lib_a-stdio.o)
 .data          0x0000000000006f58        0x0 c:/altera/14.1/nios2eds/bin/gnu/h-x86_64-mingw32/bin/../lib/gcc/nios2-elf/4.8.3/../../../../../H-x86_64-mingw32/nios2-elf/lib\libc.a(lib_a-writer.o)
 .data          0x0000000000006f58        0x0 c:/altera/14.1/nios2eds/bin/gnu/h-x86_64-mingw32/bin/../lib/gcc/nios2-elf/4.8.3/../../../../../H-x86_64-mingw32/nios2-elf/lib\libc.a(closer.o)
 .data          0x0000000000006f58        0x0 c:/altera/14.1/nios2eds/bin/gnu/h-x86_64-mingw32/bin/../lib/gcc/nios2-elf/4.8.3/../../../../../H-x86_64-mingw32/nios2-elf/lib\libc.a(lib_a-fclose.o)
 .data          0x0000000000006f58        0x0 c:/altera/14.1/nios2eds/bin/gnu/h-x86_64-mingw32/bin/../lib/gcc/nios2-elf/4.8.3/../../../../../H-x86_64-mingw32/nios2-elf/lib\libc.a(lib_a-fstatr.o)
 .data          0x0000000000006f58        0x0 c:/altera/14.1/nios2eds/bin/gnu/h-x86_64-mingw32/bin/../lib/gcc/nios2-elf/4.8.3/../../../../../H-x86_64-mingw32/nios2-elf/lib\libc.a(lib_a-isattyr.o)
 .data          0x0000000000006f58        0x0 c:/altera/14.1/nios2eds/bin/gnu/h-x86_64-mingw32/bin/../lib/gcc/nios2-elf/4.8.3/../../../../../H-x86_64-mingw32/nios2-elf/lib\libc.a(lib_a-lseekr.o)
 .data          0x0000000000006f58        0x0 c:/altera/14.1/nios2eds/bin/gnu/h-x86_64-mingw32/bin/../lib/gcc/nios2-elf/4.8.3/../../../../../H-x86_64-mingw32/nios2-elf/lib\libc.a(lib_a-readr.o)
 .data          0x0000000000006f58        0x0 c:/altera/14.1/nios2eds/bin/gnu/h-x86_64-mingw32/bin/../lib/gcc/nios2-elf/4.8.3\libgcc.a(lib2-divmod.o)
 .data          0x0000000000006f58        0x0 ../Timer_bsp/\libhal_bsp.a(alt_exit.o)
 .data          0x0000000000006f58        0x0 ../Timer_bsp/\libhal_bsp.a(alt_fstat.o)
 .data          0x0000000000006f58        0x0 ../Timer_bsp/\libhal_bsp.a(alt_isatty.o)
 .data          0x0000000000006f58        0x0 ../Timer_bsp/\libhal_bsp.a(alt_lseek.o)
 .data          0x0000000000006f58        0x0 ../Timer_bsp/\libhal_bsp.a(alt_malloc_lock.o)
 .data          0x0000000000006f58        0x0 ../Timer_bsp/\libhal_bsp.a(alt_read.o)
 .data          0x0000000000006f58        0x0 ../Timer_bsp/\libhal_bsp.a(alt_sbrk.o)
 .data          0x0000000000006f58        0x0 ../Timer_bsp/\libhal_bsp.a(alt_write.o)
                0x000000000000ef58                _gp = ABSOLUTE ((. + 0x8000))
                0x000000000000ef58                PROVIDE (gp, _gp)
 *(.rwdata .rwdata.*)
 *(.sdata .sdata.* .gnu.linkonce.s.*)
 .sdata         0x0000000000006f58        0x4 ../Timer_bsp/\libhal_bsp.a(alt_irq_vars.o)
                0x0000000000006f58                alt_priority_mask
 .sdata         0x0000000000006f5c       0x14 ../Timer_bsp/\libhal_bsp.a(alt_dev.o)
                0x0000000000006f5c                alt_fs_list
                0x0000000000006f64                alt_dev_list
                0x0000000000006f6c                alt_max_fd
 .sdata         0x0000000000006f70        0x4 ../Timer_bsp/\libhal_bsp.a(alt_errno.o)
                0x0000000000006f70                alt_errno
 .sdata         0x0000000000006f74        0x8 ../Timer_bsp/\libhal_bsp.a(alt_tick.o)
                0x0000000000006f74                alt_alarm_list
 .sdata         0x0000000000006f7c        0x8 c:/altera/14.1/nios2eds/bin/gnu/h-x86_64-mingw32/bin/../lib/gcc/nios2-elf/4.8.3/../../../../../H-x86_64-mingw32/nios2-elf/lib\libc.a(lib_a-impure.o)
                0x0000000000006f7c                _global_impure_ptr
                0x0000000000006f80                _impure_ptr
 .sdata         0x0000000000006f84        0x8 c:/altera/14.1/nios2eds/bin/gnu/h-x86_64-mingw32/bin/../lib/gcc/nios2-elf/4.8.3/../../../../../H-x86_64-mingw32/nios2-elf/lib\libc.a(lib_a-mallocr.o)
                0x0000000000006f84                __malloc_sbrk_base
                0x0000000000006f88                __malloc_trim_threshold
 .sdata         0x0000000000006f8c        0x4 ../Timer_bsp/\libhal_bsp.a(alt_sbrk.o)
 *(.sdata2 .sdata2.* .gnu.linkonce.s2.*)
                0x0000000000006f90                . = ALIGN (0x4)
                0x0000000000006f90                _edata = ABSOLUTE (.)
                0x0000000000006f90                PROVIDE (edata, ABSOLUTE (.))
                0x0000000000006f90                PROVIDE (__ram_rwdata_end, ABSOLUTE (.))
                0x0000000000006f90                PROVIDE (__flash_rwdata_start, LOADADDR (.rwdata))

.bss            0x00000000000089fc      0x15c
                0x00000000000089fc                __bss_start = ABSOLUTE (.)
                0x00000000000089fc                PROVIDE (__sbss_start, ABSOLUTE (.))
                0x00000000000089fc                PROVIDE (___sbss_start, ABSOLUTE (.))
 *(.dynsbss)
 *(.sbss .sbss.* .gnu.linkonce.sb.*)
 .sbss          0x00000000000089fc        0x4 obj/default/alt_timer.o
                0x00000000000089fc                count
 .sbss          0x0000000000008a00        0x8 obj/default/hello_world.o
                0x0000000000008a00                edge_capture
                0x0000000000008a04                response_time
 .sbss          0x0000000000008a08        0x4 ../Timer_bsp/\libhal_bsp.a(alt_irq_vars.o)
                0x0000000000008a08                alt_irq_active
 .sbss          0x0000000000008a0c        0xc ../Timer_bsp/\libhal_bsp.a(alt_main.o)
                0x0000000000008a0c                alt_argc
                0x0000000000008a10                alt_argv
                0x0000000000008a14                alt_envp
 .sbss          0x0000000000008a18        0x8 ../Timer_bsp/\libhal_bsp.a(alt_tick.o)
                0x0000000000008a18                _alt_tick_rate
                0x0000000000008a1c                _alt_nticks
 .sbss          0x0000000000008a20        0x4 c:/altera/14.1/nios2eds/bin/gnu/h-x86_64-mingw32/bin/../lib/gcc/nios2-elf/4.8.3/../../../../../H-x86_64-mingw32/nios2-elf/lib\libc.a(lib_a-int_errno.o)
                0x0000000000008a20                errno
 .sbss          0x0000000000008a24        0xc c:/altera/14.1/nios2eds/bin/gnu/h-x86_64-mingw32/bin/../lib/gcc/nios2-elf/4.8.3/../../../../../H-x86_64-mingw32/nios2-elf/lib\libc.a(lib_a-mallocr.o)
                0x0000000000008a24                __malloc_max_total_mem
                0x0000000000008a28                __malloc_max_sbrked_mem
                0x0000000000008a2c                __malloc_top_pad
 *(.sbss2 .sbss2.* .gnu.linkonce.sb2.*)
 *(.scommon)
                0x0000000000008a30                PROVIDE (__sbss_end, ABSOLUTE (.))
                0x0000000000008a30                PROVIDE (___sbss_end, ABSOLUTE (.))
 *(.dynbss)
 *(.bss .bss.* .gnu.linkonce.b.*)
 .bss           0x0000000000008a30        0x0 ../Timer_bsp//obj/HAL/src/crt0.o
 .bss           0x0000000000008a30        0x0 obj/default/alt_timer.o
 .bss           0x0000000000008a30        0x0 obj/default/hello_world.o
 .bss           0x0000000000008a30        0x0 obj/default/leds.o
 .bss           0x0000000000008a30        0x0 obj/default/timer.o
 .bss           0x0000000000008a30        0x0 ../Timer_bsp/\libhal_bsp.a(alt_iic.o)
 .bss           0x0000000000008a30        0x0 ../Timer_bsp/\libhal_bsp.a(alt_iic_isr_register.o)
 .bss           0x0000000000008a30        0x0 ../Timer_bsp/\libhal_bsp.a(alt_irq_entry.o)
 .bss           0x0000000000008a30        0x0 ../Timer_bsp/\libhal_bsp.a(alt_irq_handler.o)
 .bss           0x0000000000008a30        0x0 ../Timer_bsp/\libhal_bsp.a(alt_irq_vars.o)
 .bss           0x0000000000008a30        0x0 ../Timer_bsp/\libhal_bsp.a(alt_load.o)
 .bss           0x0000000000008a30        0x0 ../Timer_bsp/\libhal_bsp.a(alt_main.o)
 .bss           0x0000000000008a30        0x0 ../Timer_bsp/\libhal_bsp.a(alt_printf.o)
 .bss           0x0000000000008a30        0x0 ../Timer_bsp/\libhal_bsp.a(alt_putchar.o)
 .bss           0x0000000000008a30        0x0 ../Timer_bsp/\libhal_bsp.a(alt_usleep.o)
 .bss           0x0000000000008a30        0x0 ../Timer_bsp/\libhal_bsp.a(alt_sys_init.o)
 .bss           0x0000000000008a30        0x0 ../Timer_bsp/\libhal_bsp.a(altera_avalon_jtag_uart_fd.o)
 .bss           0x0000000000008a30        0x0 ../Timer_bsp/\libhal_bsp.a(altera_avalon_jtag_uart_init.o)
 .bss           0x0000000000008a30        0x0 ../Timer_bsp/\libhal_bsp.a(altera_avalon_jtag_uart_ioctl.o)
 .bss           0x0000000000008a30        0x0 ../Timer_bsp/\libhal_bsp.a(altera_avalon_jtag_uart_read.o)
 .bss           0x0000000000008a30        0x0 ../Timer_bsp/\libhal_bsp.a(altera_avalon_jtag_uart_write.o)
 .bss           0x0000000000008a30        0x0 ../Timer_bsp/\libhal_bsp.a(alt_alarm_start.o)
 .bss           0x0000000000008a30        0x0 ../Timer_bsp/\libhal_bsp.a(alt_busy_sleep.o)
 .bss           0x0000000000008a30        0x0 ../Timer_bsp/\libhal_bsp.a(alt_close.o)
 .bss           0x0000000000008a30        0x0 ../Timer_bsp/\libhal_bsp.a(alt_dcache_flush_all.o)
 .bss           0x0000000000008a30        0x0 ../Timer_bsp/\libhal_bsp.a(alt_dev.o)
 .bss           0x0000000000008a30        0x0 ../Timer_bsp/\libhal_bsp.a(alt_dev_llist_insert.o)
 .bss           0x0000000000008a30        0x0 ../Timer_bsp/\libhal_bsp.a(alt_do_ctors.o)
 .bss           0x0000000000008a30        0x0 ../Timer_bsp/\libhal_bsp.a(alt_do_dtors.o)
 .bss           0x0000000000008a30        0x0 ../Timer_bsp/\libhal_bsp.a(alt_errno.o)
 .bss           0x0000000000008a30        0x0 ../Timer_bsp/\libhal_bsp.a(alt_exception_entry.o)
 .bss           0x0000000000008a30        0x0 ../Timer_bsp/\libhal_bsp.a(alt_icache_flush_all.o)
 .bss           0x0000000000008a30        0x0 ../Timer_bsp/\libhal_bsp.a(alt_io_redirect.o)
 .bss           0x0000000000008a30        0x0 ../Timer_bsp/\libhal_bsp.a(alt_open.o)
 .bss           0x0000000000008a30        0x0 ../Timer_bsp/\libhal_bsp.a(alt_release_fd.o)
 .bss           0x0000000000008a30        0x0 ../Timer_bsp/\libhal_bsp.a(alt_tick.o)
 .bss           0x0000000000008a30        0x0 ../Timer_bsp/\libhal_bsp.a(altera_nios2_qsys_irq.o)
 .bss           0x0000000000008a30        0x0 ../Timer_bsp/\libhal_bsp.a(alt_find_dev.o)
 .bss           0x0000000000008a30        0x0 ../Timer_bsp/\libhal_bsp.a(alt_find_file.o)
 .bss           0x0000000000008a30        0x0 ../Timer_bsp/\libhal_bsp.a(alt_get_fd.o)
 .bss           0x0000000000008a30        0x0 ../Timer_bsp/\libhal_bsp.a(alt_icache_flush.o)
 .bss           0x0000000000008a30        0x0 c:/altera/14.1/nios2eds/bin/gnu/h-x86_64-mingw32/bin/../lib/gcc/nios2-elf/4.8.3/../../../../../H-x86_64-mingw32/nios2-elf/lib\libc.a(lib_a-atexit.o)
 .bss           0x0000000000008a30        0x0 c:/altera/14.1/nios2eds/bin/gnu/h-x86_64-mingw32/bin/../lib/gcc/nios2-elf/4.8.3/../../../../../H-x86_64-mingw32/nios2-elf/lib\libc.a(lib_a-exit.o)
 .bss           0x0000000000008a30        0x0 c:/altera/14.1/nios2eds/bin/gnu/h-x86_64-mingw32/bin/../lib/gcc/nios2-elf/4.8.3/../../../../../H-x86_64-mingw32/nios2-elf/lib\libc.a(lib_a-impure.o)
 .bss           0x0000000000008a30        0x0 c:/altera/14.1/nios2eds/bin/gnu/h-x86_64-mingw32/bin/../lib/gcc/nios2-elf/4.8.3/../../../../../H-x86_64-mingw32/nios2-elf/lib\libc.a(lib_a-int_errno.o)
 .bss           0x0000000000008a30        0x0 c:/altera/14.1/nios2eds/bin/gnu/h-x86_64-mingw32/bin/../lib/gcc/nios2-elf/4.8.3/../../../../../H-x86_64-mingw32/nios2-elf/lib\libc.a(lib_a-memcmp.o)
 .bss           0x0000000000008a30        0x0 c:/altera/14.1/nios2eds/bin/gnu/h-x86_64-mingw32/bin/../lib/gcc/nios2-elf/4.8.3/../../../../../H-x86_64-mingw32/nios2-elf/lib\libc.a(lib_a-memcpy.o)
 .bss           0x0000000000008a30        0x0 c:/altera/14.1/nios2eds/bin/gnu/h-x86_64-mingw32/bin/../lib/gcc/nios2-elf/4.8.3/../../../../../H-x86_64-mingw32/nios2-elf/lib\libc.a(lib_a-putc.o)
 .bss           0x0000000000008a30        0x0 c:/altera/14.1/nios2eds/bin/gnu/h-x86_64-mingw32/bin/../lib/gcc/nios2-elf/4.8.3/../../../../../H-x86_64-mingw32/nios2-elf/lib\libc.a(lib_a-strlen.o)
 .bss           0x0000000000008a30        0x0 c:/altera/14.1/nios2eds/bin/gnu/h-x86_64-mingw32/bin/../lib/gcc/nios2-elf/4.8.3/../../../../../H-x86_64-mingw32/nios2-elf/lib\libc.a(lib_a-wbuf.o)
 .bss           0x0000000000008a30        0x0 c:/altera/14.1/nios2eds/bin/gnu/h-x86_64-mingw32/bin/../lib/gcc/nios2-elf/4.8.3/../../../../../H-x86_64-mingw32/nios2-elf/lib\libc.a(lib_a-wsetup.o)
 .bss           0x0000000000008a30        0x0 c:/altera/14.1/nios2eds/bin/gnu/h-x86_64-mingw32/bin/../lib/gcc/nios2-elf/4.8.3/../../../../../H-x86_64-mingw32/nios2-elf/lib\libc.a(lib_a-__atexit.o)
 .bss           0x0000000000008a30        0x0 c:/altera/14.1/nios2eds/bin/gnu/h-x86_64-mingw32/bin/../lib/gcc/nios2-elf/4.8.3/../../../../../H-x86_64-mingw32/nios2-elf/lib\libc.a(lib_a-__call_atexit.o)
 .bss           0x0000000000008a30        0x0 c:/altera/14.1/nios2eds/bin/gnu/h-x86_64-mingw32/bin/../lib/gcc/nios2-elf/4.8.3/../../../../../H-x86_64-mingw32/nios2-elf/lib\libc.a(lib_a-fflush.o)
 .bss           0x0000000000008a30        0x0 c:/altera/14.1/nios2eds/bin/gnu/h-x86_64-mingw32/bin/../lib/gcc/nios2-elf/4.8.3/../../../../../H-x86_64-mingw32/nios2-elf/lib\libc.a(lib_a-findfp.o)
 .bss           0x0000000000008a30        0x0 c:/altera/14.1/nios2eds/bin/gnu/h-x86_64-mingw32/bin/../lib/gcc/nios2-elf/4.8.3/../../../../../H-x86_64-mingw32/nios2-elf/lib\libc.a(lib_a-freer.o)
 .bss           0x0000000000008a30        0x0 c:/altera/14.1/nios2eds/bin/gnu/h-x86_64-mingw32/bin/../lib/gcc/nios2-elf/4.8.3/../../../../../H-x86_64-mingw32/nios2-elf/lib\libc.a(lib_a-fwalk.o)
 .bss           0x0000000000008a30        0x0 c:/altera/14.1/nios2eds/bin/gnu/h-x86_64-mingw32/bin/../lib/gcc/nios2-elf/4.8.3/../../../../../H-x86_64-mingw32/nios2-elf/lib\libc.a(lib_a-makebuf.o)
 .bss           0x0000000000008a30       0x28 c:/altera/14.1/nios2eds/bin/gnu/h-x86_64-mingw32/bin/../lib/gcc/nios2-elf/4.8.3/../../../../../H-x86_64-mingw32/nios2-elf/lib\libc.a(lib_a-mallocr.o)
                0x0000000000008a30                __malloc_current_mallinfo
 .bss           0x0000000000008a58        0x0 c:/altera/14.1/nios2eds/bin/gnu/h-x86_64-mingw32/bin/../lib/gcc/nios2-elf/4.8.3/../../../../../H-x86_64-mingw32/nios2-elf/lib\libc.a(lib_a-memset.o)
 .bss           0x0000000000008a58        0x0 c:/altera/14.1/nios2eds/bin/gnu/h-x86_64-mingw32/bin/../lib/gcc/nios2-elf/4.8.3/../../../../../H-x86_64-mingw32/nios2-elf/lib\libc.a(lib_a-sbrkr.o)
 .bss           0x0000000000008a58        0x0 c:/altera/14.1/nios2eds/bin/gnu/h-x86_64-mingw32/bin/../lib/gcc/nios2-elf/4.8.3/../../../../../H-x86_64-mingw32/nios2-elf/lib\libc.a(lib_a-stdio.o)
 .bss           0x0000000000008a58        0x0 c:/altera/14.1/nios2eds/bin/gnu/h-x86_64-mingw32/bin/../lib/gcc/nios2-elf/4.8.3/../../../../../H-x86_64-mingw32/nios2-elf/lib\libc.a(lib_a-writer.o)
 .bss           0x0000000000008a58        0x0 c:/altera/14.1/nios2eds/bin/gnu/h-x86_64-mingw32/bin/../lib/gcc/nios2-elf/4.8.3/../../../../../H-x86_64-mingw32/nios2-elf/lib\libc.a(closer.o)
 .bss           0x0000000000008a58        0x0 c:/altera/14.1/nios2eds/bin/gnu/h-x86_64-mingw32/bin/../lib/gcc/nios2-elf/4.8.3/../../../../../H-x86_64-mingw32/nios2-elf/lib\libc.a(lib_a-fclose.o)
 .bss           0x0000000000008a58        0x0 c:/altera/14.1/nios2eds/bin/gnu/h-x86_64-mingw32/bin/../lib/gcc/nios2-elf/4.8.3/../../../../../H-x86_64-mingw32/nios2-elf/lib\libc.a(lib_a-fstatr.o)
 .bss           0x0000000000008a58        0x0 c:/altera/14.1/nios2eds/bin/gnu/h-x86_64-mingw32/bin/../lib/gcc/nios2-elf/4.8.3/../../../../../H-x86_64-mingw32/nios2-elf/lib\libc.a(lib_a-isattyr.o)
 .bss           0x0000000000008a58        0x0 c:/altera/14.1/nios2eds/bin/gnu/h-x86_64-mingw32/bin/../lib/gcc/nios2-elf/4.8.3/../../../../../H-x86_64-mingw32/nios2-elf/lib\libc.a(lib_a-lseekr.o)
 .bss           0x0000000000008a58        0x0 c:/altera/14.1/nios2eds/bin/gnu/h-x86_64-mingw32/bin/../lib/gcc/nios2-elf/4.8.3/../../../../../H-x86_64-mingw32/nios2-elf/lib\libc.a(lib_a-readr.o)
 .bss           0x0000000000008a58        0x0 c:/altera/14.1/nios2eds/bin/gnu/h-x86_64-mingw32/bin/../lib/gcc/nios2-elf/4.8.3\libgcc.a(lib2-divmod.o)
 .bss           0x0000000000008a58        0x0 ../Timer_bsp/\libhal_bsp.a(alt_exit.o)
 .bss           0x0000000000008a58        0x0 ../Timer_bsp/\libhal_bsp.a(alt_fstat.o)
 .bss           0x0000000000008a58        0x0 ../Timer_bsp/\libhal_bsp.a(alt_isatty.o)
 .bss           0x0000000000008a58        0x0 ../Timer_bsp/\libhal_bsp.a(alt_lseek.o)
 .bss           0x0000000000008a58        0x0 ../Timer_bsp/\libhal_bsp.a(alt_malloc_lock.o)
 .bss           0x0000000000008a58        0x0 ../Timer_bsp/\libhal_bsp.a(alt_read.o)
 .bss           0x0000000000008a58        0x0 ../Timer_bsp/\libhal_bsp.a(alt_sbrk.o)
 .bss           0x0000000000008a58        0x0 ../Timer_bsp/\libhal_bsp.a(alt_write.o)
 *(COMMON)
 COMMON         0x0000000000008a58      0x100 ../Timer_bsp/\libhal_bsp.a(alt_irq_handler.o)
                0x0000000000008a58                alt_irq
                0x0000000000008b58                . = ALIGN (0x4)
                0x0000000000008b58                __bss_end = ABSOLUTE (.)

.sdram          0x0000000000008b58        0x0
                0x0000000000008b58                PROVIDE (_alt_partition_sdram_start, ABSOLUTE (.))
 *(.sdram .sdram. sdram.*)
                0x0000000000008b58                . = ALIGN (0x4)
                0x0000000000008b58                PROVIDE (_alt_partition_sdram_end, ABSOLUTE (.))
                0x0000000000008b58                _end = ABSOLUTE (.)
                0x0000000000008b58                end = ABSOLUTE (.)
                0x0000000000008b58                __alt_stack_base = ABSOLUTE (.)
                0x0000000000008b58                PROVIDE (_alt_partition_sdram_load_addr, LOADADDR (.sdram))

.onchip_memory2_0
                0x0000000002004000        0x0 load address 0x0000000000008b58
                0x0000000002004000                PROVIDE (_alt_partition_onchip_memory2_0_start, ABSOLUTE (.))
 *(.onchip_memory2_0 .onchip_memory2_0. onchip_memory2_0.*)
                0x0000000002004000                . = ALIGN (0x4)
                0x0000000002004000                PROVIDE (_alt_partition_onchip_memory2_0_end, ABSOLUTE (.))
                0x0000000000008b58                PROVIDE (_alt_partition_onchip_memory2_0_load_addr, LOADADDR (.onchip_memory2_0))

.stab
 *(.stab)

.stabstr
 *(.stabstr)

.stab.excl
 *(.stab.excl)

.stab.exclstr
 *(.stab.exclstr)

.stab.index
 *(.stab.index)

.stab.indexstr
 *(.stab.indexstr)

.comment        0x0000000000000000       0x39
 *(.comment)
 .comment       0x0000000000000000       0x39 obj/default/alt_timer.o
                                         0x3a (size before relaxing)
 .comment       0x0000000000000000       0x3a obj/default/hello_world.o
 .comment       0x0000000000000000       0x3a obj/default/leds.o
 .comment       0x0000000000000000       0x3a obj/default/timer.o
 .comment       0x0000000000000000       0x3a ../Timer_bsp/\libhal_bsp.a(alt_iic.o)
 .comment       0x0000000000000000       0x3a ../Timer_bsp/\libhal_bsp.a(alt_iic_isr_register.o)
 .comment       0x0000000000000000       0x3a ../Timer_bsp/\libhal_bsp.a(alt_irq_handler.o)
 .comment       0x0000000000000000       0x3a ../Timer_bsp/\libhal_bsp.a(alt_irq_vars.o)
 .comment       0x0000000000000000       0x3a ../Timer_bsp/\libhal_bsp.a(alt_load.o)
 .comment       0x0000000000000000       0x3a ../Timer_bsp/\libhal_bsp.a(alt_main.o)
 .comment       0x0000000000000000       0x3a ../Timer_bsp/\libhal_bsp.a(alt_printf.o)
 .comment       0x0000000000000000       0x3a ../Timer_bsp/\libhal_bsp.a(alt_putchar.o)
 .comment       0x0000000000000000       0x3a ../Timer_bsp/\libhal_bsp.a(alt_usleep.o)
 .comment       0x0000000000000000       0x3a ../Timer_bsp/\libhal_bsp.a(alt_sys_init.o)
 .comment       0x0000000000000000       0x3a ../Timer_bsp/\libhal_bsp.a(altera_avalon_jtag_uart_fd.o)
 .comment       0x0000000000000000       0x3a ../Timer_bsp/\libhal_bsp.a(altera_avalon_jtag_uart_init.o)
 .comment       0x0000000000000000       0x3a ../Timer_bsp/\libhal_bsp.a(altera_avalon_jtag_uart_ioctl.o)
 .comment       0x0000000000000000       0x3a ../Timer_bsp/\libhal_bsp.a(altera_avalon_jtag_uart_read.o)
 .comment       0x0000000000000000       0x3a ../Timer_bsp/\libhal_bsp.a(altera_avalon_jtag_uart_write.o)
 .comment       0x0000000000000000       0x3a ../Timer_bsp/\libhal_bsp.a(alt_alarm_start.o)
 .comment       0x0000000000000000       0x3a ../Timer_bsp/\libhal_bsp.a(alt_busy_sleep.o)
 .comment       0x0000000000000000       0x3a ../Timer_bsp/\libhal_bsp.a(alt_close.o)
 .comment       0x0000000000000000       0x3a ../Timer_bsp/\libhal_bsp.a(alt_dcache_flush_all.o)
 .comment       0x0000000000000000       0x3a ../Timer_bsp/\libhal_bsp.a(alt_dev.o)
 .comment       0x0000000000000000       0x3a ../Timer_bsp/\libhal_bsp.a(alt_dev_llist_insert.o)
 .comment       0x0000000000000000       0x3a ../Timer_bsp/\libhal_bsp.a(alt_do_ctors.o)
 .comment       0x0000000000000000       0x3a ../Timer_bsp/\libhal_bsp.a(alt_do_dtors.o)
 .comment       0x0000000000000000       0x3a ../Timer_bsp/\libhal_bsp.a(alt_errno.o)
 .comment       0x0000000000000000       0x3a ../Timer_bsp/\libhal_bsp.a(alt_icache_flush_all.o)
 .comment       0x0000000000000000       0x3a ../Timer_bsp/\libhal_bsp.a(alt_io_redirect.o)
 .comment       0x0000000000000000       0x3a ../Timer_bsp/\libhal_bsp.a(alt_open.o)
 .comment       0x0000000000000000       0x3a ../Timer_bsp/\libhal_bsp.a(alt_release_fd.o)
 .comment       0x0000000000000000       0x3a ../Timer_bsp/\libhal_bsp.a(alt_tick.o)
 .comment       0x0000000000000000       0x3a ../Timer_bsp/\libhal_bsp.a(altera_nios2_qsys_irq.o)
 .comment       0x0000000000000000       0x3a ../Timer_bsp/\libhal_bsp.a(alt_find_dev.o)
 .comment       0x0000000000000000       0x3a ../Timer_bsp/\libhal_bsp.a(alt_find_file.o)
 .comment       0x0000000000000000       0x3a ../Timer_bsp/\libhal_bsp.a(alt_get_fd.o)
 .comment       0x0000000000000000       0x3a ../Timer_bsp/\libhal_bsp.a(alt_icache_flush.o)
 .comment       0x0000000000000000       0x3a c:/altera/14.1/nios2eds/bin/gnu/h-x86_64-mingw32/bin/../lib/gcc/nios2-elf/4.8.3/../../../../../H-x86_64-mingw32/nios2-elf/lib\libc.a(lib_a-atexit.o)
 .comment       0x0000000000000000       0x3a c:/altera/14.1/nios2eds/bin/gnu/h-x86_64-mingw32/bin/../lib/gcc/nios2-elf/4.8.3/../../../../../H-x86_64-mingw32/nios2-elf/lib\libc.a(lib_a-exit.o)
 .comment       0x0000000000000000       0x3a c:/altera/14.1/nios2eds/bin/gnu/h-x86_64-mingw32/bin/../lib/gcc/nios2-elf/4.8.3/../../../../../H-x86_64-mingw32/nios2-elf/lib\libc.a(lib_a-impure.o)
 .comment       0x0000000000000000       0x3a c:/altera/14.1/nios2eds/bin/gnu/h-x86_64-mingw32/bin/../lib/gcc/nios2-elf/4.8.3/../../../../../H-x86_64-mingw32/nios2-elf/lib\libc.a(lib_a-int_errno.o)
 .comment       0x0000000000000000       0x3a c:/altera/14.1/nios2eds/bin/gnu/h-x86_64-mingw32/bin/../lib/gcc/nios2-elf/4.8.3/../../../../../H-x86_64-mingw32/nios2-elf/lib\libc.a(lib_a-memcmp.o)
 .comment       0x0000000000000000       0x3a c:/altera/14.1/nios2eds/bin/gnu/h-x86_64-mingw32/bin/../lib/gcc/nios2-elf/4.8.3/../../../../../H-x86_64-mingw32/nios2-elf/lib\libc.a(lib_a-memcpy.o)
 .comment       0x0000000000000000       0x3a c:/altera/14.1/nios2eds/bin/gnu/h-x86_64-mingw32/bin/../lib/gcc/nios2-elf/4.8.3/../../../../../H-x86_64-mingw32/nios2-elf/lib\libc.a(lib_a-putc.o)
 .comment       0x0000000000000000       0x3a c:/altera/14.1/nios2eds/bin/gnu/h-x86_64-mingw32/bin/../lib/gcc/nios2-elf/4.8.3/../../../../../H-x86_64-mingw32/nios2-elf/lib\libc.a(lib_a-strlen.o)
 .comment       0x0000000000000000       0x3a c:/altera/14.1/nios2eds/bin/gnu/h-x86_64-mingw32/bin/../lib/gcc/nios2-elf/4.8.3/../../../../../H-x86_64-mingw32/nios2-elf/lib\libc.a(lib_a-wbuf.o)
 .comment       0x0000000000000000       0x3a c:/altera/14.1/nios2eds/bin/gnu/h-x86_64-mingw32/bin/../lib/gcc/nios2-elf/4.8.3/../../../../../H-x86_64-mingw32/nios2-elf/lib\libc.a(lib_a-wsetup.o)
 .comment       0x0000000000000000       0x3a c:/altera/14.1/nios2eds/bin/gnu/h-x86_64-mingw32/bin/../lib/gcc/nios2-elf/4.8.3/../../../../../H-x86_64-mingw32/nios2-elf/lib\libc.a(lib_a-__atexit.o)
 .comment       0x0000000000000000       0x3a c:/altera/14.1/nios2eds/bin/gnu/h-x86_64-mingw32/bin/../lib/gcc/nios2-elf/4.8.3/../../../../../H-x86_64-mingw32/nios2-elf/lib\libc.a(lib_a-__call_atexit.o)
 .comment       0x0000000000000000       0x3a c:/altera/14.1/nios2eds/bin/gnu/h-x86_64-mingw32/bin/../lib/gcc/nios2-elf/4.8.3/../../../../../H-x86_64-mingw32/nios2-elf/lib\libc.a(lib_a-fflush.o)
 .comment       0x0000000000000000       0x3a c:/altera/14.1/nios2eds/bin/gnu/h-x86_64-mingw32/bin/../lib/gcc/nios2-elf/4.8.3/../../../../../H-x86_64-mingw32/nios2-elf/lib\libc.a(lib_a-findfp.o)
 .comment       0x0000000000000000       0x3a c:/altera/14.1/nios2eds/bin/gnu/h-x86_64-mingw32/bin/../lib/gcc/nios2-elf/4.8.3/../../../../../H-x86_64-mingw32/nios2-elf/lib\libc.a(lib_a-freer.o)
 .comment       0x0000000000000000       0x3a c:/altera/14.1/nios2eds/bin/gnu/h-x86_64-mingw32/bin/../lib/gcc/nios2-elf/4.8.3/../../../../../H-x86_64-mingw32/nios2-elf/lib\libc.a(lib_a-fwalk.o)
 .comment       0x0000000000000000       0x3a c:/altera/14.1/nios2eds/bin/gnu/h-x86_64-mingw32/bin/../lib/gcc/nios2-elf/4.8.3/../../../../../H-x86_64-mingw32/nios2-elf/lib\libc.a(lib_a-makebuf.o)
 .comment       0x0000000000000000       0x3a c:/altera/14.1/nios2eds/bin/gnu/h-x86_64-mingw32/bin/../lib/gcc/nios2-elf/4.8.3/../../../../../H-x86_64-mingw32/nios2-elf/lib\libc.a(lib_a-mallocr.o)
 .comment       0x0000000000000000       0x3a c:/altera/14.1/nios2eds/bin/gnu/h-x86_64-mingw32/bin/../lib/gcc/nios2-elf/4.8.3/../../../../../H-x86_64-mingw32/nios2-elf/lib\libc.a(lib_a-memset.o)
 .comment       0x0000000000000000       0x3a c:/altera/14.1/nios2eds/bin/gnu/h-x86_64-mingw32/bin/../lib/gcc/nios2-elf/4.8.3/../../../../../H-x86_64-mingw32/nios2-elf/lib\libc.a(lib_a-sbrkr.o)
 .comment       0x0000000000000000       0x3a c:/altera/14.1/nios2eds/bin/gnu/h-x86_64-mingw32/bin/../lib/gcc/nios2-elf/4.8.3/../../../../../H-x86_64-mingw32/nios2-elf/lib\libc.a(lib_a-stdio.o)
 .comment       0x0000000000000000       0x3a c:/altera/14.1/nios2eds/bin/gnu/h-x86_64-mingw32/bin/../lib/gcc/nios2-elf/4.8.3/../../../../../H-x86_64-mingw32/nios2-elf/lib\libc.a(lib_a-writer.o)
 .comment       0x0000000000000000       0x3a c:/altera/14.1/nios2eds/bin/gnu/h-x86_64-mingw32/bin/../lib/gcc/nios2-elf/4.8.3/../../../../../H-x86_64-mingw32/nios2-elf/lib\libc.a(closer.o)
 .comment       0x0000000000000000       0x3a c:/altera/14.1/nios2eds/bin/gnu/h-x86_64-mingw32/bin/../lib/gcc/nios2-elf/4.8.3/../../../../../H-x86_64-mingw32/nios2-elf/lib\libc.a(lib_a-fclose.o)
 .comment       0x0000000000000000       0x3a c:/altera/14.1/nios2eds/bin/gnu/h-x86_64-mingw32/bin/../lib/gcc/nios2-elf/4.8.3/../../../../../H-x86_64-mingw32/nios2-elf/lib\libc.a(lib_a-fstatr.o)
 .comment       0x0000000000000000       0x3a c:/altera/14.1/nios2eds/bin/gnu/h-x86_64-mingw32/bin/../lib/gcc/nios2-elf/4.8.3/../../../../../H-x86_64-mingw32/nios2-elf/lib\libc.a(lib_a-isattyr.o)
 .comment       0x0000000000000000       0x3a c:/altera/14.1/nios2eds/bin/gnu/h-x86_64-mingw32/bin/../lib/gcc/nios2-elf/4.8.3/../../../../../H-x86_64-mingw32/nios2-elf/lib\libc.a(lib_a-lseekr.o)
 .comment       0x0000000000000000       0x3a c:/altera/14.1/nios2eds/bin/gnu/h-x86_64-mingw32/bin/../lib/gcc/nios2-elf/4.8.3/../../../../../H-x86_64-mingw32/nios2-elf/lib\libc.a(lib_a-readr.o)
 .comment       0x0000000000000000       0x3a c:/altera/14.1/nios2eds/bin/gnu/h-x86_64-mingw32/bin/../lib/gcc/nios2-elf/4.8.3\libgcc.a(lib2-divmod.o)
 .comment       0x0000000000000000       0x3a ../Timer_bsp/\libhal_bsp.a(alt_exit.o)
 .comment       0x0000000000000000       0x3a ../Timer_bsp/\libhal_bsp.a(alt_fstat.o)
 .comment       0x0000000000000000       0x3a ../Timer_bsp/\libhal_bsp.a(alt_isatty.o)
 .comment       0x0000000000000000       0x3a ../Timer_bsp/\libhal_bsp.a(alt_lseek.o)
 .comment       0x0000000000000000       0x3a ../Timer_bsp/\libhal_bsp.a(alt_malloc_lock.o)
 .comment       0x0000000000000000       0x3a ../Timer_bsp/\libhal_bsp.a(alt_read.o)
 .comment       0x0000000000000000       0x3a ../Timer_bsp/\libhal_bsp.a(alt_sbrk.o)
 .comment       0x0000000000000000       0x3a ../Timer_bsp/\libhal_bsp.a(alt_write.o)

.debug
 *(.debug)

.line
 *(.line)

.debug_srcinfo
 *(.debug_srcinfo)

.debug_sfnames
 *(.debug_sfnames)

.debug_aranges  0x0000000000000000      0x9d0
 *(.debug_aranges)
 .debug_aranges
                0x0000000000000000       0x28 ../Timer_bsp//obj/HAL/src/crt0.o
 .debug_aranges
                0x0000000000000028       0x20 obj/default/alt_timer.o
 .debug_aranges
                0x0000000000000048       0x20 obj/default/hello_world.o
 .debug_aranges
                0x0000000000000068       0x20 obj/default/leds.o
 .debug_aranges
                0x0000000000000088       0x20 obj/default/timer.o
 .debug_aranges
                0x00000000000000a8       0x20 ../Timer_bsp/\libhal_bsp.a(alt_iic.o)
 .debug_aranges
                0x00000000000000c8       0x20 ../Timer_bsp/\libhal_bsp.a(alt_iic_isr_register.o)
 .debug_aranges
                0x00000000000000e8       0x30 ../Timer_bsp/\libhal_bsp.a(alt_irq_entry.o)
 .debug_aranges
                0x0000000000000118       0x20 ../Timer_bsp/\libhal_bsp.a(alt_irq_handler.o)
 .debug_aranges
                0x0000000000000138       0x18 ../Timer_bsp/\libhal_bsp.a(alt_irq_vars.o)
 .debug_aranges
                0x0000000000000150       0x20 ../Timer_bsp/\libhal_bsp.a(alt_load.o)
 .debug_aranges
                0x0000000000000170       0x20 ../Timer_bsp/\libhal_bsp.a(alt_main.o)
 .debug_aranges
                0x0000000000000190       0x20 ../Timer_bsp/\libhal_bsp.a(alt_printf.o)
 .debug_aranges
                0x00000000000001b0       0x20 ../Timer_bsp/\libhal_bsp.a(alt_putchar.o)
 .debug_aranges
                0x00000000000001d0       0x20 ../Timer_bsp/\libhal_bsp.a(alt_usleep.o)
 .debug_aranges
                0x00000000000001f0       0x20 ../Timer_bsp/\libhal_bsp.a(alt_sys_init.o)
 .debug_aranges
                0x0000000000000210       0x20 ../Timer_bsp/\libhal_bsp.a(altera_avalon_jtag_uart_fd.o)
 .debug_aranges
                0x0000000000000230       0x20 ../Timer_bsp/\libhal_bsp.a(altera_avalon_jtag_uart_init.o)
 .debug_aranges
                0x0000000000000250       0x20 ../Timer_bsp/\libhal_bsp.a(altera_avalon_jtag_uart_ioctl.o)
 .debug_aranges
                0x0000000000000270       0x20 ../Timer_bsp/\libhal_bsp.a(altera_avalon_jtag_uart_read.o)
 .debug_aranges
                0x0000000000000290       0x20 ../Timer_bsp/\libhal_bsp.a(altera_avalon_jtag_uart_write.o)
 .debug_aranges
                0x00000000000002b0       0x20 ../Timer_bsp/\libhal_bsp.a(alt_alarm_start.o)
 .debug_aranges
                0x00000000000002d0       0x20 ../Timer_bsp/\libhal_bsp.a(alt_busy_sleep.o)
 .debug_aranges
                0x00000000000002f0       0x20 ../Timer_bsp/\libhal_bsp.a(alt_close.o)
 .debug_aranges
                0x0000000000000310       0x20 ../Timer_bsp/\libhal_bsp.a(alt_dcache_flush_all.o)
 .debug_aranges
                0x0000000000000330       0x20 ../Timer_bsp/\libhal_bsp.a(alt_dev.o)
 .debug_aranges
                0x0000000000000350       0x20 ../Timer_bsp/\libhal_bsp.a(alt_dev_llist_insert.o)
 .debug_aranges
                0x0000000000000370       0x20 ../Timer_bsp/\libhal_bsp.a(alt_do_ctors.o)
 .debug_aranges
                0x0000000000000390       0x20 ../Timer_bsp/\libhal_bsp.a(alt_do_dtors.o)
 .debug_aranges
                0x00000000000003b0       0x18 ../Timer_bsp/\libhal_bsp.a(alt_errno.o)
 .debug_aranges
                0x00000000000003c8       0x38 ../Timer_bsp/\libhal_bsp.a(alt_exception_entry.o)
 .debug_aranges
                0x0000000000000400       0x20 ../Timer_bsp/\libhal_bsp.a(alt_icache_flush_all.o)
 .debug_aranges
                0x0000000000000420       0x20 ../Timer_bsp/\libhal_bsp.a(alt_io_redirect.o)
 .debug_aranges
                0x0000000000000440       0x20 ../Timer_bsp/\libhal_bsp.a(alt_open.o)
 .debug_aranges
                0x0000000000000460       0x20 ../Timer_bsp/\libhal_bsp.a(alt_release_fd.o)
 .debug_aranges
                0x0000000000000480       0x20 ../Timer_bsp/\libhal_bsp.a(alt_tick.o)
 .debug_aranges
                0x00000000000004a0       0x20 ../Timer_bsp/\libhal_bsp.a(altera_nios2_qsys_irq.o)
 .debug_aranges
                0x00000000000004c0       0x20 ../Timer_bsp/\libhal_bsp.a(alt_find_dev.o)
 .debug_aranges
                0x00000000000004e0       0x20 ../Timer_bsp/\libhal_bsp.a(alt_find_file.o)
 .debug_aranges
                0x0000000000000500       0x20 ../Timer_bsp/\libhal_bsp.a(alt_get_fd.o)
 .debug_aranges
                0x0000000000000520       0x20 ../Timer_bsp/\libhal_bsp.a(alt_icache_flush.o)
 .debug_aranges
                0x0000000000000540       0x20 c:/altera/14.1/nios2eds/bin/gnu/h-x86_64-mingw32/bin/../lib/gcc/nios2-elf/4.8.3/../../../../../H-x86_64-mingw32/nios2-elf/lib\libc.a(lib_a-atexit.o)
 .debug_aranges
                0x0000000000000560       0x20 c:/altera/14.1/nios2eds/bin/gnu/h-x86_64-mingw32/bin/../lib/gcc/nios2-elf/4.8.3/../../../../../H-x86_64-mingw32/nios2-elf/lib\libc.a(lib_a-exit.o)
 .debug_aranges
                0x0000000000000580       0x18 c:/altera/14.1/nios2eds/bin/gnu/h-x86_64-mingw32/bin/../lib/gcc/nios2-elf/4.8.3/../../../../../H-x86_64-mingw32/nios2-elf/lib\libc.a(lib_a-impure.o)
 .debug_aranges
                0x0000000000000598       0x18 c:/altera/14.1/nios2eds/bin/gnu/h-x86_64-mingw32/bin/../lib/gcc/nios2-elf/4.8.3/../../../../../H-x86_64-mingw32/nios2-elf/lib\libc.a(lib_a-int_errno.o)
 .debug_aranges
                0x00000000000005b0       0x20 c:/altera/14.1/nios2eds/bin/gnu/h-x86_64-mingw32/bin/../lib/gcc/nios2-elf/4.8.3/../../../../../H-x86_64-mingw32/nios2-elf/lib\libc.a(lib_a-memcmp.o)
 .debug_aranges
                0x00000000000005d0       0x20 c:/altera/14.1/nios2eds/bin/gnu/h-x86_64-mingw32/bin/../lib/gcc/nios2-elf/4.8.3/../../../../../H-x86_64-mingw32/nios2-elf/lib\libc.a(lib_a-memcpy.o)
 .debug_aranges
                0x00000000000005f0       0x20 c:/altera/14.1/nios2eds/bin/gnu/h-x86_64-mingw32/bin/../lib/gcc/nios2-elf/4.8.3/../../../../../H-x86_64-mingw32/nios2-elf/lib\libc.a(lib_a-putc.o)
 .debug_aranges
                0x0000000000000610       0x20 c:/altera/14.1/nios2eds/bin/gnu/h-x86_64-mingw32/bin/../lib/gcc/nios2-elf/4.8.3/../../../../../H-x86_64-mingw32/nios2-elf/lib\libc.a(lib_a-strlen.o)
 .debug_aranges
                0x0000000000000630       0x20 c:/altera/14.1/nios2eds/bin/gnu/h-x86_64-mingw32/bin/../lib/gcc/nios2-elf/4.8.3/../../../../../H-x86_64-mingw32/nios2-elf/lib\libc.a(lib_a-wbuf.o)
 .debug_aranges
                0x0000000000000650       0x20 c:/altera/14.1/nios2eds/bin/gnu/h-x86_64-mingw32/bin/../lib/gcc/nios2-elf/4.8.3/../../../../../H-x86_64-mingw32/nios2-elf/lib\libc.a(lib_a-wsetup.o)
 .debug_aranges
                0x0000000000000670       0x20 c:/altera/14.1/nios2eds/bin/gnu/h-x86_64-mingw32/bin/../lib/gcc/nios2-elf/4.8.3/../../../../../H-x86_64-mingw32/nios2-elf/lib\libc.a(lib_a-__atexit.o)
 .debug_aranges
                0x0000000000000690       0x20 c:/altera/14.1/nios2eds/bin/gnu/h-x86_64-mingw32/bin/../lib/gcc/nios2-elf/4.8.3/../../../../../H-x86_64-mingw32/nios2-elf/lib\libc.a(lib_a-__call_atexit.o)
 .debug_aranges
                0x00000000000006b0       0x20 c:/altera/14.1/nios2eds/bin/gnu/h-x86_64-mingw32/bin/../lib/gcc/nios2-elf/4.8.3/../../../../../H-x86_64-mingw32/nios2-elf/lib\libc.a(lib_a-fflush.o)
 .debug_aranges
                0x00000000000006d0       0x20 c:/altera/14.1/nios2eds/bin/gnu/h-x86_64-mingw32/bin/../lib/gcc/nios2-elf/4.8.3/../../../../../H-x86_64-mingw32/nios2-elf/lib\libc.a(lib_a-findfp.o)
 .debug_aranges
                0x00000000000006f0       0x20 c:/altera/14.1/nios2eds/bin/gnu/h-x86_64-mingw32/bin/../lib/gcc/nios2-elf/4.8.3/../../../../../H-x86_64-mingw32/nios2-elf/lib\libc.a(lib_a-freer.o)
 .debug_aranges
                0x0000000000000710       0x20 c:/altera/14.1/nios2eds/bin/gnu/h-x86_64-mingw32/bin/../lib/gcc/nios2-elf/4.8.3/../../../../../H-x86_64-mingw32/nios2-elf/lib\libc.a(lib_a-fwalk.o)
 .debug_aranges
                0x0000000000000730       0x20 c:/altera/14.1/nios2eds/bin/gnu/h-x86_64-mingw32/bin/../lib/gcc/nios2-elf/4.8.3/../../../../../H-x86_64-mingw32/nios2-elf/lib\libc.a(lib_a-makebuf.o)
 .debug_aranges
                0x0000000000000750       0x20 c:/altera/14.1/nios2eds/bin/gnu/h-x86_64-mingw32/bin/../lib/gcc/nios2-elf/4.8.3/../../../../../H-x86_64-mingw32/nios2-elf/lib\libc.a(lib_a-mallocr.o)
 .debug_aranges
                0x0000000000000770       0x20 c:/altera/14.1/nios2eds/bin/gnu/h-x86_64-mingw32/bin/../lib/gcc/nios2-elf/4.8.3/../../../../../H-x86_64-mingw32/nios2-elf/lib\libc.a(lib_a-memset.o)
 .debug_aranges
                0x0000000000000790       0x20 c:/altera/14.1/nios2eds/bin/gnu/h-x86_64-mingw32/bin/../lib/gcc/nios2-elf/4.8.3/../../../../../H-x86_64-mingw32/nios2-elf/lib\libc.a(lib_a-sbrkr.o)
 .debug_aranges
                0x00000000000007b0       0x20 c:/altera/14.1/nios2eds/bin/gnu/h-x86_64-mingw32/bin/../lib/gcc/nios2-elf/4.8.3/../../../../../H-x86_64-mingw32/nios2-elf/lib\libc.a(lib_a-stdio.o)
 .debug_aranges
                0x00000000000007d0       0x20 c:/altera/14.1/nios2eds/bin/gnu/h-x86_64-mingw32/bin/../lib/gcc/nios2-elf/4.8.3/../../../../../H-x86_64-mingw32/nios2-elf/lib\libc.a(lib_a-writer.o)
 .debug_aranges
                0x00000000000007f0       0x20 c:/altera/14.1/nios2eds/bin/gnu/h-x86_64-mingw32/bin/../lib/gcc/nios2-elf/4.8.3/../../../../../H-x86_64-mingw32/nios2-elf/lib\libc.a(closer.o)
 .debug_aranges
                0x0000000000000810       0x20 c:/altera/14.1/nios2eds/bin/gnu/h-x86_64-mingw32/bin/../lib/gcc/nios2-elf/4.8.3/../../../../../H-x86_64-mingw32/nios2-elf/lib\libc.a(lib_a-fclose.o)
 .debug_aranges
                0x0000000000000830       0x20 c:/altera/14.1/nios2eds/bin/gnu/h-x86_64-mingw32/bin/../lib/gcc/nios2-elf/4.8.3/../../../../../H-x86_64-mingw32/nios2-elf/lib\libc.a(lib_a-fstatr.o)
 .debug_aranges
                0x0000000000000850       0x20 c:/altera/14.1/nios2eds/bin/gnu/h-x86_64-mingw32/bin/../lib/gcc/nios2-elf/4.8.3/../../../../../H-x86_64-mingw32/nios2-elf/lib\libc.a(lib_a-isattyr.o)
 .debug_aranges
                0x0000000000000870       0x20 c:/altera/14.1/nios2eds/bin/gnu/h-x86_64-mingw32/bin/../lib/gcc/nios2-elf/4.8.3/../../../../../H-x86_64-mingw32/nios2-elf/lib\libc.a(lib_a-lseekr.o)
 .debug_aranges
                0x0000000000000890       0x20 c:/altera/14.1/nios2eds/bin/gnu/h-x86_64-mingw32/bin/../lib/gcc/nios2-elf/4.8.3/../../../../../H-x86_64-mingw32/nios2-elf/lib\libc.a(lib_a-readr.o)
 .debug_aranges
                0x00000000000008b0       0x20 c:/altera/14.1/nios2eds/bin/gnu/h-x86_64-mingw32/bin/../lib/gcc/nios2-elf/4.8.3\libgcc.a(lib2-divmod.o)
 .debug_aranges
                0x00000000000008d0       0x20 ../Timer_bsp/\libhal_bsp.a(alt_exit.o)
 .debug_aranges
                0x00000000000008f0       0x20 ../Timer_bsp/\libhal_bsp.a(alt_fstat.o)
 .debug_aranges
                0x0000000000000910       0x20 ../Timer_bsp/\libhal_bsp.a(alt_isatty.o)
 .debug_aranges
                0x0000000000000930       0x20 ../Timer_bsp/\libhal_bsp.a(alt_lseek.o)
 .debug_aranges
                0x0000000000000950       0x20 ../Timer_bsp/\libhal_bsp.a(alt_malloc_lock.o)
 .debug_aranges
                0x0000000000000970       0x20 ../Timer_bsp/\libhal_bsp.a(alt_read.o)
 .debug_aranges
                0x0000000000000990       0x20 ../Timer_bsp/\libhal_bsp.a(alt_sbrk.o)
 .debug_aranges
                0x00000000000009b0       0x20 ../Timer_bsp/\libhal_bsp.a(alt_write.o)

.debug_pubnames
 *(.debug_pubnames)

.debug_info     0x0000000000000000    0x15de0
 *(.debug_info .gnu.linkonce.wi.*)
 .debug_info    0x0000000000000000       0x76 ../Timer_bsp//obj/HAL/src/crt0.o
 .debug_info    0x0000000000000076      0x13d obj/default/alt_timer.o
 .debug_info    0x00000000000001b3      0x192 obj/default/hello_world.o
 .debug_info    0x0000000000000345      0x110 obj/default/leds.o
 .debug_info    0x0000000000000455      0x11a obj/default/timer.o
 .debug_info    0x000000000000056f      0x349 ../Timer_bsp/\libhal_bsp.a(alt_iic.o)
 .debug_info    0x00000000000008b8      0x1e8 ../Timer_bsp/\libhal_bsp.a(alt_iic_isr_register.o)
 .debug_info    0x0000000000000aa0       0x7f ../Timer_bsp/\libhal_bsp.a(alt_irq_entry.o)
 .debug_info    0x0000000000000b1f      0x180 ../Timer_bsp/\libhal_bsp.a(alt_irq_handler.o)
 .debug_info    0x0000000000000c9f       0x88 ../Timer_bsp/\libhal_bsp.a(alt_irq_vars.o)
 .debug_info    0x0000000000000d27      0x13e ../Timer_bsp/\libhal_bsp.a(alt_load.o)
 .debug_info    0x0000000000000e65      0x12a ../Timer_bsp/\libhal_bsp.a(alt_main.o)
 .debug_info    0x0000000000000f8f      0x119 ../Timer_bsp/\libhal_bsp.a(alt_printf.o)
 .debug_info    0x00000000000010a8      0x88f ../Timer_bsp/\libhal_bsp.a(alt_putchar.o)
 .debug_info    0x0000000000001937       0xa9 ../Timer_bsp/\libhal_bsp.a(alt_usleep.o)
 .debug_info    0x00000000000019e0      0x4d2 ../Timer_bsp/\libhal_bsp.a(alt_sys_init.o)
 .debug_info    0x0000000000001eb2      0x527 ../Timer_bsp/\libhal_bsp.a(altera_avalon_jtag_uart_fd.o)
 .debug_info    0x00000000000023d9      0x3a1 ../Timer_bsp/\libhal_bsp.a(altera_avalon_jtag_uart_init.o)
 .debug_info    0x000000000000277a      0x279 ../Timer_bsp/\libhal_bsp.a(altera_avalon_jtag_uart_ioctl.o)
 .debug_info    0x00000000000029f3      0x342 ../Timer_bsp/\libhal_bsp.a(altera_avalon_jtag_uart_read.o)
 .debug_info    0x0000000000002d35      0x339 ../Timer_bsp/\libhal_bsp.a(altera_avalon_jtag_uart_write.o)
 .debug_info    0x000000000000306e      0x2c5 ../Timer_bsp/\libhal_bsp.a(alt_alarm_start.o)
 .debug_info    0x0000000000003333       0xd0 ../Timer_bsp/\libhal_bsp.a(alt_busy_sleep.o)
 .debug_info    0x0000000000003403      0x31a ../Timer_bsp/\libhal_bsp.a(alt_close.o)
 .debug_info    0x000000000000371d       0x9e ../Timer_bsp/\libhal_bsp.a(alt_dcache_flush_all.o)
 .debug_info    0x00000000000037bb      0x495 ../Timer_bsp/\libhal_bsp.a(alt_dev.o)
 .debug_info    0x0000000000003c50      0x1a2 ../Timer_bsp/\libhal_bsp.a(alt_dev_llist_insert.o)
 .debug_info    0x0000000000003df2       0x83 ../Timer_bsp/\libhal_bsp.a(alt_do_ctors.o)
 .debug_info    0x0000000000003e75       0x83 ../Timer_bsp/\libhal_bsp.a(alt_do_dtors.o)
 .debug_info    0x0000000000003ef8       0x9f ../Timer_bsp/\libhal_bsp.a(alt_errno.o)
 .debug_info    0x0000000000003f97       0x85 ../Timer_bsp/\libhal_bsp.a(alt_exception_entry.o)
 .debug_info    0x000000000000401c       0x8b ../Timer_bsp/\libhal_bsp.a(alt_icache_flush_all.o)
 .debug_info    0x00000000000040a7      0x49e ../Timer_bsp/\libhal_bsp.a(alt_io_redirect.o)
 .debug_info    0x0000000000004545      0x3b4 ../Timer_bsp/\libhal_bsp.a(alt_open.o)
 .debug_info    0x00000000000048f9      0x2b0 ../Timer_bsp/\libhal_bsp.a(alt_release_fd.o)
 .debug_info    0x0000000000004ba9      0x292 ../Timer_bsp/\libhal_bsp.a(alt_tick.o)
 .debug_info    0x0000000000004e3b       0x8b ../Timer_bsp/\libhal_bsp.a(altera_nios2_qsys_irq.o)
 .debug_info    0x0000000000004ec6      0x2e2 ../Timer_bsp/\libhal_bsp.a(alt_find_dev.o)
 .debug_info    0x00000000000051a8      0x2df ../Timer_bsp/\libhal_bsp.a(alt_find_file.o)
 .debug_info    0x0000000000005487      0x309 ../Timer_bsp/\libhal_bsp.a(alt_get_fd.o)
 .debug_info    0x0000000000005790       0xd5 ../Timer_bsp/\libhal_bsp.a(alt_icache_flush.o)
 .debug_info    0x0000000000005865      0x10a c:/altera/14.1/nios2eds/bin/gnu/h-x86_64-mingw32/bin/../lib/gcc/nios2-elf/4.8.3/../../../../../H-x86_64-mingw32/nios2-elf/lib\libc.a(lib_a-atexit.o)
 .debug_info    0x000000000000596f      0x8df c:/altera/14.1/nios2eds/bin/gnu/h-x86_64-mingw32/bin/../lib/gcc/nios2-elf/4.8.3/../../../../../H-x86_64-mingw32/nios2-elf/lib\libc.a(lib_a-exit.o)
 .debug_info    0x000000000000624e      0x88f c:/altera/14.1/nios2eds/bin/gnu/h-x86_64-mingw32/bin/../lib/gcc/nios2-elf/4.8.3/../../../../../H-x86_64-mingw32/nios2-elf/lib\libc.a(lib_a-impure.o)
 .debug_info    0x0000000000006add       0x83 c:/altera/14.1/nios2eds/bin/gnu/h-x86_64-mingw32/bin/../lib/gcc/nios2-elf/4.8.3/../../../../../H-x86_64-mingw32/nios2-elf/lib\libc.a(lib_a-int_errno.o)
 .debug_info    0x0000000000006b60      0x113 c:/altera/14.1/nios2eds/bin/gnu/h-x86_64-mingw32/bin/../lib/gcc/nios2-elf/4.8.3/../../../../../H-x86_64-mingw32/nios2-elf/lib\libc.a(lib_a-memcmp.o)
 .debug_info    0x0000000000006c73      0x133 c:/altera/14.1/nios2eds/bin/gnu/h-x86_64-mingw32/bin/../lib/gcc/nios2-elf/4.8.3/../../../../../H-x86_64-mingw32/nios2-elf/lib\libc.a(lib_a-memcpy.o)
 .debug_info    0x0000000000006da6      0x977 c:/altera/14.1/nios2eds/bin/gnu/h-x86_64-mingw32/bin/../lib/gcc/nios2-elf/4.8.3/../../../../../H-x86_64-mingw32/nios2-elf/lib\libc.a(lib_a-putc.o)
 .debug_info    0x000000000000771d       0xdb c:/altera/14.1/nios2eds/bin/gnu/h-x86_64-mingw32/bin/../lib/gcc/nios2-elf/4.8.3/../../../../../H-x86_64-mingw32/nios2-elf/lib\libc.a(lib_a-strlen.o)
 .debug_info    0x00000000000077f8      0x9cc c:/altera/14.1/nios2eds/bin/gnu/h-x86_64-mingw32/bin/../lib/gcc/nios2-elf/4.8.3/../../../../../H-x86_64-mingw32/nios2-elf/lib\libc.a(lib_a-wbuf.o)
 .debug_info    0x00000000000081c4      0x91d c:/altera/14.1/nios2eds/bin/gnu/h-x86_64-mingw32/bin/../lib/gcc/nios2-elf/4.8.3/../../../../../H-x86_64-mingw32/nios2-elf/lib\libc.a(lib_a-wsetup.o)
 .debug_info    0x0000000000008ae1      0x93b c:/altera/14.1/nios2eds/bin/gnu/h-x86_64-mingw32/bin/../lib/gcc/nios2-elf/4.8.3/../../../../../H-x86_64-mingw32/nios2-elf/lib\libc.a(lib_a-__atexit.o)
 .debug_info    0x000000000000941c      0x949 c:/altera/14.1/nios2eds/bin/gnu/h-x86_64-mingw32/bin/../lib/gcc/nios2-elf/4.8.3/../../../../../H-x86_64-mingw32/nios2-elf/lib\libc.a(lib_a-__call_atexit.o)
 .debug_info    0x0000000000009d65      0xa3a c:/altera/14.1/nios2eds/bin/gnu/h-x86_64-mingw32/bin/../lib/gcc/nios2-elf/4.8.3/../../../../../H-x86_64-mingw32/nios2-elf/lib\libc.a(lib_a-fflush.o)
 .debug_info    0x000000000000a79f      0xd08 c:/altera/14.1/nios2eds/bin/gnu/h-x86_64-mingw32/bin/../lib/gcc/nios2-elf/4.8.3/../../../../../H-x86_64-mingw32/nios2-elf/lib\libc.a(lib_a-findfp.o)
 .debug_info    0x000000000000b4a7      0xc17 c:/altera/14.1/nios2eds/bin/gnu/h-x86_64-mingw32/bin/../lib/gcc/nios2-elf/4.8.3/../../../../../H-x86_64-mingw32/nios2-elf/lib\libc.a(lib_a-freer.o)
 .debug_info    0x000000000000c0be      0xab7 c:/altera/14.1/nios2eds/bin/gnu/h-x86_64-mingw32/bin/../lib/gcc/nios2-elf/4.8.3/../../../../../H-x86_64-mingw32/nios2-elf/lib\libc.a(lib_a-fwalk.o)
 .debug_info    0x000000000000cb75      0xaff c:/altera/14.1/nios2eds/bin/gnu/h-x86_64-mingw32/bin/../lib/gcc/nios2-elf/4.8.3/../../../../../H-x86_64-mingw32/nios2-elf/lib\libc.a(lib_a-makebuf.o)
 .debug_info    0x000000000000d674      0xd7c c:/altera/14.1/nios2eds/bin/gnu/h-x86_64-mingw32/bin/../lib/gcc/nios2-elf/4.8.3/../../../../../H-x86_64-mingw32/nios2-elf/lib\libc.a(lib_a-mallocr.o)
 .debug_info    0x000000000000e3f0      0x11a c:/altera/14.1/nios2eds/bin/gnu/h-x86_64-mingw32/bin/../lib/gcc/nios2-elf/4.8.3/../../../../../H-x86_64-mingw32/nios2-elf/lib\libc.a(lib_a-memset.o)
 .debug_info    0x000000000000e50a      0x8ef c:/altera/14.1/nios2eds/bin/gnu/h-x86_64-mingw32/bin/../lib/gcc/nios2-elf/4.8.3/../../../../../H-x86_64-mingw32/nios2-elf/lib\libc.a(lib_a-sbrkr.o)
 .debug_info    0x000000000000edf9      0xb83 c:/altera/14.1/nios2eds/bin/gnu/h-x86_64-mingw32/bin/../lib/gcc/nios2-elf/4.8.3/../../../../../H-x86_64-mingw32/nios2-elf/lib\libc.a(lib_a-stdio.o)
 .debug_info    0x000000000000f97c      0x921 c:/altera/14.1/nios2eds/bin/gnu/h-x86_64-mingw32/bin/../lib/gcc/nios2-elf/4.8.3/../../../../../H-x86_64-mingw32/nios2-elf/lib\libc.a(lib_a-writer.o)
 .debug_info    0x000000000001029d      0x8ce c:/altera/14.1/nios2eds/bin/gnu/h-x86_64-mingw32/bin/../lib/gcc/nios2-elf/4.8.3/../../../../../H-x86_64-mingw32/nios2-elf/lib\libc.a(closer.o)
 .debug_info    0x0000000000010b6b      0x9d5 c:/altera/14.1/nios2eds/bin/gnu/h-x86_64-mingw32/bin/../lib/gcc/nios2-elf/4.8.3/../../../../../H-x86_64-mingw32/nios2-elf/lib\libc.a(lib_a-fclose.o)
 .debug_info    0x0000000000011540      0xa5c c:/altera/14.1/nios2eds/bin/gnu/h-x86_64-mingw32/bin/../lib/gcc/nios2-elf/4.8.3/../../../../../H-x86_64-mingw32/nios2-elf/lib\libc.a(lib_a-fstatr.o)
 .debug_info    0x0000000000011f9c      0x8ce c:/altera/14.1/nios2eds/bin/gnu/h-x86_64-mingw32/bin/../lib/gcc/nios2-elf/4.8.3/../../../../../H-x86_64-mingw32/nios2-elf/lib\libc.a(lib_a-isattyr.o)
 .debug_info    0x000000000001286a      0x91a c:/altera/14.1/nios2eds/bin/gnu/h-x86_64-mingw32/bin/../lib/gcc/nios2-elf/4.8.3/../../../../../H-x86_64-mingw32/nios2-elf/lib\libc.a(lib_a-lseekr.o)
 .debug_info    0x0000000000013184      0x91a c:/altera/14.1/nios2eds/bin/gnu/h-x86_64-mingw32/bin/../lib/gcc/nios2-elf/4.8.3/../../../../../H-x86_64-mingw32/nios2-elf/lib\libc.a(lib_a-readr.o)
 .debug_info    0x0000000000013a9e      0x270 c:/altera/14.1/nios2eds/bin/gnu/h-x86_64-mingw32/bin/../lib/gcc/nios2-elf/4.8.3\libgcc.a(lib2-divmod.o)
 .debug_info    0x0000000000013d0e       0xe5 ../Timer_bsp/\libhal_bsp.a(alt_exit.o)
 .debug_info    0x0000000000013df3      0x481 ../Timer_bsp/\libhal_bsp.a(alt_fstat.o)
 .debug_info    0x0000000000014274      0x484 ../Timer_bsp/\libhal_bsp.a(alt_isatty.o)
 .debug_info    0x00000000000146f8      0x34b ../Timer_bsp/\libhal_bsp.a(alt_lseek.o)
 .debug_info    0x0000000000014a43      0x89f ../Timer_bsp/\libhal_bsp.a(alt_malloc_lock.o)
 .debug_info    0x00000000000152e2      0x4a9 ../Timer_bsp/\libhal_bsp.a(alt_read.o)
 .debug_info    0x000000000001578b      0x1a5 ../Timer_bsp/\libhal_bsp.a(alt_sbrk.o)
 .debug_info    0x0000000000015930      0x4b0 ../Timer_bsp/\libhal_bsp.a(alt_write.o)

.debug_abbrev   0x0000000000000000     0x5f71
 *(.debug_abbrev)
 .debug_abbrev  0x0000000000000000       0x12 ../Timer_bsp//obj/HAL/src/crt0.o
 .debug_abbrev  0x0000000000000012       0xd7 obj/default/alt_timer.o
 .debug_abbrev  0x00000000000000e9      0x10a obj/default/hello_world.o
 .debug_abbrev  0x00000000000001f3       0x7c obj/default/leds.o
 .debug_abbrev  0x000000000000026f       0x92 obj/default/timer.o
 .debug_abbrev  0x0000000000000301      0x163 ../Timer_bsp/\libhal_bsp.a(alt_iic.o)
 .debug_abbrev  0x0000000000000464      0x169 ../Timer_bsp/\libhal_bsp.a(alt_iic_isr_register.o)
 .debug_abbrev  0x00000000000005cd       0x12 ../Timer_bsp/\libhal_bsp.a(alt_irq_entry.o)
 .debug_abbrev  0x00000000000005df      0x122 ../Timer_bsp/\libhal_bsp.a(alt_irq_handler.o)
 .debug_abbrev  0x0000000000000701       0x40 ../Timer_bsp/\libhal_bsp.a(alt_irq_vars.o)
 .debug_abbrev  0x0000000000000741       0x9f ../Timer_bsp/\libhal_bsp.a(alt_load.o)
 .debug_abbrev  0x00000000000007e0       0xba ../Timer_bsp/\libhal_bsp.a(alt_main.o)
 .debug_abbrev  0x000000000000089a       0xb0 ../Timer_bsp/\libhal_bsp.a(alt_printf.o)
 .debug_abbrev  0x000000000000094a      0x1a0 ../Timer_bsp/\libhal_bsp.a(alt_putchar.o)
 .debug_abbrev  0x0000000000000aea       0x60 ../Timer_bsp/\libhal_bsp.a(alt_usleep.o)
 .debug_abbrev  0x0000000000000b4a      0x185 ../Timer_bsp/\libhal_bsp.a(alt_sys_init.o)
 .debug_abbrev  0x0000000000000ccf      0x127 ../Timer_bsp/\libhal_bsp.a(altera_avalon_jtag_uart_fd.o)
 .debug_abbrev  0x0000000000000df6      0x197 ../Timer_bsp/\libhal_bsp.a(altera_avalon_jtag_uart_init.o)
 .debug_abbrev  0x0000000000000f8d      0x111 ../Timer_bsp/\libhal_bsp.a(altera_avalon_jtag_uart_ioctl.o)
 .debug_abbrev  0x000000000000109e      0x1ac ../Timer_bsp/\libhal_bsp.a(altera_avalon_jtag_uart_read.o)
 .debug_abbrev  0x000000000000124a      0x1a8 ../Timer_bsp/\libhal_bsp.a(altera_avalon_jtag_uart_write.o)
 .debug_abbrev  0x00000000000013f2      0x162 ../Timer_bsp/\libhal_bsp.a(alt_alarm_start.o)
 .debug_abbrev  0x0000000000001554       0x7e ../Timer_bsp/\libhal_bsp.a(alt_busy_sleep.o)
 .debug_abbrev  0x00000000000015d2      0x11f ../Timer_bsp/\libhal_bsp.a(alt_close.o)
 .debug_abbrev  0x00000000000016f1       0x5a ../Timer_bsp/\libhal_bsp.a(alt_dcache_flush_all.o)
 .debug_abbrev  0x000000000000174b       0xd9 ../Timer_bsp/\libhal_bsp.a(alt_dev.o)
 .debug_abbrev  0x0000000000001824      0x114 ../Timer_bsp/\libhal_bsp.a(alt_dev_llist_insert.o)
 .debug_abbrev  0x0000000000001938       0x79 ../Timer_bsp/\libhal_bsp.a(alt_do_ctors.o)
 .debug_abbrev  0x00000000000019b1       0x79 ../Timer_bsp/\libhal_bsp.a(alt_do_dtors.o)
 .debug_abbrev  0x0000000000001a2a       0x5a ../Timer_bsp/\libhal_bsp.a(alt_errno.o)
 .debug_abbrev  0x0000000000001a84       0x12 ../Timer_bsp/\libhal_bsp.a(alt_exception_entry.o)
 .debug_abbrev  0x0000000000001a96       0x42 ../Timer_bsp/\libhal_bsp.a(alt_icache_flush_all.o)
 .debug_abbrev  0x0000000000001ad8      0x114 ../Timer_bsp/\libhal_bsp.a(alt_io_redirect.o)
 .debug_abbrev  0x0000000000001bec      0x148 ../Timer_bsp/\libhal_bsp.a(alt_open.o)
 .debug_abbrev  0x0000000000001d34       0xde ../Timer_bsp/\libhal_bsp.a(alt_release_fd.o)
 .debug_abbrev  0x0000000000001e12      0x15a ../Timer_bsp/\libhal_bsp.a(alt_tick.o)
 .debug_abbrev  0x0000000000001f6c       0x42 ../Timer_bsp/\libhal_bsp.a(altera_nios2_qsys_irq.o)
 .debug_abbrev  0x0000000000001fae       0xf0 ../Timer_bsp/\libhal_bsp.a(alt_find_dev.o)
 .debug_abbrev  0x000000000000209e       0xf0 ../Timer_bsp/\libhal_bsp.a(alt_find_file.o)
 .debug_abbrev  0x000000000000218e      0x10d ../Timer_bsp/\libhal_bsp.a(alt_get_fd.o)
 .debug_abbrev  0x000000000000229b       0x8c ../Timer_bsp/\libhal_bsp.a(alt_icache_flush.o)
 .debug_abbrev  0x0000000000002327       0xb8 c:/altera/14.1/nios2eds/bin/gnu/h-x86_64-mingw32/bin/../lib/gcc/nios2-elf/4.8.3/../../../../../H-x86_64-mingw32/nios2-elf/lib\libc.a(lib_a-atexit.o)
 .debug_abbrev  0x00000000000023df      0x1e6 c:/altera/14.1/nios2eds/bin/gnu/h-x86_64-mingw32/bin/../lib/gcc/nios2-elf/4.8.3/../../../../../H-x86_64-mingw32/nios2-elf/lib\libc.a(lib_a-exit.o)
 .debug_abbrev  0x00000000000025c5      0x180 c:/altera/14.1/nios2eds/bin/gnu/h-x86_64-mingw32/bin/../lib/gcc/nios2-elf/4.8.3/../../../../../H-x86_64-mingw32/nios2-elf/lib\libc.a(lib_a-impure.o)
 .debug_abbrev  0x0000000000002745       0x37 c:/altera/14.1/nios2eds/bin/gnu/h-x86_64-mingw32/bin/../lib/gcc/nios2-elf/4.8.3/../../../../../H-x86_64-mingw32/nios2-elf/lib\libc.a(lib_a-int_errno.o)
 .debug_abbrev  0x000000000000277c       0x7f c:/altera/14.1/nios2eds/bin/gnu/h-x86_64-mingw32/bin/../lib/gcc/nios2-elf/4.8.3/../../../../../H-x86_64-mingw32/nios2-elf/lib\libc.a(lib_a-memcmp.o)
 .debug_abbrev  0x00000000000027fb       0x9c c:/altera/14.1/nios2eds/bin/gnu/h-x86_64-mingw32/bin/../lib/gcc/nios2-elf/4.8.3/../../../../../H-x86_64-mingw32/nios2-elf/lib\libc.a(lib_a-memcpy.o)
 .debug_abbrev  0x0000000000002897      0x226 c:/altera/14.1/nios2eds/bin/gnu/h-x86_64-mingw32/bin/../lib/gcc/nios2-elf/4.8.3/../../../../../H-x86_64-mingw32/nios2-elf/lib\libc.a(lib_a-putc.o)
 .debug_abbrev  0x0000000000002abd       0x90 c:/altera/14.1/nios2eds/bin/gnu/h-x86_64-mingw32/bin/../lib/gcc/nios2-elf/4.8.3/../../../../../H-x86_64-mingw32/nios2-elf/lib\libc.a(lib_a-strlen.o)
 .debug_abbrev  0x0000000000002b4d      0x238 c:/altera/14.1/nios2eds/bin/gnu/h-x86_64-mingw32/bin/../lib/gcc/nios2-elf/4.8.3/../../../../../H-x86_64-mingw32/nios2-elf/lib\libc.a(lib_a-wbuf.o)
 .debug_abbrev  0x0000000000002d85      0x1f3 c:/altera/14.1/nios2eds/bin/gnu/h-x86_64-mingw32/bin/../lib/gcc/nios2-elf/4.8.3/../../../../../H-x86_64-mingw32/nios2-elf/lib\libc.a(lib_a-wsetup.o)
 .debug_abbrev  0x0000000000002f78      0x21e c:/altera/14.1/nios2eds/bin/gnu/h-x86_64-mingw32/bin/../lib/gcc/nios2-elf/4.8.3/../../../../../H-x86_64-mingw32/nios2-elf/lib\libc.a(lib_a-__atexit.o)
 .debug_abbrev  0x0000000000003196      0x210 c:/altera/14.1/nios2eds/bin/gnu/h-x86_64-mingw32/bin/../lib/gcc/nios2-elf/4.8.3/../../../../../H-x86_64-mingw32/nios2-elf/lib\libc.a(lib_a-__call_atexit.o)
 .debug_abbrev  0x00000000000033a6      0x275 c:/altera/14.1/nios2eds/bin/gnu/h-x86_64-mingw32/bin/../lib/gcc/nios2-elf/4.8.3/../../../../../H-x86_64-mingw32/nios2-elf/lib\libc.a(lib_a-fflush.o)
 .debug_abbrev  0x000000000000361b      0x34a c:/altera/14.1/nios2eds/bin/gnu/h-x86_64-mingw32/bin/../lib/gcc/nios2-elf/4.8.3/../../../../../H-x86_64-mingw32/nios2-elf/lib\libc.a(lib_a-findfp.o)
 .debug_abbrev  0x0000000000003965      0x27b c:/altera/14.1/nios2eds/bin/gnu/h-x86_64-mingw32/bin/../lib/gcc/nios2-elf/4.8.3/../../../../../H-x86_64-mingw32/nios2-elf/lib\libc.a(lib_a-freer.o)
 .debug_abbrev  0x0000000000003be0      0x242 c:/altera/14.1/nios2eds/bin/gnu/h-x86_64-mingw32/bin/../lib/gcc/nios2-elf/4.8.3/../../../../../H-x86_64-mingw32/nios2-elf/lib\libc.a(lib_a-fwalk.o)
 .debug_abbrev  0x0000000000003e22      0x206 c:/altera/14.1/nios2eds/bin/gnu/h-x86_64-mingw32/bin/../lib/gcc/nios2-elf/4.8.3/../../../../../H-x86_64-mingw32/nios2-elf/lib\libc.a(lib_a-makebuf.o)
 .debug_abbrev  0x0000000000004028      0x2a2 c:/altera/14.1/nios2eds/bin/gnu/h-x86_64-mingw32/bin/../lib/gcc/nios2-elf/4.8.3/../../../../../H-x86_64-mingw32/nios2-elf/lib\libc.a(lib_a-mallocr.o)
 .debug_abbrev  0x00000000000042ca       0xae c:/altera/14.1/nios2eds/bin/gnu/h-x86_64-mingw32/bin/../lib/gcc/nios2-elf/4.8.3/../../../../../H-x86_64-mingw32/nios2-elf/lib\libc.a(lib_a-memset.o)
 .debug_abbrev  0x0000000000004378      0x1fd c:/altera/14.1/nios2eds/bin/gnu/h-x86_64-mingw32/bin/../lib/gcc/nios2-elf/4.8.3/../../../../../H-x86_64-mingw32/nios2-elf/lib\libc.a(lib_a-sbrkr.o)
 .debug_abbrev  0x0000000000004575      0x246 c:/altera/14.1/nios2eds/bin/gnu/h-x86_64-mingw32/bin/../lib/gcc/nios2-elf/4.8.3/../../../../../H-x86_64-mingw32/nios2-elf/lib\libc.a(lib_a-stdio.o)
 .debug_abbrev  0x00000000000047bb      0x1de c:/altera/14.1/nios2eds/bin/gnu/h-x86_64-mingw32/bin/../lib/gcc/nios2-elf/4.8.3/../../../../../H-x86_64-mingw32/nios2-elf/lib\libc.a(lib_a-writer.o)
 .debug_abbrev  0x0000000000004999      0x1d9 c:/altera/14.1/nios2eds/bin/gnu/h-x86_64-mingw32/bin/../lib/gcc/nios2-elf/4.8.3/../../../../../H-x86_64-mingw32/nios2-elf/lib\libc.a(closer.o)
 .debug_abbrev  0x0000000000004b72      0x26c c:/altera/14.1/nios2eds/bin/gnu/h-x86_64-mingw32/bin/../lib/gcc/nios2-elf/4.8.3/../../../../../H-x86_64-mingw32/nios2-elf/lib\libc.a(lib_a-fclose.o)
 .debug_abbrev  0x0000000000004dde      0x1e8 c:/altera/14.1/nios2eds/bin/gnu/h-x86_64-mingw32/bin/../lib/gcc/nios2-elf/4.8.3/../../../../../H-x86_64-mingw32/nios2-elf/lib\libc.a(lib_a-fstatr.o)
 .debug_abbrev  0x0000000000004fc6      0x1d9 c:/altera/14.1/nios2eds/bin/gnu/h-x86_64-mingw32/bin/../lib/gcc/nios2-elf/4.8.3/../../../../../H-x86_64-mingw32/nios2-elf/lib\libc.a(lib_a-isattyr.o)
 .debug_abbrev  0x000000000000519f      0x1e8 c:/altera/14.1/nios2eds/bin/gnu/h-x86_64-mingw32/bin/../lib/gcc/nios2-elf/4.8.3/../../../../../H-x86_64-mingw32/nios2-elf/lib\libc.a(lib_a-lseekr.o)
 .debug_abbrev  0x0000000000005387      0x1d9 c:/altera/14.1/nios2eds/bin/gnu/h-x86_64-mingw32/bin/../lib/gcc/nios2-elf/4.8.3/../../../../../H-x86_64-mingw32/nios2-elf/lib\libc.a(lib_a-readr.o)
 .debug_abbrev  0x0000000000005560       0xf6 c:/altera/14.1/nios2eds/bin/gnu/h-x86_64-mingw32/bin/../lib/gcc/nios2-elf/4.8.3\libgcc.a(lib2-divmod.o)
 .debug_abbrev  0x0000000000005656       0xa6 ../Timer_bsp/\libhal_bsp.a(alt_exit.o)
 .debug_abbrev  0x00000000000056fc      0x11f ../Timer_bsp/\libhal_bsp.a(alt_fstat.o)
 .debug_abbrev  0x000000000000581b      0x11f ../Timer_bsp/\libhal_bsp.a(alt_isatty.o)
 .debug_abbrev  0x000000000000593a      0x11f ../Timer_bsp/\libhal_bsp.a(alt_lseek.o)
 .debug_abbrev  0x0000000000005a59      0x1a5 ../Timer_bsp/\libhal_bsp.a(alt_malloc_lock.o)
 .debug_abbrev  0x0000000000005bfe      0x12e ../Timer_bsp/\libhal_bsp.a(alt_read.o)
 .debug_abbrev  0x0000000000005d2c      0x112 ../Timer_bsp/\libhal_bsp.a(alt_sbrk.o)
 .debug_abbrev  0x0000000000005e3e      0x133 ../Timer_bsp/\libhal_bsp.a(alt_write.o)

.debug_line     0x0000000000000000     0x6713
 *(.debug_line)
 .debug_line    0x0000000000000000       0x72 ../Timer_bsp//obj/HAL/src/crt0.o
 .debug_line    0x0000000000000072       0xab obj/default/alt_timer.o
 .debug_line    0x000000000000011d       0xbd obj/default/hello_world.o
 .debug_line    0x00000000000001da       0x6d obj/default/leds.o
 .debug_line    0x0000000000000247       0x74 obj/default/timer.o
 .debug_line    0x00000000000002bb       0xed ../Timer_bsp/\libhal_bsp.a(alt_iic.o)