Archive member included to satisfy reference by file (symbol)

c:/altera/14.1/nios2eds/bin/gnu/h-x86_64-mingw32/bin/../lib/gcc/nios2-elf/4.8.3/../../../../../H-x86_64-mingw32/nios2-elf/lib\libc.a(lib_a-printf.o)
                              obj/default/hello_world.o (printf)
c:/altera/14.1/nios2eds/bin/gnu/h-x86_64-mingw32/bin/../lib/gcc/nios2-elf/4.8.3/../../../../../H-x86_64-mingw32/nios2-elf/lib\libc.a(lib_a-puts.o)
                              obj/default/hello_world.o (puts)
c:/altera/14.1/nios2eds/bin/gnu/h-x86_64-mingw32/bin/../lib/gcc/nios2-elf/4.8.3/../../../../../H-x86_64-mingw32/nios2-elf/lib\libc.a(lib_a-strlen.o)
                              c:/altera/14.1/nios2eds/bin/gnu/h-x86_64-mingw32/bin/../lib/gcc/nios2-elf/4.8.3/../../../../../H-x86_64-mingw32/nios2-elf/lib\libc.a(lib_a-puts.o) (strlen)
c:/altera/14.1/nios2eds/bin/gnu/h-x86_64-mingw32/bin/../lib/gcc/nios2-elf/4.8.3/../../../../../H-x86_64-mingw32/nios2-elf/lib\libc.a(lib_a-vfprintf.o)
                              c:/altera/14.1/nios2eds/bin/gnu/h-x86_64-mingw32/bin/../lib/gcc/nios2-elf/4.8.3/../../../../../H-x86_64-mingw32/nios2-elf/lib\libc.a(lib_a-printf.o) (___vfprintf_internal_r)
c:/altera/14.1/nios2eds/bin/gnu/h-x86_64-mingw32/bin/../lib/gcc/nios2-elf/4.8.3/../../../../../H-x86_64-mingw32/nios2-elf/lib\libc.a(lib_a-wsetup.o)
                              c:/altera/14.1/nios2eds/bin/gnu/h-x86_64-mingw32/bin/../lib/gcc/nios2-elf/4.8.3/../../../../../H-x86_64-mingw32/nios2-elf/lib\libc.a(lib_a-vfprintf.o) (__swsetup_r)
c:/altera/14.1/nios2eds/bin/gnu/h-x86_64-mingw32/bin/../lib/gcc/nios2-elf/4.8.3/../../../../../H-x86_64-mingw32/nios2-elf/lib\libc.a(lib_a-dtoa.o)
                              c:/altera/14.1/nios2eds/bin/gnu/h-x86_64-mingw32/bin/../lib/gcc/nios2-elf/4.8.3/../../../../../H-x86_64-mingw32/nios2-elf/lib\libc.a(lib_a-vfprintf.o) (_dtoa_r)
c:/altera/14.1/nios2eds/bin/gnu/h-x86_64-mingw32/bin/../lib/gcc/nios2-elf/4.8.3/../../../../../H-x86_64-mingw32/nios2-elf/lib\libc.a(lib_a-fflush.o)
                              c:/altera/14.1/nios2eds/bin/gnu/h-x86_64-mingw32/bin/../lib/gcc/nios2-elf/4.8.3/../../../../../H-x86_64-mingw32/nios2-elf/lib\libc.a(lib_a-vfprintf.o) (_fflush_r)
c:/altera/14.1/nios2eds/bin/gnu/h-x86_64-mingw32/bin/../lib/gcc/nios2-elf/4.8.3/../../../../../H-x86_64-mingw32/nios2-elf/lib\libc.a(lib_a-findfp.o)
                              c:/altera/14.1/nios2eds/bin/gnu/h-x86_64-mingw32/bin/../lib/gcc/nios2-elf/4.8.3/../../../../../H-x86_64-mingw32/nios2-elf/lib\libc.a(lib_a-vfprintf.o) (__sinit)
c:/altera/14.1/nios2eds/bin/gnu/h-x86_64-mingw32/bin/../lib/gcc/nios2-elf/4.8.3/../../../../../H-x86_64-mingw32/nios2-elf/lib\libc.a(lib_a-freer.o)
                              c:/altera/14.1/nios2eds/bin/gnu/h-x86_64-mingw32/bin/../lib/gcc/nios2-elf/4.8.3/../../../../../H-x86_64-mingw32/nios2-elf/lib\libc.a(lib_a-wsetup.o) (_free_r)
c:/altera/14.1/nios2eds/bin/gnu/h-x86_64-mingw32/bin/../lib/gcc/nios2-elf/4.8.3/../../../../../H-x86_64-mingw32/nios2-elf/lib\libc.a(lib_a-fvwrite.o)
                              c:/altera/14.1/nios2eds/bin/gnu/h-x86_64-mingw32/bin/../lib/gcc/nios2-elf/4.8.3/../../../../../H-x86_64-mingw32/nios2-elf/lib\libc.a(lib_a-puts.o) (__sfvwrite_r)
c:/altera/14.1/nios2eds/bin/gnu/h-x86_64-mingw32/bin/../lib/gcc/nios2-elf/4.8.3/../../../../../H-x86_64-mingw32/nios2-elf/lib\libc.a(lib_a-fwalk.o)
                              c:/altera/14.1/nios2eds/bin/gnu/h-x86_64-mingw32/bin/../lib/gcc/nios2-elf/4.8.3/../../../../../H-x86_64-mingw32/nios2-elf/lib\libc.a(lib_a-findfp.o) (_fwalk)
c:/altera/14.1/nios2eds/bin/gnu/h-x86_64-mingw32/bin/../lib/gcc/nios2-elf/4.8.3/../../../../../H-x86_64-mingw32/nios2-elf/lib\libc.a(lib_a-impure.o)
                              c:/altera/14.1/nios2eds/bin/gnu/h-x86_64-mingw32/bin/../lib/gcc/nios2-elf/4.8.3/../../../../../H-x86_64-mingw32/nios2-elf/lib\libc.a(lib_a-fflush.o) (_global_impure_ptr)
c:/altera/14.1/nios2eds/bin/gnu/h-x86_64-mingw32/bin/../lib/gcc/nios2-elf/4.8.3/../../../../../H-x86_64-mingw32/nios2-elf/lib\libc.a(lib_a-locale.o)
                              c:/altera/14.1/nios2eds/bin/gnu/h-x86_64-mingw32/bin/../lib/gcc/nios2-elf/4.8.3/../../../../../H-x86_64-mingw32/nios2-elf/lib\libc.a(lib_a-vfprintf.o) (_localeconv_r)
c:/altera/14.1/nios2eds/bin/gnu/h-x86_64-mingw32/bin/../lib/gcc/nios2-elf/4.8.3/../../../../../H-x86_64-mingw32/nios2-elf/lib\libc.a(lib_a-makebuf.o)
                              c:/altera/14.1/nios2eds/bin/gnu/h-x86_64-mingw32/bin/../lib/gcc/nios2-elf/4.8.3/../../../../../H-x86_64-mingw32/nios2-elf/lib\libc.a(lib_a-wsetup.o) (__smakebuf_r)
c:/altera/14.1/nios2eds/bin/gnu/h-x86_64-mingw32/bin/../lib/gcc/nios2-elf/4.8.3/../../../../../H-x86_64-mingw32/nios2-elf/lib\libc.a(lib_a-mallocr.o)
                              c:/altera/14.1/nios2eds/bin/gnu/h-x86_64-mingw32/bin/../lib/gcc/nios2-elf/4.8.3/../../../../../H-x86_64-mingw32/nios2-elf/lib\libc.a(lib_a-findfp.o) (_malloc_r)
[...]
Memory Configuration

Name             Origin             Length             Attributes
reset            0x0000000000000000 0x0000000000000020
sdram            0x0000000000000020 0x0000000001ffffe0
*default*        0x0000000000000000 0xffffffffffffffff

Linker script and memory map

LOAD ../Timer_bsp//obj/HAL/src/crt0.o
LOAD obj/default/hello_world.o
LOAD obj/default/leds.o
LOAD obj/default/timer.o
LOAD c:/altera/14.1/nios2eds/bin/gnu/h-x86_64-mingw32/bin/../lib/gcc/nios2-elf/4.8.3/../../../../../H-x86_64-mingw32/nios2-elf/lib\libstdc++.a
LOAD c:/altera/14.1/nios2eds/bin/gnu/h-x86_64-mingw32/bin/../lib/gcc/nios2-elf/4.8.3/../../../../../H-x86_64-mingw32/nios2-elf/lib\libm.a
LOAD c:/altera/14.1/nios2eds/bin/gnu/h-x86_64-mingw32/bin/../lib/gcc/nios2-elf/4.8.3\libgcc.a
START GROUP
LOAD c:/altera/14.1/nios2eds/bin/gnu/h-x86_64-mingw32/bin/../lib/gcc/nios2-elf/4.8.3/../../../../../H-x86_64-mingw32/nios2-elf/lib\libc.a
LOAD c:/altera/14.1/nios2eds/bin/gnu/h-x86_64-mingw32/bin/../lib/gcc/nios2-elf/4.8.3\libgcc.a
LOAD ../Timer_bsp/\libhal_bsp.a
END GROUP
LOAD c:/altera/14.1/nios2eds/bin/gnu/h-x86_64-mingw32/bin/../lib/gcc/nios2-elf/4.8.3\libgcc.a
                0x0000000000000000                __alt_mem_sdram = 0x0

.entry          0x0000000000000000       0x20
 *(.entry)
 .entry         0x0000000000000000       0x20 ../Timer_bsp//obj/HAL/src/crt0.o
                0x0000000000000000                __reset

.exceptions     0x0000000000000020      0x19c
                0x0000000000000020                PROVIDE (__ram_exceptions_start, ABSOLUTE (.))
                0x0000000000000020                . = ALIGN (0x20)
 *(.irq)
 *(.exceptions.entry.label)
 .exceptions.entry.label
                0x0000000000000020        0x0 ../Timer_bsp/\libhal_bsp.a(alt_irq_entry.o)
                0x0000000000000020                alt_irq_entry
 .exceptions.entry.label
                0x0000000000000020        0x0 ../Timer_bsp/\libhal_bsp.a(alt_exception_entry.o)
                0x0000000000000020                alt_exception
 *(.exceptions.entry.user)
 *(.exceptions.entry.ecc_fatal)
 *(.exceptions.entry)
 .exceptions.entry
                0x0000000000000020       0x54 ../Timer_bsp/\libhal_bsp.a(alt_exception_entry.o)
 *(.exceptions.irqtest.user)
 *(.exceptions.irqtest)
 .exceptions.irqtest
                0x0000000000000074       0x10 ../Timer_bsp/\libhal_bsp.a(alt_irq_entry.o)
 *(.exceptions.irqhandler.user)
 *(.exceptions.irqhandler)
 .exceptions.irqhandler
                0x0000000000000084        0x4 ../Timer_bsp/\libhal_bsp.a(alt_irq_entry.o)
 *(.exceptions.irqreturn.user)
 *(.exceptions.irqreturn)
 .exceptions.irqreturn
                0x0000000000000088        0x4 ../Timer_bsp/\libhal_bsp.a(alt_irq_entry.o)
 *(.exceptions.notirq.label)
 .exceptions.notirq.label
                0x000000000000008c        0x0 ../Timer_bsp/\libhal_bsp.a(alt_irq_entry.o)
 *(.exceptions.notirq.user)
 *(.exceptions.notirq)
 .exceptions.notirq
                0x000000000000008c        0x8 ../Timer_bsp/\libhal_bsp.a(alt_exception_entry.o)
 *(.exceptions.soft.user)
 *(.exceptions.soft)
 *(.exceptions.unknown.user)
 *(.exceptions.unknown)
 .exceptions.unknown
                0x0000000000000094        0x4 ../Timer_bsp/\libhal_bsp.a(alt_exception_entry.o)
 *(.exceptions.exit.label)
 .exceptions.exit.label
                0x0000000000000098        0x0 ../Timer_bsp/\libhal_bsp.a(alt_irq_entry.o)
 .exceptions.exit.label
                0x0000000000000098        0x0 ../Timer_bsp/\libhal_bsp.a(alt_exception_entry.o)
 *(.exceptions.exit.user)
 *(.exceptions.exit)
 .exceptions.exit
                0x0000000000000098       0x54 ../Timer_bsp/\libhal_bsp.a(alt_exception_entry.o)
 *(.exceptions)
 .exceptions    0x00000000000000ec       0xd0 ../Timer_bsp/\libhal_bsp.a(alt_irq_handler.o)
                0x00000000000000ec                alt_irq_handler
                0x00000000000001bc                PROVIDE (__ram_exceptions_end, ABSOLUTE (.))
                0x0000000000000020                PROVIDE (__flash_exceptions_start, LOADADDR (.exceptions))

.text           0x00000000000001bc     0xee6c
                0x00000000000001bc                PROVIDE (stext, ABSOLUTE (.))
 *(.interp)
 *(.hash)
 *(.dynsym)
 *(.dynstr)
 *(.gnu.version)
 *(.gnu.version_d)
 *(.gnu.version_r)
 *(.rel.init)
 *(.rela.init)
 *(.rel.text .rel.text.* .rel.gnu.linkonce.t.*)
 *(.rela.text .rela.text.* .rela.gnu.linkonce.t.*)
 *(.rel.fini)
 *(.rela.fini)
 *(.rel.rodata .rel.rodata.* .rel.gnu.linkonce.r.*)
 *(.rela.rodata .rela.rodata.* .rela.gnu.linkonce.r.*)
 *(.rel.data .rel.data.* .rel.gnu.linkonce.d.*)
 *(.rela.data .rela.data.* .rela.gnu.linkonce.d.*)
 *(.rel.tdata .rel.tdata.* .rel.gnu.linkonce.td.*)
 *(.rela.tdata .rela.tdata.* .rela.gnu.linkonce.td.*)
 *(.rel.tbss .rel.tbss.* .rel.gnu.linkonce.tb.*)
 *(.rela.tbss .rela.tbss.* .rela.gnu.linkonce.tb.*)
 *(.rel.ctors)
 *(.rela.ctors)
 *(.rel.dtors)
 *(.rela.dtors)
 *(.rel.got)
 *(.rela.got)
 *(.rel.sdata .rel.sdata.* .rel.gnu.linkonce.s.*)
 *(.rela.sdata .rela.sdata.* .rela.gnu.linkonce.s.*)
 *(.rel.sbss .rel.sbss.* .rel.gnu.linkonce.sb.*)
 *(.rela.sbss .rela.sbss.* .rela.gnu.linkonce.sb.*)
 *(.rel.sdata2 .rel.sdata2.* .rel.gnu.linkonce.s2.*)
 *(.rela.sdata2 .rela.sdata2.* .rela.gnu.linkonce.s2.*)
 *(.rel.sbss2 .rel.sbss2.* .rel.gnu.linkonce.sb2.*)
 *(.rela.sbss2 .rela.sbss2.* .rela.gnu.linkonce.sb2.*)
 *(.rel.bss .rel.bss.* .rel.gnu.linkonce.b.*)
 *(.rela.bss .rela.bss.* .rela.gnu.linkonce.b.*)
 *(.rel.plt)
 *(.rela.plt)
 *(.rel.dyn)
 *(.init)
 *(.plt)
 *(.text .stub .text.* .gnu.linkonce.t.*)
 .text          0x00000000000001bc       0x4c ../Timer_bsp//obj/HAL/src/crt0.o
                0x00000000000001bc                _start
 .text          0x0000000000000208      0x290 obj/default/hello_world.o
                0x00000000000002ac                setup_irq_inputs
                0x0000000000000320                setup_irq_timer
                0x0000000000000394                main
 .text          0x0000000000000498       0xec obj/default/leds.o
                0x0000000000000498                leds_set
                0x00000000000004f0                leds_clr
                0x0000000000000550                leds
 .text          0x0000000000000584      0x160 obj/default/timer.o
                0x0000000000000584                timer_init
                0x00000000000005b4                timer_start
                0x00000000000005e0                timer_stop
                0x000000000000060c                timer_read
                0x0000000000000634                timer_reset
                0x0000000000000664                timer_enable_irq
                0x0000000000000690                timer_clear_irq
                0x00000000000006bc                timer_read_irq
 .text          0x00000000000006e4       0x68 c:/altera/14.1/nios2eds/bin/gnu/h-x86_64-mingw32/bin/../lib/gcc/nios2-elf/4.8.3/../../../../../H-x86_64-mingw32/nios2-elf/lib\libc.a(lib_a-printf.o)
                0x00000000000006e4                _printf_r
                0x0000000000000710                printf
 .text          0x000000000000074c       0xcc c:/altera/14.1/nios2eds/bin/gnu/h-x86_64-mingw32/bin/../lib/gcc/nios2-elf/4.8.3/../../../../../H-x86_64-mingw32/nios2-elf/lib\libc.a(lib_a-puts.o)
                0x000000000000074c                _puts_r
                0x0000000000000804                puts
 .text          0x0000000000000818       0x8c c:/altera/14.1/nios2eds/bin/gnu/h-x86_64-mingw32/bin/../lib/gcc/nios2-elf/4.8.3/../../../../../H-x86_64-mingw32/nios2-elf/lib\libc.a(lib_a-strlen.o)
                0x0000000000000818                strlen
 .text          0x00000000000008a4     0x2000 c:/altera/14.1/nios2eds/bin/gnu/h-x86_64-mingw32/bin/../lib/gcc/nios2-elf/4.8.3/../../../../../H-x86_64-mingw32/nios2-elf/lib\libc.a(lib_a-vfprintf.o)
                0x00000000000008a4                ___vfprintf_internal_r
                0x0000000000002880                __vfprintf_internal
 .text          0x00000000000028a4      0x138 c:/altera/14.1/nios2eds/bin/gnu/h-x86_64-mingw32/bin/../lib/gcc/nios2-elf/4.8.3/../../../../../H-x86_64-mingw32/nios2-elf/lib\libc.a(lib_a-wsetup.o)
                0x00000000000028a4                __swsetup_r
 .text          0x00000000000029dc     0x1840 c:/altera/14.1/nios2eds/bin/gnu/h-x86_64-mingw32/bin/../lib/gcc/nios2-elf/4.8.3/../../../../../H-x86_64-mingw32/nios2-elf/lib\libc.a(lib_a-dtoa.o)
                0x0000000000002be0                _dtoa_r
 .text          0x000000000000421c      0x274 c:/altera/14.1/nios2eds/bin/gnu/h-x86_64-mingw32/bin/../lib/gcc/nios2-elf/4.8.3/../../../../../H-x86_64-mingw32/nios2-elf/lib\libc.a(lib_a-fflush.o)
                0x000000000000421c                _fflush_r
                0x0000000000004460                fflush
 .text          0x0000000000004490      0x390 c:/altera/14.1/nios2eds/bin/gnu/h-x86_64-mingw32/bin/../lib/gcc/nios2-elf/4.8.3/../../../../../H-x86_64-mingw32/nios2-elf/lib\libc.a(lib_a-findfp.o)
                0x00000000000044a0                _cleanup_r
                0x00000000000044ac                __sfmoreglue
                0x0000000000004510                _cleanup
                0x0000000000004528                __sinit
                0x00000000000046c4                __sfp
                0x00000000000047e0                __sfp_lock_acquire
                0x00000000000047e4                __sfp_lock_release
                0x00000000000047e8                __sinit_lock_acquire
                0x00000000000047ec                __sinit_lock_release
                0x00000000000047f0                __fp_lock_all
                0x0000000000004808                __fp_unlock_all
 .text          0x0000000000004820      0x40c c:/altera/14.1/nios2eds/bin/gnu/h-x86_64-mingw32/bin/../lib/gcc/nios2-elf/4.8.3/../../../../../H-x86_64-mingw32/nios2-elf/lib\libc.a(lib_a-freer.o)
                0x0000000000004820                _malloc_trim_r
                0x000000000000495c                _free_r
 .text          0x0000000000004c2c      0x4ac c:/altera/14.1/nios2eds/bin/gnu/h-x86_64-mingw32/bin/../lib/gcc/nios2-elf/4.8.3/../../../../../H-x86_64-mingw32/nios2-elf/lib\libc.a(lib_a-fvwrite.o)
                0x0000000000004c2c                __sfvwrite_r
 .text          0x00000000000050d8      0x160 c:/altera/14.1/nios2eds/bin/gnu/h-x86_64-mingw32/bin/../lib/gcc/nios2-elf/4.8.3/../../../../../H-x86_64-mingw32/nios2-elf/lib\libc.a(lib_a-fwalk.o)
                0x00000000000050d8                _fwalk
                0x0000000000005180                _fwalk_reent
 .text          0x0000000000005238        0x0 c:/altera/14.1/nios2eds/bin/gnu/h-x86_64-mingw32/bin/../lib/gcc/nios2-elf/4.8.3/../../../../../H-x86_64-mingw32/nios2-elf/lib\libc.a(lib_a-impure.o)
 .text          0x0000000000005238       0xd4 c:/altera/14.1/nios2eds/bin/gnu/h-x86_64-mingw32/bin/../lib/gcc/nios2-elf/4.8.3/../../../../../H-x86_64-mingw32/nios2-elf/lib\libc.a(lib_a-locale.o)
                0x0000000000005238                _setlocale_r
                0x00000000000052a8                __locale_charset
                0x00000000000052b4                __locale_mb_cur_max
                0x00000000000052c4                __locale_msgcharset
                0x00000000000052d0                __locale_cjk_lang
                0x00000000000052d8                _localeconv_r
                0x00000000000052e4                setlocale
                0x0000000000005300                localeconv
 .text          0x000000000000530c      0x1b4 c:/altera/14.1/nios2eds/bin/gnu/h-x86_64-mingw32/bin/../lib/gcc/nios2-elf/4.8.3/../../../../../H-x86_64-mingw32/nios2-elf/lib\libc.a(lib_a-makebuf.o)
                0x000000000000530c                __smakebuf_r
 .text          0x00000000000054c0      0x7c4 c:/altera/14.1/nios2eds/bin/gnu/h-x86_64-mingw32/bin/../lib/gcc/nios2-elf/4.8.3/../../../../../H-x86_64-mingw32/nios2-elf/lib\libc.a(lib_a-mallocr.o)
                0x00000000000054c0                _malloc_r
 .text          0x0000000000005c84       0xe8 c:/altera/14.1/nios2eds/bin/gnu/h-x86_64-mingw32/bin/../lib/gcc/nios2-elf/4.8.3/../../../../../H-x86_64-mingw32/nios2-elf/lib\libc.a(lib_a-memchr.o)
                0x0000000000005c84                memchr
 .text          0x0000000000005d6c      0x10c c:/altera/14.1/nios2eds/bin/gnu/h-x86_64-mingw32/bin/../lib/gcc/nios2-elf/4.8.3/../../../../../H-x86_64-mingw32/nios2-elf/lib\libc.a(lib_a-memcpy.o)
                0x0000000000005d6c                memcpy
 .text          0x0000000000005e78      0x13c c:/altera/14.1/nios2eds/bin/gnu/h-x86_64-mingw32/bin/../lib/gcc/nios2-elf/4.8.3/../../../../../H-x86_64-mingw32/nios2-elf/lib\libc.a(lib_a-memmove.o)
                0x0000000000005e78                memmove
 .text          0x0000000000005fb4      0x114 c:/altera/14.1/nios2eds/bin/gnu/h-x86_64-mingw32/bin/../lib/gcc/nios2-elf/4.8.3/../../../../../H-x86_64-mingw32/nios2-elf/lib\libc.a(lib_a-memset.o)
                0x0000000000005fb4                memset
 .text          0x00000000000060c8      0xf78 c:/altera/14.1/nios2eds/bin/gnu/h-x86_64-mingw32/bin/../lib/gcc/nios2-elf/4.8.3/../../../../../H-x86_64-mingw32/nios2-elf/lib\libc.a(lib_a-mprec.o)
                0x00000000000060c8                _Balloc
                0x0000000000006170                _Bfree
                0x0000000000006198                __multadd
                0x00000000000062ac                __s2b
                0x00000000000063b0                __hi0bits
                0x0000000000006418                __lo0bits
                0x00000000000064c8                __i2b
                0x0000000000006504                __multiply
                0x00000000000066f0                __pow5mult
                0x0000000000006838                __lshift
                0x0000000000006988                __mcmp
                0x00000000000069e8                __mdiff
                0x0000000000006b98                __ulp
                0x0000000000006bf8                __b2d
                0x0000000000006ce8                __d2b
                0x0000000000006e2c                __ratio
                0x0000000000006ecc                _mprec_log10
                0x0000000000006f40                __copybits
                0x0000000000006fb8                __any_on
 .text          0x0000000000007040      0x564 c:/altera/14.1/nios2eds/bin/gnu/h-x86_64-mingw32/bin/../lib/gcc/nios2-elf/4.8.3/../../../../../H-x86_64-mingw32/nios2-elf/lib\libc.a(lib_a-reallocr.o)
                0x0000000000007040                _realloc_r
 .text          0x00000000000075a4       0x68 c:/altera/14.1/nios2eds/bin/gnu/h-x86_64-mingw32/bin/../lib/gcc/nios2-elf/4.8.3/../../../../../H-x86_64-mingw32/nios2-elf/lib\libc.a(lib_a-s_fpclassify.o)
                0x00000000000075a4                __fpclassifyd
 .text          0x000000000000760c       0x64 c:/altera/14.1/nios2eds/bin/gnu/h-x86_64-mingw32/bin/../lib/gcc/nios2-elf/4.8.3/../../../../../H-x86_64-mingw32/nios2-elf/lib\libc.a(lib_a-sbrkr.o)
                0x000000000000760c                _sbrk_r
 .text          0x0000000000007670      0x13c c:/altera/14.1/nios2eds/bin/gnu/h-x86_64-mingw32/bin/../lib/gcc/nios2-elf/4.8.3/../../../../../H-x86_64-mingw32/nios2-elf/lib\libc.a(lib_a-stdio.o)
                0x0000000000007670                __sread
                0x00000000000076c4                __seofread
                0x00000000000076cc                __swrite
                0x0000000000007748                __sseek
                0x00000000000077a4                __sclose
 .text          0x00000000000077ac       0xa4 c:/altera/14.1/nios2eds/bin/gnu/h-x86_64-mingw32/bin/../lib/gcc/nios2-elf/4.8.3/../../../../../H-x86_64-mingw32/nios2-elf/lib\libc.a(lib_a-strcmp.o)
                0x00000000000077ac                strcmp
 .text          0x0000000000007850     0x13a8 c:/altera/14.1/nios2eds/bin/gnu/h-x86_64-mingw32/bin/../lib/gcc/nios2-elf/4.8.3/../../../../../H-x86_64-mingw32/nios2-elf/lib\libc.a(lib_a-vfiprintf.o)
                0x000000000000794c                __sprint_r
                0x0000000000007964                ___vfiprintf_internal_r
                0x0000000000008bd4                __vfiprintf_internal
 .text          0x0000000000008bf8       0x6c c:/altera/14.1/nios2eds/bin/gnu/h-x86_64-mingw32/bin/../lib/gcc/nios2-elf/4.8.3/../../../../../H-x86_64-mingw32/nios2-elf/lib\libc.a(lib_a-writer.o)
                0x0000000000008bf8                _write_r
 .text          0x0000000000008c64       0x64 c:/altera/14.1/nios2eds/bin/gnu/h-x86_64-mingw32/bin/../lib/gcc/nios2-elf/4.8.3/../../../../../H-x86_64-mingw32/nios2-elf/lib\libc.a(closer.o)
                0x0000000000008c64                _close_r
 .text          0x0000000000008cc8       0xc4 c:/altera/14.1/nios2eds/bin/gnu/h-x86_64-mingw32/bin/../lib/gcc/nios2-elf/4.8.3/../../../../../H-x86_64-mingw32/nios2-elf/lib\libc.a(lib_a-callocr.o)
                0x0000000000008cc8                _calloc_r
 .text          0x0000000000008d8c      0x13c c:/altera/14.1/nios2eds/bin/gnu/h-x86_64-mingw32/bin/../lib/gcc/nios2-elf/4.8.3/../../../../../H-x86_64-mingw32/nios2-elf/lib\libc.a(lib_a-fclose.o)
                0x0000000000008d8c                _fclose_r
                0x0000000000008eb4                fclose
 .text          0x0000000000008ec8      0x1fc c:/altera/14.1/nios2eds/bin/gnu/h-x86_64-mingw32/bin/../lib/gcc/nios2-elf/4.8.3/../../../../../H-x86_64-mingw32/nios2-elf/lib\libc.a(lib_a-fputwc.o)
                0x0000000000008ec8                _fputwc_r
                0x000000000000904c                fputwc
 .text          0x00000000000090c4       0x68 c:/altera/14.1/nios2eds/bin/gnu/h-x86_64-mingw32/bin/../lib/gcc/nios2-elf/4.8.3/../../../../../H-x86_64-mingw32/nios2-elf/lib\libc.a(lib_a-fstatr.o)
                0x00000000000090c4                _fstat_r
 .text          0x000000000000912c        0x0 c:/altera/14.1/nios2eds/bin/gnu/h-x86_64-mingw32/bin/../lib/gcc/nios2-elf/4.8.3/../../../../../H-x86_64-mingw32/nios2-elf/lib\libc.a(lib_a-int_errno.o)
 .text          0x000000000000912c       0x64 c:/altera/14.1/nios2eds/bin/gnu/h-x86_64-mingw32/bin/../lib/gcc/nios2-elf/4.8.3/../../../../../H-x86_64-mingw32/nios2-elf/lib\libc.a(lib_a-isattyr.o)
                0x000000000000912c                _isatty_r
 .text          0x0000000000009190       0x6c c:/altera/14.1/nios2eds/bin/gnu/h-x86_64-mingw32/bin/../lib/gcc/nios2-elf/4.8.3/../../../../../H-x86_64-mingw32/nios2-elf/lib\libc.a(lib_a-lseekr.o)
                0x0000000000009190                _lseek_r
 .text          0x00000000000091fc       0x6c c:/altera/14.1/nios2eds/bin/gnu/h-x86_64-mingw32/bin/../lib/gcc/nios2-elf/4.8.3/../../../../../H-x86_64-mingw32/nios2-elf/lib\libc.a(lib_a-readr.o)
                0x00000000000091fc                _read_r
 .text          0x0000000000009268      0x19c c:/altera/14.1/nios2eds/bin/gnu/h-x86_64-mingw32/bin/../lib/gcc/nios2-elf/4.8.3/../../../../../H-x86_64-mingw32/nios2-elf/lib\libc.a(lib_a-wbuf.o)
                0x0000000000009268                __swbuf_r
                0x00000000000093e8                __swbuf
 .text          0x0000000000009404      0x174 c:/altera/14.1/nios2eds/bin/gnu/h-x86_64-mingw32/bin/../lib/gcc/nios2-elf/4.8.3/../../../../../H-x86_64-mingw32/nios2-elf/lib\libc.a(lib_a-wcrtomb.o)
                0x0000000000009404                _wcrtomb_r
                0x00000000000094a0                wcrtomb
 .text          0x0000000000009578       0x8c c:/altera/14.1/nios2eds/bin/gnu/h-x86_64-mingw32/bin/../lib/gcc/nios2-elf/4.8.3/../../../../../H-x86_64-mingw32/nios2-elf/lib\libc.a(lib_a-wctomb_r.o)
                0x0000000000009578                __ascii_wctomb
                0x00000000000095a8                _wctomb_r
 .text          0x0000000000009604      0x5c4 c:/altera/14.1/nios2eds/bin/gnu/h-x86_64-mingw32/bin/../lib/gcc/nios2-elf/4.8.3\libgcc.a(_udivdi3.o)
                0x0000000000009604                __udivdi3
 .text          0x0000000000009bc8      0x598 c:/altera/14.1/nios2eds/bin/gnu/h-x86_64-mingw32/bin/../lib/gcc/nios2-elf/4.8.3\libgcc.a(_umoddi3.o)
                0x0000000000009bc8                __umoddi3
 .text          0x000000000000a160      0x114 c:/altera/14.1/nios2eds/bin/gnu/h-x86_64-mingw32/bin/../lib/gcc/nios2-elf/4.8.3\libgcc.a(lib2-divmod.o)
                0x000000000000a1d0                __divsi3
                0x000000000000a218                __modsi3
                0x000000000000a264                __udivsi3
                0x000000000000a26c                __umodsi3
 .text          0x000000000000a274      0x87c c:/altera/14.1/nios2eds/bin/gnu/h-x86_64-mingw32/bin/../lib/gcc/nios2-elf/4.8.3\libgcc.a(adddf3.o)
                0x000000000000a274                __adddf3
 .text          0x000000000000aaf0      0x8d4 c:/altera/14.1/nios2eds/bin/gnu/h-x86_64-mingw32/bin/../lib/gcc/nios2-elf/4.8.3\libgcc.a(divdf3.o)
                0x000000000000aaf0                __divdf3
 .text          0x000000000000b3c4       0x84 c:/altera/14.1/nios2eds/bin/gnu/h-x86_64-mingw32/bin/../lib/gcc/nios2-elf/4.8.3\libgcc.a(eqdf2.o)
                0x000000000000b3c4                __nedf2
                0x000000000000b3c4                __eqdf2
 .text          0x000000000000b448       0xd8 c:/altera/14.1/nios2eds/bin/gnu/h-x86_64-mingw32/bin/../lib/gcc/nios2-elf/4.8.3\libgcc.a(gedf2.o)
                0x000000000000b448                __gedf2
                0x000000000000b448                __gtdf2
 .text          0x000000000000b520       0xec c:/altera/14.1/nios2eds/bin/gnu/h-x86_64-mingw32/bin/../lib/gcc/nios2-elf/4.8.3\libgcc.a(ledf2.o)
                0x000000000000b520                __ledf2
                0x000000000000b520                __ltdf2
 .text          0x000000000000b60c      0x6ec c:/altera/14.1/nios2eds/bin/gnu/h-x86_64-mingw32/bin/../lib/gcc/nios2-elf/4.8.3\libgcc.a(muldf3.o)
                0x000000000000b60c                __muldf3
 .text          0x000000000000bcf8      0x888 c:/altera/14.1/nios2eds/bin/gnu/h-x86_64-mingw32/bin/../lib/gcc/nios2-elf/4.8.3\libgcc.a(subdf3.o)
                0x000000000000bcf8                __subdf3
 .text          0x000000000000c580       0x80 c:/altera/14.1/nios2eds/bin/gnu/h-x86_64-mingw32/bin/../lib/gcc/nios2-elf/4.8.3\libgcc.a(fixdfsi.o)
                0x000000000000c580                __fixdfsi
 .text          0x000000000000c600       0xd0 c:/altera/14.1/nios2eds/bin/gnu/h-x86_64-mingw32/bin/../lib/gcc/nios2-elf/4.8.3\libgcc.a(floatsidf.o)
                0x000000000000c600                __floatsidf
 .text          0x000000000000c6d0       0xa0 c:/altera/14.1/nios2eds/bin/gnu/h-x86_64-mingw32/bin/../lib/gcc/nios2-elf/4.8.3\libgcc.a(floatunsidf.o)
                0x000000000000c6d0                __floatunsidf
 .text          0x000000000000c770        0x0 c:/altera/14.1/nios2eds/bin/gnu/h-x86_64-mingw32/bin/../lib/gcc/nios2-elf/4.8.3\libgcc.a(_clz.o)
 .text          0x000000000000c770       0xac c:/altera/14.1/nios2eds/bin/gnu/h-x86_64-mingw32/bin/../lib/gcc/nios2-elf/4.8.3\libgcc.a(_clzsi2.o)
                0x000000000000c770                __clzsi2
 .text          0x000000000000c81c      0x118 ../Timer_bsp/\libhal_bsp.a(alt_close.o)
                0x000000000000c86c                close
 .text          0x000000000000c934       0x2c ../Timer_bsp/\libhal_bsp.a(alt_dev.o)
 .text          0x000000000000c960        0x0 ../Timer_bsp/\libhal_bsp.a(alt_errno.o)
 .text          0x000000000000c960       0xfc ../Timer_bsp/\libhal_bsp.a(alt_fstat.o)
                0x000000000000c9b0                fstat
 .text          0x000000000000ca5c      0x1d8 ../Timer_bsp/\libhal_bsp.a(alt_iic.o)
                0x000000000000ca5c                alt_ic_isr_register
                0x000000000000caac                alt_ic_irq_enable
                0x000000000000cb48                alt_ic_irq_disable
                0x000000000000cbe8                alt_ic_irq_enabled
 .text          0x000000000000cc34       0xf0 ../Timer_bsp/\libhal_bsp.a(alt_iic_isr_register.o)
                0x000000000000cc34                alt_iic_isr_register
 .text          0x000000000000cd24        0x0 ../Timer_bsp/\libhal_bsp.a(alt_irq_entry.o)
 .text          0x000000000000cd24        0x0 ../Timer_bsp/\libhal_bsp.a(alt_irq_handler.o)
 .text          0x000000000000cd24        0x0 ../Timer_bsp/\libhal_bsp.a(alt_irq_vars.o)
 .text          0x000000000000cd24       0xf0 ../Timer_bsp/\libhal_bsp.a(alt_isatty.o)
                0x000000000000cd74                isatty
 .text          0x000000000000ce14       0xe4 ../Timer_bsp/\libhal_bsp.a(alt_load.o)
                0x000000000000ce78                alt_load
 .text          0x000000000000cef8      0x120 ../Timer_bsp/\libhal_bsp.a(alt_lseek.o)
                0x000000000000cf48                lseek
 .text          0x000000000000d018       0x78 ../Timer_bsp/\libhal_bsp.a(alt_main.o)
                0x000000000000d018                alt_main
 .text          0x000000000000d090       0x40 ../Timer_bsp/\libhal_bsp.a(alt_malloc_lock.o)
                0x000000000000d090                __malloc_lock
                0x000000000000d0b0                __malloc_unlock
 .text          0x000000000000d0d0      0x140 ../Timer_bsp/\libhal_bsp.a(alt_read.o)
                0x000000000000d120                read
 .text          0x000000000000d210       0x60 ../Timer_bsp/\libhal_bsp.a(alt_release_fd.o)
                0x000000000000d210                alt_release_fd
 .text          0x000000000000d270       0xb0 ../Timer_bsp/\libhal_bsp.a(alt_sbrk.o)
                0x000000000000d270                sbrk
 .text          0x000000000000d320       0x30 ../Timer_bsp/\libhal_bsp.a(alt_usleep.o)
                0x000000000000d320                usleep
 .text          0x000000000000d350      0x13c ../Timer_bsp/\libhal_bsp.a(alt_write.o)
                0x000000000000d3a0                write
 .text          0x000000000000d48c       0xb0 ../Timer_bsp/\libhal_bsp.a(alt_sys_init.o)
                0x000000000000d4c4                alt_irq_init
                0x000000000000d4f8                alt_sys_init
 .text          0x000000000000d53c      0x164 ../Timer_bsp/\libhal_bsp.a(altera_avalon_jtag_uart_fd.o)
                0x000000000000d53c                altera_avalon_jtag_uart_read_fd
                0x000000000000d59c                altera_avalon_jtag_uart_write_fd
                0x000000000000d5fc                altera_avalon_jtag_uart_close_fd
                0x000000000000d64c                altera_avalon_jtag_uart_ioctl_fd
 .text          0x000000000000d6a0      0x3c8 ../Timer_bsp/\libhal_bsp.a(altera_avalon_jtag_uart_init.o)
                0x000000000000d6a0                altera_avalon_jtag_uart_init
                0x000000000000da00                altera_avalon_jtag_uart_close
 .text          0x000000000000da68       0xec ../Timer_bsp/\libhal_bsp.a(altera_avalon_jtag_uart_ioctl.o)
                0x000000000000da68                altera_avalon_jtag_uart_ioctl
 .text          0x000000000000db54      0x208 ../Timer_bsp/\libhal_bsp.a(altera_avalon_jtag_uart_read.o)
                0x000000000000db54                altera_avalon_jtag_uart_read
 .text          0x000000000000dd5c      0x218 ../Timer_bsp/\libhal_bsp.a(altera_avalon_jtag_uart_write.o)
                0x000000000000dd5c                altera_avalon_jtag_uart_write
 .text          0x000000000000df74      0x140 ../Timer_bsp/\libhal_bsp.a(alt_alarm_start.o)
                0x000000000000df74                alt_alarm_start
 .text          0x000000000000e0b4      0x154 ../Timer_bsp/\libhal_bsp.a(alt_busy_sleep.o)
                0x000000000000e0b4                alt_busy_sleep
 .text          0x000000000000e208       0x44 ../Timer_bsp/\libhal_bsp.a(alt_dcache_flush_all.o)
                0x000000000000e208                alt_dcache_flush_all
 .text          0x000000000000e24c       0xf0 ../Timer_bsp/\libhal_bsp.a(alt_dev_llist_insert.o)
                0x000000000000e29c                alt_dev_llist_insert
 .text          0x000000000000e33c       0x5c ../Timer_bsp/\libhal_bsp.a(alt_do_ctors.o)
                0x000000000000e33c                _do_ctors
 .text          0x000000000000e398       0x5c ../Timer_bsp/\libhal_bsp.a(alt_do_dtors.o)
                0x000000000000e398                _do_dtors
 .text          0x000000000000e3f4        0x0 ../Timer_bsp/\libhal_bsp.a(alt_exception_entry.o)
 .text          0x000000000000e3f4       0x30 ../Timer_bsp/\libhal_bsp.a(alt_icache_flush_all.o)
                0x000000000000e3f4                alt_icache_flush_all
 .text          0x000000000000e424      0x138 ../Timer_bsp/\libhal_bsp.a(alt_io_redirect.o)
                0x000000000000e4e4                alt_io_redirect
 .text          0x000000000000e55c      0x270 ../Timer_bsp/\libhal_bsp.a(alt_open.o)
                0x000000000000e678                open
 .text          0x000000000000e7cc      0x19c ../Timer_bsp/\libhal_bsp.a(alt_tick.o)
                0x000000000000e7cc                alt_alarm_stop
                0x000000000000e864                alt_tick
 .text          0x000000000000e968       0x20 ../Timer_bsp/\libhal_bsp.a(altera_nios2_qsys_irq.o)
                0x000000000000e968                altera_nios2_qsys_irq_init
 .text          0x000000000000e988       0x90 ../Timer_bsp/\libhal_bsp.a(alt_find_dev.o)
                0x000000000000e988                alt_find_dev
 .text          0x000000000000ea18      0x114 ../Timer_bsp/\libhal_bsp.a(alt_find_file.o)
                0x000000000000ea18                alt_find_file
 .text          0x000000000000eb2c       0xb4 ../Timer_bsp/\libhal_bsp.a(alt_get_fd.o)
                0x000000000000eb2c                alt_get_fd
 .text          0x000000000000ebe0       0x8c ../Timer_bsp/\libhal_bsp.a(alt_icache_flush.o)
                0x000000000000ebe0                alt_icache_flush
 .text          0x000000000000ec6c       0x14 c:/altera/14.1/nios2eds/bin/gnu/h-x86_64-mingw32/bin/../lib/gcc/nios2-elf/4.8.3/../../../../../H-x86_64-mingw32/nios2-elf/lib\libc.a(lib_a-atexit.o)
                0x000000000000ec6c                atexit
 .text          0x000000000000ec80       0x38 c:/altera/14.1/nios2eds/bin/gnu/h-x86_64-mingw32/bin/../lib/gcc/nios2-elf/4.8.3/../../../../../H-x86_64-mingw32/nios2-elf/lib\libc.a(lib_a-exit.o)
                0x000000000000ec80                exit
 .text          0x000000000000ecb8       0x7c c:/altera/14.1/nios2eds/bin/gnu/h-x86_64-mingw32/bin/../lib/gcc/nios2-elf/4.8.3/../../../../../H-x86_64-mingw32/nios2-elf/lib\libc.a(lib_a-memcmp.o)
                0x000000000000ecb8                memcmp
 .text          0x000000000000ed34      0x11c c:/altera/14.1/nios2eds/bin/gnu/h-x86_64-mingw32/bin/../lib/gcc/nios2-elf/4.8.3/../../../../../H-x86_64-mingw32/nios2-elf/lib\libc.a(lib_a-__atexit.o)
                0x000000000000ed34                __register_exitproc
 .text          0x000000000000ee50      0x1a4 c:/altera/14.1/nios2eds/bin/gnu/h-x86_64-mingw32/bin/../lib/gcc/nios2-elf/4.8.3/../../../../../H-x86_64-mingw32/nios2-elf/lib\libc.a(lib_a-__call_atexit.o)
                0x000000000000ee50                __call_exitprocs
 .text          0x000000000000eff4       0x34 ../Timer_bsp/\libhal_bsp.a(alt_exit.o)
                0x000000000000eff4                _exit
 *(.gnu.warning.*)
 *(.fini)
                0x000000000000f028                PROVIDE (__etext, ABSOLUTE (.))
                0x000000000000f028                PROVIDE (_etext, ABSOLUTE (.))
                0x000000000000f028                PROVIDE (etext, ABSOLUTE (.))
 *(.eh_frame_hdr)
                0x000000000000f028                . = ALIGN (0x4)
                0x000000000000f028                PROVIDE (__preinit_array_start, ABSOLUTE (.))
 *(.preinit_array)
                0x000000000000f028                PROVIDE (__preinit_array_end, ABSOLUTE (.))
                0x000000000000f028                PROVIDE (__init_array_start, ABSOLUTE (.))
 *(.init_array)
                0x000000000000f028                PROVIDE (__init_array_end, ABSOLUTE (.))
                0x000000000000f028                PROVIDE (__fini_array_start, ABSOLUTE (.))
 *(.fini_array)
                0x000000000000f028                PROVIDE (__fini_array_end, ABSOLUTE (.))
 *(.eh_frame)
 *(.gcc_except_table .gcc_except_table.*)
 *(.dynamic)
                0x000000000000f028                PROVIDE (__CTOR_LIST__, ABSOLUTE (.))
 *(.ctors)
 *(SORT(.ctors.*))
                0x000000000000f028                PROVIDE (__CTOR_END__, ABSOLUTE (.))
                0x000000000000f028                PROVIDE (__DTOR_LIST__, ABSOLUTE (.))
 *(.dtors)
 *(SORT(.dtors.*))
                0x000000000000f028                PROVIDE (__DTOR_END__, ABSOLUTE (.))
 *(.jcr)
                0x000000000000f028                . = ALIGN (0x4)

.rodata         0x000000000000f028      0x350
                0x000000000000f028                PROVIDE (__ram_rodata_start, ABSOLUTE (.))
                0x000000000000f028                . = ALIGN (0x4)
 *(.rodata .rodata.* .gnu.linkonce.r.*)
 .rodata        0x000000000000f028       0x50 obj/default/hello_world.o
 .rodata.str1.4
                0x000000000000f078        0x2 c:/altera/14.1/nios2eds/bin/gnu/h-x86_64-mingw32/bin/../lib/gcc/nios2-elf/4.8.3/../../../../../H-x86_64-mingw32/nios2-elf/lib\libc.a(lib_a-puts.o)
                                          0x4 (size before relaxing)
 *fill*         0x000000000000f07a        0x2 
 .rodata.str1.4
                0x000000000000f07c       0x42 c:/altera/14.1/nios2eds/bin/gnu/h-x86_64-mingw32/bin/../lib/gcc/nios2-elf/4.8.3/../../../../../H-x86_64-mingw32/nios2-elf/lib\libc.a(lib_a-vfprintf.o)
                                         0x44 (size before relaxing)
 .rodata        0x000000000000f0be       0x20 c:/altera/14.1/nios2eds/bin/gnu/h-x86_64-mingw32/bin/../lib/gcc/nios2-elf/4.8.3/../../../../../H-x86_64-mingw32/nios2-elf/lib\libc.a(lib_a-vfprintf.o)
 *fill*         0x000000000000f0de        0x2 
 .rodata.str1.4
                0x000000000000f0e0       0x10 c:/altera/14.1/nios2eds/bin/gnu/h-x86_64-mingw32/bin/../lib/gcc/nios2-elf/4.8.3/../../../../../H-x86_64-mingw32/nios2-elf/lib\libc.a(lib_a-dtoa.o)
                                         0x14 (size before relaxing)
 .rodata.str1.4
                0x000000000000f0f0        0x2 c:/altera/14.1/nios2eds/bin/gnu/h-x86_64-mingw32/bin/../lib/gcc/nios2-elf/4.8.3/../../../../../H-x86_64-mingw32/nios2-elf/lib\libc.a(lib_a-impure.o)
                                          0x4 (size before relaxing)
 *fill*         0x000000000000f0f2        0x2 
 .rodata.str1.4
                0x000000000000f0f4        0xc c:/altera/14.1/nios2eds/bin/gnu/h-x86_64-mingw32/bin/../lib/gcc/nios2-elf/4.8.3/../../../../../H-x86_64-mingw32/nios2-elf/lib\libc.a(lib_a-locale.o)
                                         0x14 (size before relaxing)
 .rodata        0x000000000000f100      0x124 c:/altera/14.1/nios2eds/bin/gnu/h-x86_64-mingw32/bin/../lib/gcc/nios2-elf/4.8.3/../../../../../H-x86_64-mingw32/nios2-elf/lib\libc.a(lib_a-mprec.o)
                0x000000000000f10c                __mprec_tinytens
                0x000000000000f134                __mprec_bigtens
                0x000000000000f15c                __mprec_tens
 .rodata.str1.4
                0x0000000000000000       0x30 c:/altera/14.1/nios2eds/bin/gnu/h-x86_64-mingw32/bin/../lib/gcc/nios2-elf/4.8.3/../../../../../H-x86_64-mingw32/nios2-elf/lib\libc.a(lib_a-vfiprintf.o)
 .rodata        0x000000000000f224       0x20 c:/altera/14.1/nios2eds/bin/gnu/h-x86_64-mingw32/bin/../lib/gcc/nios2-elf/4.8.3/../../../../../H-x86_64-mingw32/nios2-elf/lib\libc.a(lib_a-vfiprintf.o)
 .rodata        0x000000000000f244      0x100 c:/altera/14.1/nios2eds/bin/gnu/h-x86_64-mingw32/bin/../lib/gcc/nios2-elf/4.8.3\libgcc.a(_clz.o)
                0x000000000000f244                __clz_tab
 .rodata        0x000000000000f344        0xc ../Timer_bsp/\libhal_bsp.a(alt_dev.o)
 .rodata        0x000000000000f350       0x14 ../Timer_bsp/\libhal_bsp.a(alt_main.o)
 .rodata        0x000000000000f364       0x14 ../Timer_bsp/\libhal_bsp.a(alt_sys_init.o)
 *(.rodata1)
                0x000000000000f378                . = ALIGN (0x4)
                0x000000000000f378                PROVIDE (__ram_rodata_end, ABSOLUTE (.))
                0x000000000000f028                PROVIDE (__flash_rodata_start, LOADADDR (.rodata))

.rwdata         0x000000000000f378     0x1aec load address 0x0000000000010e64
                0x000000000000f378                PROVIDE (__ram_rwdata_start, ABSOLUTE (.))
                0x000000000000f378                . = ALIGN (0x4)
 *(.got.plt)
 *(.got)
 *(.data1)
 *(.data .data.* .gnu.linkonce.d.*)
 .data          0x000000000000f378        0x0 ../Timer_bsp//obj/HAL/src/crt0.o
 .data          0x000000000000f378        0x0 obj/default/hello_world.o
 .data          0x000000000000f378        0x0 obj/default/leds.o
 .data          0x000000000000f378        0x0 obj/default/timer.o
 .data          0x000000000000f378        0x0 c:/altera/14.1/nios2eds/bin/gnu/h-x86_64-mingw32/bin/../lib/gcc/nios2-elf/4.8.3/../../../../../H-x86_64-mingw32/nios2-elf/lib\libc.a(lib_a-printf.o)
 .data          0x000000000000f378        0x0 c:/altera/14.1/nios2eds/bin/gnu/h-x86_64-mingw32/bin/../lib/gcc/nios2-elf/4.8.3/../../../../../H-x86_64-mingw32/nios2-elf/lib\libc.a(lib_a-puts.o)
 .data          0x000000000000f378        0x0 c:/altera/14.1/nios2eds/bin/gnu/h-x86_64-mingw32/bin/../lib/gcc/nios2-elf/4.8.3/../../../../../H-x86_64-mingw32/nios2-elf/lib\libc.a(lib_a-strlen.o)
 .data          0x000000000000f378        0x0 c:/altera/14.1/nios2eds/bin/gnu/h-x86_64-mingw32/bin/../lib/gcc/nios2-elf/4.8.3/../../../../../H-x86_64-mingw32/nios2-elf/lib\libc.a(lib_a-vfprintf.o)
 .data          0x000000000000f378        0x0 c:/altera/14.1/nios2eds/bin/gnu/h-x86_64-mingw32/bin/../lib/gcc/nios2-elf/4.8.3/../../../../../H-x86_64-mingw32/nios2-elf/lib\libc.a(lib_a-wsetup.o)
 .data          0x000000000000f378        0x0 c:/altera/14.1/nios2eds/bin/gnu/h-x86_64-mingw32/bin/../lib/gcc/nios2-elf/4.8.3/../../../../../H-x86_64-mingw32/nios2-elf/lib\libc.a(lib_a-dtoa.o)
 .data          0x000000000000f378        0x0 c:/altera/14.1/nios2eds/bin/gnu/h-x86_64-mingw32/bin/../lib/gcc/nios2-elf/4.8.3/../../../../../H-x86_64-mingw32/nios2-elf/lib\libc.a(lib_a-fflush.o)
 .data          0x000000000000f378        0x0 c:/altera/14.1/nios2eds/bin/gnu/h-x86_64-mingw32/bin/../lib/gcc/nios2-elf/4.8.3/../../../../../H-x86_64-mingw32/nios2-elf/lib\libc.a(lib_a-findfp.o)
 .data          0x000000000000f378        0x0 c:/altera/14.1/nios2eds/bin/gnu/h-x86_64-mingw32/bin/../lib/gcc/nios2-elf/4.8.3/../../../../../H-x86_64-mingw32/nios2-elf/lib\libc.a(lib_a-freer.o)
 .data          0x000000000000f378        0x0 c:/altera/14.1/nios2eds/bin/gnu/h-x86_64-mingw32/bin/../lib/gcc/nios2-elf/4.8.3/../../../../../H-x86_64-mingw32/nios2-elf/lib\libc.a(lib_a-fvwrite.o)
 .data          0x000000000000f378        0x0 c:/altera/14.1/nios2eds/bin/gnu/h-x86_64-mingw32/bin/../lib/gcc/nios2-elf/4.8.3/../../../../../H-x86_64-mingw32/nios2-elf/lib\libc.a(lib_a-fwalk.o)
 .data          0x000000000000f378      0x424 c:/altera/14.1/nios2eds/bin/gnu/h-x86_64-mingw32/bin/../lib/gcc/nios2-elf/4.8.3/../../../../../H-x86_64-mingw32/nios2-elf/lib\libc.a(lib_a-impure.o)
 .data          0x000000000000f79c       0x78 c:/altera/14.1/nios2eds/bin/gnu/h-x86_64-mingw32/bin/../lib/gcc/nios2-elf/4.8.3/../../../../../H-x86_64-mingw32/nios2-elf/lib\libc.a(lib_a-locale.o)
 .data          0x000000000000f814        0x0 c:/altera/14.1/nios2eds/bin/gnu/h-x86_64-mingw32/bin/../lib/gcc/nios2-elf/4.8.3/../../../../../H-x86_64-mingw32/nios2-elf/lib\libc.a(lib_a-makebuf.o)
 .data          0x000000000000f814      0x408 c:/altera/14.1/nios2eds/bin/gnu/h-x86_64-mingw32/bin/../lib/gcc/nios2-elf/4.8.3/../../../../../H-x86_64-mingw32/nios2-elf/lib\libc.a(lib_a-mallocr.o)
                0x000000000000f814                __malloc_av_
 .data          0x000000000000fc1c        0x0 c:/altera/14.1/nios2eds/bin/gnu/h-x86_64-mingw32/bin/../lib/gcc/nios2-elf/4.8.3/../../../../../H-x86_64-mingw32/nios2-elf/lib\libc.a(lib_a-memchr.o)
 .data          0x000000000000fc1c        0x0 c:/altera/14.1/nios2eds/bin/gnu/h-x86_64-mingw32/bin/../lib/gcc/nios2-elf/4.8.3/../../../../../H-x86_64-mingw32/nios2-elf/lib\libc.a(lib_a-memcpy.o)
 .data          0x000000000000fc1c        0x0 c:/altera/14.1/nios2eds/bin/gnu/h-x86_64-mingw32/bin/../lib/gcc/nios2-elf/4.8.3/../../../../../H-x86_64-mingw32/nios2-elf/lib\libc.a(lib_a-memmove.o)
 .data          0x000000000000fc1c        0x0 c:/altera/14.1/nios2eds/bin/gnu/h-x86_64-mingw32/bin/../lib/gcc/nios2-elf/4.8.3/../../../../../H-x86_64-mingw32/nios2-elf/lib\libc.a(lib_a-memset.o)
 .data          0x000000000000fc1c        0x0 c:/altera/14.1/nios2eds/bin/gnu/h-x86_64-mingw32/bin/../lib/gcc/nios2-elf/4.8.3/../../../../../H-x86_64-mingw32/nios2-elf/lib\libc.a(lib_a-mprec.o)
 .data          0x000000000000fc1c        0x0 c:/altera/14.1/nios2eds/bin/gnu/h-x86_64-mingw32/bin/../lib/gcc/nios2-elf/4.8.3/../../../../../H-x86_64-mingw32/nios2-elf/lib\libc.a(lib_a-reallocr.o)
 .data          0x000000000000fc1c        0x0 c:/altera/14.1/nios2eds/bin/gnu/h-x86_64-mingw32/bin/../lib/gcc/nios2-elf/4.8.3/../../../../../H-x86_64-mingw32/nios2-elf/lib\libc.a(lib_a-s_fpclassify.o)
 .data          0x000000000000fc1c        0x0 c:/altera/14.1/nios2eds/bin/gnu/h-x86_64-mingw32/bin/../lib/gcc/nios2-elf/4.8.3/../../../../../H-x86_64-mingw32/nios2-elf/lib\libc.a(lib_a-sbrkr.o)
 .data          0x000000000000fc1c        0x0 c:/altera/14.1/nios2eds/bin/gnu/h-x86_64-mingw32/bin/../lib/gcc/nios2-elf/4.8.3/../../../../../H-x86_64-mingw32/nios2-elf/lib\libc.a(lib_a-stdio.o)
 .data          0x000000000000fc1c        0x0 c:/altera/14.1/nios2eds/bin/gnu/h-x86_64-mingw32/bin/../lib/gcc/nios2-elf/4.8.3/../../../../../H-x86_64-mingw32/nios2-elf/lib\libc.a(lib_a-strcmp.o)
 .data          0x000000000000fc1c        0x0 c:/altera/14.1/nios2eds/bin/gnu/h-x86_64-mingw32/bin/../lib/gcc/nios2-elf/4.8.3/../../../../../H-x86_64-mingw32/nios2-elf/lib\libc.a(lib_a-vfiprintf.o)
 .data          0x000000000000fc1c        0x0 c:/altera/14.1/nios2eds/bin/gnu/h-x86_64-mingw32/bin/../lib/gcc/nios2-elf/4.8.3/../../../../../H-x86_64-mingw32/nios2-elf/lib\libc.a(lib_a-writer.o)
 .data          0x000000000000fc1c        0x0 c:/altera/14.1/nios2eds/bin/gnu/h-x86_64-mingw32/bin/../lib/gcc/nios2-elf/4.8.3/../../../../../H-x86_64-mingw32/nios2-elf/lib\libc.a(closer.o)
 .data          0x000000000000fc1c        0x0 c:/altera/14.1/nios2eds/bin/gnu/h-x86_64-mingw32/bin/../lib/gcc/nios2-elf/4.8.3/../../../../../H-x86_64-mingw32/nios2-elf/lib\libc.a(lib_a-callocr.o)
 .data          0x000000000000fc1c        0x0 c:/altera/14.1/nios2eds/bin/gnu/h-x86_64-mingw32/bin/../lib/gcc/nios2-elf/4.8.3/../../../../../H-x86_64-mingw32/nios2-elf/lib\libc.a(lib_a-fclose.o)
 .data          0x000000000000fc1c        0x0 c:/altera/14.1/nios2eds/bin/gnu/h-x86_64-mingw32/bin/../lib/gcc/nios2-elf/4.8.3/../../../../../H-x86_64-mingw32/nios2-elf/lib\libc.a(lib_a-fputwc.o)
 .data          0x000000000000fc1c        0x0 c:/altera/14.1/nios2eds/bin/gnu/h-x86_64-mingw32/bin/../lib/gcc/nios2-elf/4.8.3/../../../../../H-x86_64-mingw32/nios2-elf/lib\libc.a(lib_a-fstatr.o)
 .data          0x000000000000fc1c        0x0 c:/altera/14.1/nios2eds/bin/gnu/h-x86_64-mingw32/bin/../lib/gcc/nios2-elf/4.8.3/../../../../../H-x86_64-mingw32/nios2-elf/lib\libc.a(lib_a-int_errno.o)
 .data          0x000000000000fc1c        0x0 c:/altera/14.1/nios2eds/bin/gnu/h-x86_64-mingw32/bin/../lib/gcc/nios2-elf/4.8.3/../../../../../H-x86_64-mingw32/nios2-elf/lib\libc.a(lib_a-isattyr.o)
 .data          0x000000000000fc1c        0x0 c:/altera/14.1/nios2eds/bin/gnu/h-x86_64-mingw32/bin/../lib/gcc/nios2-elf/4.8.3/../../../../../H-x86_64-mingw32/nios2-elf/lib\libc.a(lib_a-lseekr.o)
 .data          0x000000000000fc1c        0x0 c:/altera/14.1/nios2eds/bin/gnu/h-x86_64-mingw32/bin/../lib/gcc/nios2-elf/4.8.3/../../../../../H-x86_64-mingw32/nios2-elf/lib\libc.a(lib_a-readr.o)
 .data          0x000000000000fc1c        0x0 c:/altera/14.1/nios2eds/bin/gnu/h-x86_64-mingw32/bin/../lib/gcc/nios2-elf/4.8.3/../../../../../H-x86_64-mingw32/nios2-elf/lib\libc.a(lib_a-wbuf.o)
 .data          0x000000000000fc1c        0x0 c:/altera/14.1/nios2eds/bin/gnu/h-x86_64-mingw32/bin/../lib/gcc/nios2-elf/4.8.3/../../../../../H-x86_64-mingw32/nios2-elf/lib\libc.a(lib_a-wcrtomb.o)
 .data          0x000000000000fc1c        0x0 c:/altera/14.1/nios2eds/bin/gnu/h-x86_64-mingw32/bin/../lib/gcc/nios2-elf/4.8.3/../../../../../H-x86_64-mingw32/nios2-elf/lib\libc.a(lib_a-wctomb_r.o)
 .data          0x000000000000fc1c        0x0 c:/altera/14.1/nios2eds/bin/gnu/h-x86_64-mingw32/bin/../lib/gcc/nios2-elf/4.8.3\libgcc.a(_udivdi3.o)
 .data          0x000000000000fc1c        0x0 c:/altera/14.1/nios2eds/bin/gnu/h-x86_64-mingw32/bin/../lib/gcc/nios2-elf/4.8.3\libgcc.a(_umoddi3.o)
 .data          0x000000000000fc1c        0x0 c:/altera/14.1/nios2eds/bin/gnu/h-x86_64-mingw32/bin/../lib/gcc/nios2-elf/4.8.3\libgcc.a(lib2-divmod.o)
 .data          0x000000000000fc1c        0x0 c:/altera/14.1/nios2eds/bin/gnu/h-x86_64-mingw32/bin/../lib/gcc/nios2-elf/4.8.3\libgcc.a(adddf3.o)
 .data          0x000000000000fc1c        0x0 c:/altera/14.1/nios2eds/bin/gnu/h-x86_64-mingw32/bin/../lib/gcc/nios2-elf/4.8.3\libgcc.a(divdf3.o)
 .data          0x000000000000fc1c        0x0 c:/altera/14.1/nios2eds/bin/gnu/h-x86_64-mingw32/bin/../lib/gcc/nios2-elf/4.8.3\libgcc.a(eqdf2.o)
 .data          0x000000000000fc1c        0x0 c:/altera/14.1/nios2eds/bin/gnu/h-x86_64-mingw32/bin/../lib/gcc/nios2-elf/4.8.3\libgcc.a(gedf2.o)
 .data          0x000000000000fc1c        0x0 c:/altera/14.1/nios2eds/bin/gnu/h-x86_64-mingw32/bin/../lib/gcc/nios2-elf/4.8.3\libgcc.a(ledf2.o)
 .data          0x000000000000fc1c        0x0 c:/altera/14.1/nios2eds/bin/gnu/h-x86_64-mingw32/bin/../lib/gcc/nios2-elf/4.8.3\libgcc.a(muldf3.o)
 .data          0x000000000000fc1c        0x0 c:/altera/14.1/nios2eds/bin/gnu/h-x86_64-mingw32/bin/../lib/gcc/nios2-elf/4.8.3\libgcc.a(subdf3.o)
 .data          0x000000000000fc1c        0x0 c:/altera/14.1/nios2eds/bin/gnu/h-x86_64-mingw32/bin/../lib/gcc/nios2-elf/4.8.3\libgcc.a(fixdfsi.o)
 .data          0x000000000000fc1c        0x0 c:/altera/14.1/nios2eds/bin/gnu/h-x86_64-mingw32/bin/../lib/gcc/nios2-elf/4.8.3\libgcc.a(floatsidf.o)
 .data          0x000000000000fc1c        0x0 c:/altera/14.1/nios2eds/bin/gnu/h-x86_64-mingw32/bin/../lib/gcc/nios2-elf/4.8.3\libgcc.a(floatunsidf.o)
 .data          0x000000000000fc1c        0x0 c:/altera/14.1/nios2eds/bin/gnu/h-x86_64-mingw32/bin/../lib/gcc/nios2-elf/4.8.3\libgcc.a(_clz.o)
 .data          0x000000000000fc1c        0x0 c:/altera/14.1/nios2eds/bin/gnu/h-x86_64-mingw32/bin/../lib/gcc/nios2-elf/4.8.3\libgcc.a(_clzsi2.o)
 .data          0x000000000000fc1c        0x0 ../Timer_bsp/\libhal_bsp.a(alt_close.o)
 .data          0x000000000000fc1c      0x1a8 ../Timer_bsp/\libhal_bsp.a(alt_dev.o)
                0x000000000000fc1c                alt_dev_null
                0x000000000000fc44                alt_fd_list
 .data          0x000000000000fdc4        0x0 ../Timer_bsp/\libhal_bsp.a(alt_errno.o)
 .data          0x000000000000fdc4        0x0 ../Timer_bsp/\libhal_bsp.a(alt_fstat.o)
 .data          0x000000000000fdc4        0x0 ../Timer_bsp/\libhal_bsp.a(alt_iic.o)
 .data          0x000000000000fdc4        0x0 ../Timer_bsp/\libhal_bsp.a(alt_iic_isr_register.o)
 .data          0x000000000000fdc4        0x0 ../Timer_bsp/\libhal_bsp.a(alt_irq_entry.o)
 .data          0x000000000000fdc4        0x0 ../Timer_bsp/\libhal_bsp.a(alt_irq_handler.o)
 .data          0x000000000000fdc4        0x0 ../Timer_bsp/\libhal_bsp.a(alt_irq_vars.o)
 .data          0x000000000000fdc4        0x0 ../Timer_bsp/\libhal_bsp.a(alt_isatty.o)
 .data          0x000000000000fdc4        0x0 ../Timer_bsp/\libhal_bsp.a(alt_load.o)
 .data          0x000000000000fdc4        0x0 ../Timer_bsp/\libhal_bsp.a(alt_lseek.o)
 .data          0x000000000000fdc4        0x0 ../Timer_bsp/\libhal_bsp.a(alt_main.o)
 .data          0x000000000000fdc4        0x0 ../Timer_bsp/\libhal_bsp.a(alt_malloc_lock.o)
 .data          0x000000000000fdc4        0x0 ../Timer_bsp/\libhal_bsp.a(alt_read.o)
 .data          0x000000000000fdc4        0x0 ../Timer_bsp/\libhal_bsp.a(alt_release_fd.o)
 .data          0x000000000000fdc4        0x0 ../Timer_bsp/\libhal_bsp.a(alt_sbrk.o)
 .data          0x000000000000fdc4        0x0 ../Timer_bsp/\libhal_bsp.a(alt_usleep.o)
 .data          0x000000000000fdc4        0x0 ../Timer_bsp/\libhal_bsp.a(alt_write.o)
 .data          0x000000000000fdc4     0x1060 ../Timer_bsp/\libhal_bsp.a(alt_sys_init.o)
 .data          0x0000000000010e24        0x0 ../Timer_bsp/\libhal_bsp.a(altera_avalon_jtag_uart_fd.o)
 .data          0x0000000000010e24        0x0 ../Timer_bsp/\libhal_bsp.a(altera_avalon_jtag_uart_init.o)
 .data          0x0000000000010e24        0x0 ../Timer_bsp/\libhal_bsp.a(altera_avalon_jtag_uart_ioctl.o)
 .data          0x0000000000010e24        0x0 ../Timer_bsp/\libhal_bsp.a(altera_avalon_jtag_uart_read.o)
 .data          0x0000000000010e24        0x0 ../Timer_bsp/\libhal_bsp.a(altera_avalon_jtag_uart_write.o)
 .data          0x0000000000010e24        0x0 ../Timer_bsp/\libhal_bsp.a(alt_alarm_start.o)
 .data          0x0000000000010e24        0x0 ../Timer_bsp/\libhal_bsp.a(alt_busy_sleep.o)
 .data          0x0000000000010e24        0x0 ../Timer_bsp/\libhal_bsp.a(alt_dcache_flush_all.o)
 .data          0x0000000000010e24        0x0 ../Timer_bsp/\libhal_bsp.a(alt_dev_llist_insert.o)
 .data          0x0000000000010e24        0x0 ../Timer_bsp/\libhal_bsp.a(alt_do_ctors.o)
 .data          0x0000000000010e24        0x0 ../Timer_bsp/\libhal_bsp.a(alt_do_dtors.o)
 .data          0x0000000000010e24        0x0 ../Timer_bsp/\libhal_bsp.a(alt_exception_entry.o)
 .data          0x0000000000010e24        0x0 ../Timer_bsp/\libhal_bsp.a(alt_icache_flush_all.o)
 .data          0x0000000000010e24        0x0 ../Timer_bsp/\libhal_bsp.a(alt_io_redirect.o)
 .data          0x0000000000010e24        0x0 ../Timer_bsp/\libhal_bsp.a(alt_open.o)
 .data          0x0000000000010e24        0x0 ../Timer_bsp/\libhal_bsp.a(alt_tick.o)
 .data          0x0000000000010e24        0x0 ../Timer_bsp/\libhal_bsp.a(altera_nios2_qsys_irq.o)
 .data          0x0000000000010e24        0x0 ../Timer_bsp/\libhal_bsp.a(alt_find_dev.o)
 .data          0x0000000000010e24        0x0 ../Timer_bsp/\libhal_bsp.a(alt_find_file.o)
 .data          0x0000000000010e24        0x0 ../Timer_bsp/\libhal_bsp.a(alt_get_fd.o)
 .data          0x0000000000010e24        0x0 ../Timer_bsp/\libhal_bsp.a(alt_icache_flush.o)
 .data          0x0000000000010e24        0x0 c:/altera/14.1/nios2eds/bin/gnu/h-x86_64-mingw32/bin/../lib/gcc/nios2-elf/4.8.3/../../../../../H-x86_64-mingw32/nios2-elf/lib\libc.a(lib_a-atexit.o)
 .data          0x0000000000010e24        0x0 c:/altera/14.1/nios2eds/bin/gnu/h-x86_64-mingw32/bin/../lib/gcc/nios2-elf/4.8.3/../../../../../H-x86_64-mingw32/nios2-elf/lib\libc.a(lib_a-exit.o)
 .data          0x0000000000010e24        0x0 c:/altera/14.1/nios2eds/bin/gnu/h-x86_64-mingw32/bin/../lib/gcc/nios2-elf/4.8.3/../../../../../H-x86_64-mingw32/nios2-elf/lib\libc.a(lib_a-memcmp.o)
 .data          0x0000000000010e24        0x0 c:/altera/14.1/nios2eds/bin/gnu/h-x86_64-mingw32/bin/../lib/gcc/nios2-elf/4.8.3/../../../../../H-x86_64-mingw32/nios2-elf/lib\libc.a(lib_a-__atexit.o)
 .data          0x0000000000010e24        0x0 c:/altera/14.1/nios2eds/bin/gnu/h-x86_64-mingw32/bin/../lib/gcc/nios2-elf/4.8.3/../../../../../H-x86_64-mingw32/nios2-elf/lib\libc.a(lib_a-__call_atexit.o)
 .data          0x0000000000010e24        0x0 ../Timer_bsp/\libhal_bsp.a(alt_exit.o)
                0x0000000000018e24                _gp = ABSOLUTE ((. + 0x8000))
                0x0000000000018e24                PROVIDE (gp, _gp)
 *(.rwdata .rwdata.*)
 *(.sdata .sdata.* .gnu.linkonce.s.*)
 .sdata         0x0000000000010e24        0x8 c:/altera/14.1/nios2eds/bin/gnu/h-x86_64-mingw32/bin/../lib/gcc/nios2-elf/4.8.3/../../../../../H-x86_64-mingw32/nios2-elf/lib\libc.a(lib_a-impure.o)
                0x0000000000010e24                _global_impure_ptr
                0x0000000000010e28                _impure_ptr
 .sdata         0x0000000000010e2c        0x4 c:/altera/14.1/nios2eds/bin/gnu/h-x86_64-mingw32/bin/../lib/gcc/nios2-elf/4.8.3/../../../../../H-x86_64-mingw32/nios2-elf/lib\libc.a(lib_a-locale.o)
                0x0000000000010e2c                __mb_cur_max
 .sdata         0x0000000000010e30        0x8 c:/altera/14.1/nios2eds/bin/gnu/h-x86_64-mingw32/bin/../lib/gcc/nios2-elf/4.8.3/../../../../../H-x86_64-mingw32/nios2-elf/lib\libc.a(lib_a-mallocr.o)
                0x0000000000010e30                __malloc_sbrk_base
                0x0000000000010e34                __malloc_trim_threshold
 .sdata         0x0000000000010e38        0x4 c:/altera/14.1/nios2eds/bin/gnu/h-x86_64-mingw32/bin/../lib/gcc/nios2-elf/4.8.3/../../../../../H-x86_64-mingw32/nios2-elf/lib\libc.a(lib_a-wctomb_r.o)
                0x0000000000010e38                __wctomb
 .sdata         0x0000000000010e3c       0x14 ../Timer_bsp/\libhal_bsp.a(alt_dev.o)
                0x0000000000010e3c                alt_fs_list
                0x0000000000010e44                alt_dev_list
                0x0000000000010e4c                alt_max_fd
 .sdata         0x0000000000010e50        0x4 ../Timer_bsp/\libhal_bsp.a(alt_errno.o)
                0x0000000000010e50                alt_errno
 .sdata         0x0000000000010e54        0x4 ../Timer_bsp/\libhal_bsp.a(alt_irq_vars.o)
                0x0000000000010e54                alt_priority_mask
 .sdata         0x0000000000010e58        0x4 ../Timer_bsp/\libhal_bsp.a(alt_sbrk.o)
 .sdata         0x0000000000010e5c        0x8 ../Timer_bsp/\libhal_bsp.a(alt_tick.o)
                0x0000000000010e5c                alt_alarm_list
 *(.sdata2 .sdata2.* .gnu.linkonce.s2.*)
                0x0000000000010e64                . = ALIGN (0x4)
                0x0000000000010e64                _edata = ABSOLUTE (.)
                0x0000000000010e64                PROVIDE (edata, ABSOLUTE (.))
                0x0000000000010e64                PROVIDE (__ram_rwdata_end, ABSOLUTE (.))
                0x0000000000010e64                PROVIDE (__flash_rwdata_start, LOADADDR (.rwdata))

.bss            0x0000000000012950      0x164
                0x0000000000012950                __bss_start = ABSOLUTE (.)
                0x0000000000012950                PROVIDE (__sbss_start, ABSOLUTE (.))
                0x0000000000012950                PROVIDE (___sbss_start, ABSOLUTE (.))
 *(.dynsbss)
 *(.sbss .sbss.* .gnu.linkonce.sb.*)
 .sbss          0x0000000000012950        0x8 obj/default/hello_world.o
                0x0000000000012950                edge_capture
                0x0000000000012954                response_time
 .sbss          0x0000000000012958        0xc c:/altera/14.1/nios2eds/bin/gnu/h-x86_64-mingw32/bin/../lib/gcc/nios2-elf/4.8.3/../../../../../H-x86_64-mingw32/nios2-elf/lib\libc.a(lib_a-locale.o)
                0x0000000000012958                _PathLocale
                0x000000000001295c                __mlocale_changed
                0x0000000000012960                __nlocale_changed
 .sbss          0x0000000000012964        0xc c:/altera/14.1/nios2eds/bin/gnu/h-x86_64-mingw32/bin/../lib/gcc/nios2-elf/4.8.3/../../../../../H-x86_64-mingw32/nios2-elf/lib\libc.a(lib_a-mallocr.o)
                0x0000000000012964                __malloc_max_total_mem
                0x0000000000012968                __malloc_max_sbrked_mem
                0x000000000001296c                __malloc_top_pad
 .sbss          0x0000000000012970        0x4 c:/altera/14.1/nios2eds/bin/gnu/h-x86_64-mingw32/bin/../lib/gcc/nios2-elf/4.8.3/../../../../../H-x86_64-mingw32/nios2-elf/lib\libc.a(lib_a-int_errno.o)
                0x0000000000012970                errno
 .sbss          0x0000000000012974        0x4 ../Timer_bsp/\libhal_bsp.a(alt_irq_vars.o)
                0x0000000000012974                alt_irq_active
 .sbss          0x0000000000012978        0xc ../Timer_bsp/\libhal_bsp.a(alt_main.o)
                0x0000000000012978                alt_argc
                0x000000000001297c                alt_argv
                0x0000000000012980                alt_envp
 .sbss          0x0000000000012984        0x8 ../Timer_bsp/\libhal_bsp.a(alt_tick.o)
                0x0000000000012984                _alt_tick_rate
                0x0000000000012988                _alt_nticks
 *(.sbss2 .sbss2.* .gnu.linkonce.sb2.*)
 *(.scommon)
                0x000000000001298c                PROVIDE (__sbss_end, ABSOLUTE (.))
                0x000000000001298c                PROVIDE (___sbss_end, ABSOLUTE (.))
 *(.dynbss)
 *(.bss .bss.* .gnu.linkonce.b.*)
 .bss           0x000000000001298c        0x0 ../Timer_bsp//obj/HAL/src/crt0.o
 .bss           0x000000000001298c        0x0 obj/default/hello_world.o
 .bss           0x000000000001298c        0x0 obj/default/leds.o
 .bss           0x000000000001298c        0x0 obj/default/timer.o
 .bss           0x000000000001298c        0x0 c:/altera/14.1/nios2eds/bin/gnu/h-x86_64-mingw32/bin/../lib/gcc/nios2-elf/4.8.3/../../../../../H-x86_64-mingw32/nios2-elf/lib\libc.a(lib_a-printf.o)
 .bss           0x000000000001298c        0x0 c:/altera/14.1/nios2eds/bin/gnu/h-x86_64-mingw32/bin/../lib/gcc/nios2-elf/4.8.3/../../../../../H-x86_64-mingw32/nios2-elf/lib\libc.a(lib_a-puts.o)
 .bss           0x000000000001298c        0x0 c:/altera/14.1/nios2eds/bin/gnu/h-x86_64-mingw32/bin/../lib/gcc/nios2-elf/4.8.3/../../../../../H-x86_64-mingw32/nios2-elf/lib\libc.a(lib_a-strlen.o)
 .bss           0x000000000001298c        0x0 c:/altera/14.1/nios2eds/bin/gnu/h-x86_64-mingw32/bin/../lib/gcc/nios2-elf/4.8.3/../../../../../H-x86_64-mingw32/nios2-elf/lib\libc.a(lib_a-vfprintf.o)
 .bss           0x000000000001298c        0x0 c:/altera/14.1/nios2eds/bin/gnu/h-x86_64-mingw32/bin/../lib/gcc/nios2-elf/4.8.3/../../../../../H-x86_64-mingw32/nios2-elf/lib\libc.a(lib_a-wsetup.o)
 .bss           0x000000000001298c        0x0 c:/altera/14.1/nios2eds/bin/gnu/h-x86_64-mingw32/bin/../lib/gcc/nios2-elf/4.8.3/../../../../../H-x86_64-mingw32/nios2-elf/lib\libc.a(lib_a-dtoa.o)
 .bss           0x000000000001298c        0x0 c:/altera/14.1/nios2eds/bin/gnu/h-x86_64-mingw32/bin/../lib/gcc/nios2-elf/4.8.3/../../../../../H-x86_64-mingw32/nios2-elf/lib\libc.a(lib_a-fflush.o)
 .bss           0x000000000001298c        0x0 c:/altera/14.1/nios2eds/bin/gnu/h-x86_64-mingw32/bin/../lib/gcc/nios2-elf/4.8.3/../../../../../H-x86_64-mingw32/nios2-elf/lib\libc.a(lib_a-findfp.o)
 .bss           0x000000000001298c        0x0 c:/altera/14.1/nios2eds/bin/gnu/h-x86_64-mingw32/bin/../lib/gcc/nios2-elf/4.8.3/../../../../../H-x86_64-mingw32/nios2-elf/lib\libc.a(lib_a-freer.o)
 .bss           0x000000000001298c        0x0 c:/altera/14.1/nios2eds/bin/gnu/h-x86_64-mingw32/bin/../lib/gcc/nios2-elf/4.8.3/../../../../../H-x86_64-mingw32/nios2-elf/lib\libc.a(lib_a-fvwrite.o)
 .bss           0x000000000001298c        0x0 c:/altera/14.1/nios2eds/bin/gnu/h-x86_64-mingw32/bin/../lib/gcc/nios2-elf/4.8.3/../../../../../H-x86_64-mingw32/nios2-elf/lib\libc.a(lib_a-fwalk.o)
 .bss           0x000000000001298c        0x0 c:/altera/14.1/nios2eds/bin/gnu/h-x86_64-mingw32/bin/../lib/gcc/nios2-elf/4.8.3/../../../../../H-x86_64-mingw32/nios2-elf/lib\libc.a(lib_a-impure.o)
 .bss           0x000000000001298c        0x0 c:/altera/14.1/nios2eds/bin/gnu/h-x86_64-mingw32/bin/../lib/gcc/nios2-elf/4.8.3/../../../../../H-x86_64-mingw32/nios2-elf/lib\libc.a(lib_a-locale.o)
 .bss           0x000000000001298c        0x0 c:/altera/14.1/nios2eds/bin/gnu/h-x86_64-mingw32/bin/../lib/gcc/nios2-elf/4.8.3/../../../../../H-x86_64-mingw32/nios2-elf/lib\libc.a(lib_a-makebuf.o)
 .bss           0x000000000001298c       0x28 c:/altera/14.1/nios2eds/bin/gnu/h-x86_64-mingw32/bin/../lib/gcc/nios2-elf/4.8.3/../../../../../H-x86_64-mingw32/nios2-elf/lib\libc.a(lib_a-mallocr.o)
                0x000000000001298c                __malloc_current_mallinfo
 .bss           0x00000000000129b4        0x0 c:/altera/14.1/nios2eds/bin/gnu/h-x86_64-mingw32/bin/../lib/gcc/nios2-elf/4.8.3/../../../../../H-x86_64-mingw32/nios2-elf/lib\libc.a(lib_a-memchr.o)
 .bss           0x00000000000129b4        0x0 c:/altera/14.1/nios2eds/bin/gnu/h-x86_64-mingw32/bin/../lib/gcc/nios2-elf/4.8.3/../../../../../H-x86_64-mingw32/nios2-elf/lib\libc.a(lib_a-memcpy.o)
 .bss           0x00000000000129b4        0x0 c:/altera/14.1/nios2eds/bin/gnu/h-x86_64-mingw32/bin/../lib/gcc/nios2-elf/4.8.3/../../../../../H-x86_64-mingw32/nios2-elf/lib\libc.a(lib_a-memmove.o)
 .bss           0x00000000000129b4        0x0 c:/altera/14.1/nios2eds/bin/gnu/h-x86_64-mingw32/bin/../lib/gcc/nios2-elf/4.8.3/../../../../../H-x86_64-mingw32/nios2-elf/lib\libc.a(lib_a-memset.o)
 .bss           0x00000000000129b4        0x0 c:/altera/14.1/nios2eds/bin/gnu/h-x86_64-mingw32/bin/../lib/gcc/nios2-elf/4.8.3/../../../../../H-x86_64-mingw32/nios2-elf/lib\libc.a(lib_a-mprec.o)
 .bss           0x00000000000129b4        0x0 c:/altera/14.1/nios2eds/bin/gnu/h-x86_64-mingw32/bin/../lib/gcc/nios2-elf/4.8.3/../../../../../H-x86_64-mingw32/nios2-elf/lib\libc.a(lib_a-reallocr.o)
 .bss           0x00000000000129b4        0x0 c:/altera/14.1/nios2eds/bin/gnu/h-x86_64-mingw32/bin/../lib/gcc/nios2-elf/4.8.3/../../../../../H-x86_64-mingw32/nios2-elf/lib\libc.a(lib_a-s_fpclassify.o)
 .bss           0x00000000000129b4        0x0 c:/altera/14.1/nios2eds/bin/gnu/h-x86_64-mingw32/bin/../lib/gcc/nios2-elf/4.8.3/../../../../../H-x86_64-mingw32/nios2-elf/lib\libc.a(lib_a-sbrkr.o)
 .bss           0x00000000000129b4        0x0 c:/altera/14.1/nios2eds/bin/gnu/h-x86_64-mingw32/bin/../lib/gcc/nios2-elf/4.8.3/../../../../../H-x86_64-mingw32/nios2-elf/lib\libc.a(lib_a-stdio.o)
 .bss           0x00000000000129b4        0x0 c:/altera/14.1/nios2eds/bin/gnu/h-x86_64-mingw32/bin/../lib/gcc/nios2-elf/4.8.3/../../../../../H-x86_64-mingw32/nios2-elf/lib\libc.a(lib_a-strcmp.o)
 .bss           0x00000000000129b4        0x0 c:/altera/14.1/nios2eds/bin/gnu/h-x86_64-mingw32/bin/../lib/gcc/nios2-elf/4.8.3/../../../../../H-x86_64-mingw32/nios2-elf/lib\libc.a(lib_a-vfiprintf.o)
 .bss           0x00000000000129b4        0x0 c:/altera/14.1/nios2eds/bin/gnu/h-x86_64-mingw32/bin/../lib/gcc/nios2-elf/4.8.3/../../../../../H-x86_64-mingw32/nios2-elf/lib\libc.a(lib_a-writer.o)
 .bss           0x00000000000129b4        0x0 c:/altera/14.1/nios2eds/bin/gnu/h-x86_64-mingw32/bin/../lib/gcc/nios2-elf/4.8.3/../../../../../H-x86_64-mingw32/nios2-elf/lib\libc.a(closer.o)
 .bss           0x00000000000129b4        0x0 c:/altera/14.1/nios2eds/bin/gnu/h-x86_64-mingw32/bin/../lib/gcc/nios2-elf/4.8.3/../../../../../H-x86_64-mingw32/nios2-elf/lib\libc.a(lib_a-callocr.o)
 .bss           0x00000000000129b4        0x0 c:/altera/14.1/nios2eds/bin/gnu/h-x86_64-mingw32/bin/../lib/gcc/nios2-elf/4.8.3/../../../../../H-x86_64-mingw32/nios2-elf/lib\libc.a(lib_a-fclose.o)
 .bss           0x00000000000129b4        0x0 c:/altera/14.1/nios2eds/bin/gnu/h-x86_64-mingw32/bin/../lib/gcc/nios2-elf/4.8.3/../../../../../H-x86_64-mingw32/nios2-elf/lib\libc.a(lib_a-fputwc.o)
 .bss           0x00000000000129b4        0x0 c:/altera/14.1/nios2eds/bin/gnu/h-x86_64-mingw32/bin/../lib/gcc/nios2-elf/4.8.3/../../../../../H-x86_64-mingw32/nios2-elf/lib\libc.a(lib_a-fstatr.o)
 .bss           0x00000000000129b4        0x0 c:/altera/14.1/nios2eds/bin/gnu/h-x86_64-mingw32/bin/../lib/gcc/nios2-elf/4.8.3/../../../../../H-x86_64-mingw32/nios2-elf/lib\libc.a(lib_a-int_errno.o)
 .bss           0x00000000000129b4        0x0 c:/altera/14.1/nios2eds/bin/gnu/h-x86_64-mingw32/bin/../lib/gcc/nios2-elf/4.8.3/../../../../../H-x86_64-mingw32/nios2-elf/lib\libc.a(lib_a-isattyr.o)
 .bss           0x00000000000129b4        0x0 c:/altera/14.1/nios2eds/bin/gnu/h-x86_64-mingw32/bin/../lib/gcc/nios2-elf/4.8.3/../../../../../H-x86_64-mingw32/nios2-elf/lib\libc.a(lib_a-lseekr.o)
 .bss           0x00000000000129b4        0x0 c:/altera/14.1/nios2eds/bin/gnu/h-x86_64-mingw32/bin/../lib/gcc/nios2-elf/4.8.3/../../../../../H-x86_64-mingw32/nios2-elf/lib\libc.a(lib_a-readr.o)
 .bss           0x00000000000129b4        0x0 c:/altera/14.1/nios2eds/bin/gnu/h-x86_64-mingw32/bin/../lib/gcc/nios2-elf/4.8.3/../../../../../H-x86_64-mingw32/nios2-elf/lib\libc.a(lib_a-wbuf.o)
 .bss           0x00000000000129b4        0x0 c:/altera/14.1/nios2eds/bin/gnu/h-x86_64-mingw32/bin/../lib/gcc/nios2-elf/4.8.3/../../../../../H-x86_64-mingw32/nios2-elf/lib\libc.a(lib_a-wcrtomb.o)
 .bss           0x00000000000129b4        0x0 c:/altera/14.1/nios2eds/bin/gnu/h-x86_64-mingw32/bin/../lib/gcc/nios2-elf/4.8.3/../../../../../H-x86_64-mingw32/nios2-elf/lib\libc.a(lib_a-wctomb_r.o)
 .bss           0x00000000000129b4        0x0 c:/altera/14.1/nios2eds/bin/gnu/h-x86_64-mingw32/bin/../lib/gcc/nios2-elf/4.8.3\libgcc.a(_udivdi3.o)
 .bss           0x00000000000129b4        0x0 c:/altera/14.1/nios2eds/bin/gnu/h-x86_64-mingw32/bin/../lib/gcc/nios2-elf/4.8.3\libgcc.a(_umoddi3.o)
 .bss           0x00000000000129b4        0x0 c:/altera/14.1/nios2eds/bin/gnu/h-x86_64-mingw32/bin/../lib/gcc/nios2-elf/4.8.3\libgcc.a(lib2-divmod.o)
 .bss           0x00000000000129b4        0x0 c:/altera/14.1/nios2eds/bin/gnu/h-x86_64-mingw32/bin/../lib/gcc/nios2-elf/4.8.3\libgcc.a(adddf3.o)
 .bss           0x00000000000129b4        0x0 c:/altera/14.1/nios2eds/bin/gnu/h-x86_64-mingw32/bin/../lib/gcc/nios2-elf/4.8.3\libgcc.a(divdf3.o)
 .bss           0x00000000000129b4        0x0 c:/altera/14.1/nios2eds/bin/gnu/h-x86_64-mingw32/bin/../lib/gcc/nios2-elf/4.8.3\libgcc.a(eqdf2.o)
 .bss           0x00000000000129b4        0x0 c:/altera/14.1/nios2eds/bin/gnu/h-x86_64-mingw32/bin/../lib/gcc/nios2-elf/4.8.3\libgcc.a(gedf2.o)
 .bss           0x00000000000129b4        0x0 c:/altera/14.1/nios2eds/bin/gnu/h-x86_64-mingw32/bin/../lib/gcc/nios2-elf/4.8.3\libgcc.a(ledf2.o)
 .bss           0x00000000000129b4        0x0 c:/altera/14.1/nios2eds/bin/gnu/h-x86_64-mingw32/bin/../lib/gcc/nios2-elf/4.8.3\libgcc.a(muldf3.o)
 .bss           0x00000000000129b4        0x0 c:/altera/14.1/nios2eds/bin/gnu/h-x86_64-mingw32/bin/../lib/gcc/nios2-elf/4.8.3\libgcc.a(subdf3.o)
 .bss           0x00000000000129b4        0x0 c:/altera/14.1/nios2eds/bin/gnu/h-x86_64-mingw32/bin/../lib/gcc/nios2-elf/4.8.3\libgcc.a(fixdfsi.o)
 .bss           0x00000000000129b4        0x0 c:/altera/14.1/nios2eds/bin/gnu/h-x86_64-mingw32/bin/../lib/gcc/nios2-elf/4.8.3\libgcc.a(floatsidf.o)
 .bss           0x00000000000129b4        0x0 c:/altera/14.1/nios2eds/bin/gnu/h-x86_64-mingw32/bin/../lib/gcc/nios2-elf/4.8.3\libgcc.a(floatunsidf.o)
 .bss           0x00000000000129b4        0x0 c:/altera/14.1/nios2eds/bin/gnu/h-x86_64-mingw32/bin/../lib/gcc/nios2-elf/4.8.3\libgcc.a(_clz.o)
 .bss           0x00000000000129b4        0x0 c:/altera/14.1/nios2eds/bin/gnu/h-x86_64-mingw32/bin/../lib/gcc/nios2-elf/4.8.3\libgcc.a(_clzsi2.o)
 .bss           0x00000000000129b4        0x0 ../Timer_bsp/\libhal_bsp.a(alt_close.o)
 .bss           0x00000000000129b4        0x0 ../Timer_bsp/\libhal_bsp.a(alt_dev.o)
 .bss           0x00000000000129b4        0x0 ../Timer_bsp/\libhal_bsp.a(alt_errno.o)
 .bss           0x00000000000129b4        0x0 ../Timer_bsp/\libhal_bsp.a(alt_fstat.o)
 .bss           0x00000000000129b4        0x0 ../Timer_bsp/\libhal_bsp.a(alt_iic.o)
 .bss           0x00000000000129b4        0x0 ../Timer_bsp/\libhal_bsp.a(alt_iic_isr_register.o)
 .bss           0x00000000000129b4        0x0 ../Timer_bsp/\libhal_bsp.a(alt_irq_entry.o)
 .bss           0x00000000000129b4        0x0 ../Timer_bsp/\libhal_bsp.a(alt_irq_handler.o)
 .bss           0x00000000000129b4        0x0 ../Timer_bsp/\libhal_bsp.a(alt_irq_vars.o)
 .bss           0x00000000000129b4        0x0 ../Timer_bsp/\libhal_bsp.a(alt_isatty.o)
 .bss           0x00000000000129b4        0x0 ../Timer_bsp/\libhal_bsp.a(alt_load.o)
 .bss           0x00000000000129b4        0x0 ../Timer_bsp/\libhal_bsp.a(alt_lseek.o)
 .bss           0x00000000000129b4        0x0 ../Timer_bsp/\libhal_bsp.a(alt_main.o)
 .bss           0x00000000000129b4        0x0 ../Timer_bsp/\libhal_bsp.a(alt_malloc_lock.o)
 .bss           0x00000000000129b4        0x0 ../Timer_bsp/\libhal_bsp.a(alt_read.o)
 .bss           0x00000000000129b4        0x0 ../Timer_bsp/\libhal_bsp.a(alt_release_fd.o)
 .bss           0x00000000000129b4        0x0 ../Timer_bsp/\libhal_bsp.a(alt_sbrk.o)
 .bss           0x00000000000129b4        0x0 ../Timer_bsp/\libhal_bsp.a(alt_usleep.o)
 .bss           0x00000000000129b4        0x0 ../Timer_bsp/\libhal_bsp.a(alt_write.o)
 .bss           0x00000000000129b4        0x0 ../Timer_bsp/\libhal_bsp.a(alt_sys_init.o)
 .bss           0x00000000000129b4        0x0 ../Timer_bsp/\libhal_bsp.a(altera_avalon_jtag_uart_fd.o)
 .bss           0x00000000000129b4        0x0 ../Timer_bsp/\libhal_bsp.a(altera_avalon_jtag_uart_init.o)
 .bss           0x00000000000129b4        0x0 ../Timer_bsp/\libhal_bsp.a(altera_avalon_jtag_uart_ioctl.o)
 .bss           0x00000000000129b4        0x0 ../Timer_bsp/\libhal_bsp.a(altera_avalon_jtag_uart_read.o)
 .bss           0x00000000000129b4        0x0 ../Timer_bsp/\libhal_bsp.a(altera_avalon_jtag_uart_write.o)
 .bss           0x00000000000129b4        0x0 ../Timer_bsp/\libhal_bsp.a(alt_alarm_start.o)
 .bss           0x00000000000129b4        0x0 ../Timer_bsp/\libhal_bsp.a(alt_busy_sleep.o)
 .bss           0x00000000000129b4        0x0 ../Timer_bsp/\libhal_bsp.a(alt_dcache_flush_all.o)
 .bss           0x00000000000129b4        0x0 ../Timer_bsp/\libhal_bsp.a(alt_dev_llist_insert.o)
 .bss           0x00000000000129b4        0x0 ../Timer_bsp/\libhal_bsp.a(alt_do_ctors.o)
 .bss           0x00000000000129b4        0x0 ../Timer_bsp/\libhal_bsp.a(alt_do_dtors.o)
 .bss           0x00000000000129b4        0x0 ../Timer_bsp/\libhal_bsp.a(alt_exception_entry.o)
 .bss           0x00000000000129b4        0x0 ../Timer_bsp/\libhal_bsp.a(alt_icache_flush_all.o)
 .bss           0x00000000000129b4        0x0 ../Timer_bsp/\libhal_bsp.a(alt_io_redirect.o)
 .bss           0x00000000000129b4        0x0 ../Timer_bsp/\libhal_bsp.a(alt_open.o)
 .bss           0x00000000000129b4        0x0 ../Timer_bsp/\libhal_bsp.a(alt_tick.o)
 .bss           0x00000000000129b4        0x0 ../Timer_bsp/\libhal_bsp.a(altera_nios2_qsys_irq.o)
 .bss           0x00000000000129b4        0x0 ../Timer_bsp/\libhal_bsp.a(alt_find_dev.o)
 .bss           0x00000000000129b4        0x0 ../Timer_bsp/\libhal_bsp.a(alt_find_file.o)
 .bss           0x00000000000129b4        0x0 ../Timer_bsp/\libhal_bsp.a(alt_get_fd.o)
 .bss           0x00000000000129b4        0x0 ../Timer_bsp/\libhal_bsp.a(alt_icache_flush.o)
 .bss           0x00000000000129b4        0x0 c:/altera/14.1/nios2eds/bin/gnu/h-x86_64-mingw32/bin/../lib/gcc/nios2-elf/4.8.3/../../../../../H-x86_64-mingw32/nios2-elf/lib\libc.a(lib_a-atexit.o)
 .bss           0x00000000000129b4        0x0 c:/altera/14.1/nios2eds/bin/gnu/h-x86_64-mingw32/bin/../lib/gcc/nios2-elf/4.8.3/../../../../../H-x86_64-mingw32/nios2-elf/lib\libc.a(lib_a-exit.o)
 .bss           0x00000000000129b4        0x0 c:/altera/14.1/nios2eds/bin/gnu/h-x86_64-mingw32/bin/../lib/gcc/nios2-elf/4.8.3/../../../../../H-x86_64-mingw32/nios2-elf/lib\libc.a(lib_a-memcmp.o)
 .bss           0x00000000000129b4        0x0 c:/altera/14.1/nios2eds/bin/gnu/h-x86_64-mingw32/bin/../lib/gcc/nios2-elf/4.8.3/../../../../../H-x86_64-mingw32/nios2-elf/lib\libc.a(lib_a-__atexit.o)
 .bss           0x00000000000129b4        0x0 c:/altera/14.1/nios2eds/bin/gnu/h-x86_64-mingw32/bin/../lib/gcc/nios2-elf/4.8.3/../../../../../H-x86_64-mingw32/nios2-elf/lib\libc.a(lib_a-__call_atexit.o)
 .bss           0x00000000000129b4        0x0 ../Timer_bsp/\libhal_bsp.a(alt_exit.o)
 *(COMMON)
 COMMON         0x00000000000129b4      0x100 ../Timer_bsp/\libhal_bsp.a(alt_irq_handler.o)
                0x00000000000129b4                alt_irq
                0x0000000000012ab4                . = ALIGN (0x4)
                0x0000000000012ab4                __bss_end = ABSOLUTE (.)

.sdram          0x0000000000012ab4        0x0
                0x0000000000012ab4                PROVIDE (_alt_partition_sdram_start, ABSOLUTE (.))
 *(.sdram .sdram. sdram.*)
                0x0000000000012ab4                . = ALIGN (0x4)
                0x0000000000012ab4                PROVIDE (_alt_partition_sdram_end, ABSOLUTE (.))
                0x0000000000012ab4                _end = ABSOLUTE (.)
                0x0000000000012ab4                end = ABSOLUTE (.)
                0x0000000000012ab4                __alt_stack_base = ABSOLUTE (.)
                0x0000000000012ab4                PROVIDE (_alt_partition_sdram_load_addr, LOADADDR (.sdram))

.stab
 *(.stab)

.stabstr
 *(.stabstr)

.stab.excl
 *(.stab.excl)

.stab.exclstr
 *(.stab.exclstr)

.stab.index
 *(.stab.index)

.stab.indexstr
 *(.stab.indexstr)

.comment        0x0000000000000000       0x39
 *(.comment)
 .comment       0x0000000000000000       0x39 obj/default/hello_world.o
                                         0x3a (size before relaxing)
 .comment       0x0000000000000000       0x3a obj/default/leds.o
 .comment       0x0000000000000000       0x3a obj/default/timer.o
 .comment       0x0000000000000000       0x3a c:/altera/14.1/nios2eds/bin/gnu/h-x86_64-mingw32/bin/../lib/gcc/nios2-elf/4.8.3/../../../../../H-x86_64-mingw32/nios2-elf/lib\libc.a(lib_a-printf.o)
 .comment       0x0000000000000000       0x3a c:/altera/14.1/nios2eds/bin/gnu/h-x86_64-mingw32/bin/../lib/gcc/nios2-elf/4.8.3/../../../../../H-x86_64-mingw32/nios2-elf/lib\libc.a(lib_a-puts.o)
 .comment       0x0000000000000000       0x3a c:/altera/14.1/nios2eds/bin/gnu/h-x86_64-mingw32/bin/../lib/gcc/nios2-elf/4.8.3/../../../../../H-x86_64-mingw32/nios2-elf/lib\libc.a(lib_a-strlen.o)
 .comment       0x0000000000000000       0x3a c:/altera/14.1/nios2eds/bin/gnu/h-x86_64-mingw32/bin/../lib/gcc/nios2-elf/4.8.3/../../../../../H-x86_64-mingw32/nios2-elf/lib\libc.a(lib_a-vfprintf.o)
 .comment       0x0000000000000000       0x3a c:/altera/14.1/nios2eds/bin/gnu/h-x86_64-mingw32/bin/../lib/gcc/nios2-elf/4.8.3/../../../../../H-x86_64-mingw32/nios2-elf/lib\libc.a(lib_a-wsetup.o)
 .comment       0x0000000000000000       0x3a c:/altera/14.1/nios2eds/bin/gnu/h-x86_64-mingw32/bin/../lib/gcc/nios2-elf/4.8.3/../../../../../H-x86_64-mingw32/nios2-elf/lib\libc.a(lib_a-dtoa.o)
 .comment       0x0000000000000000       0x3a c:/altera/14.1/nios2eds/bin/gnu/h-x86_64-mingw32/bin/../lib/gcc/nios2-elf/4.8.3/../../../../../H-x86_64-mingw32/nios2-elf/lib\libc.a(lib_a-fflush.o)
 .comment       0x0000000000000000       0x3a c:/altera/14.1/nios2eds/bin/gnu/h-x86_64-mingw32/bin/../lib/gcc/nios2-elf/4.8.3/../../../../../H-x86_64-mingw32/nios2-elf/lib\libc.a(lib_a-findfp.o)
 .comment       0x0000000000000000       0x3a c:/altera/14.1/nios2eds/bin/gnu/h-x86_64-mingw32/bin/../lib/gcc/nios2-elf/4.8.3/../../../../../H-x86_64-mingw32/nios2-elf/lib\libc.a(lib_a-freer.o)
 .comment       0x0000000000000000       0x3a c:/altera/14.1/nios2eds/bin/gnu/h-x86_64-mingw32/bin/../lib/gcc/nios2-elf/4.8.3/../../../../../H-x86_64-mingw32/nios2-elf/lib\libc.a(lib_a-fvwrite.o)
 .comment       0x0000000000000000       0x3a c:/altera/14.1/nios2eds/bin/gnu/h-x86_64-mingw32/bin/../lib/gcc/nios2-elf/4.8.3/../../../../../H-x86_64-mingw32/nios2-elf/lib\libc.a(lib_a-fwalk.o)
 .comment       0x0000000000000000       0x3a c:/altera/14.1/nios2eds/bin/gnu/h-x86_64-mingw32/bin/../lib/gcc/nios2-elf/4.8.3/../../../../../H-x86_64-mingw32/nios2-elf/lib\libc.a(lib_a-impure.o)
 .comment       0x0000000000000000       0x3a c:/altera/14.1/nios2eds/bin/gnu/h-x86_64-mingw32/bin/../lib/gcc/nios2-elf/4.8.3/../../../../../H-x86_64-mingw32/nios2-elf/lib\libc.a(lib_a-locale.o)
 .comment       0x0000000000000000       0x3a c:/altera/14.1/nios2eds/bin/gnu/h-x86_64-mingw32/bin/../lib/gcc/nios2-elf/4.8.3/../../../../../H-x86_64-mingw32/nios2-elf/lib\libc.a(lib_a-makebuf.o)
 .comment       0x0000000000000000       0x3a c:/altera/14.1/nios2eds/bin/gnu/h-x86_64-mingw32/bin/../lib/gcc/nios2-elf/4.8.3/../../../../../H-x86_64-mingw32/nios2-elf/lib\libc.a(lib_a-mallocr.o)
 .comment       0x0000000000000000       0x3a c:/altera/14.1/nios2eds/bin/gnu/h-x86_64-mingw32/bin/../lib/gcc/nios2-elf/4.8.3/../../../../../H-x86_64-mingw32/nios2-elf/lib\libc.a(lib_a-memchr.o)
 .comment       0x0000000000000000       0x3a c:/altera/14.1/nios2eds/bin/gnu/h-x86_64-mingw32/bin/../lib/gcc/nios2-elf/4.8.3/../../../../../H-x86_64-mingw32/nios2-elf/lib\libc.a(lib_a-memcpy.o)
 .comment       0x0000000000000000       0x3a c:/altera/14.1/nios2eds/bin/gnu/h-x86_64-mingw32/bin/../lib/gcc/nios2-elf/4.8.3/../../../../../H-x86_64-mingw32/nios2-elf/lib\libc.a(lib_a-memmove.o)
 .comment       0x0000000000000000       0x3a c:/altera/14.1/nios2eds/bin/gnu/h-x86_64-mingw32/bin/../lib/gcc/nios2-elf/4.8.3/../../../../../H-x86_64-mingw32/nios2-elf/lib\libc.a(lib_a-memset.o)
 .comment       0x0000000000000000       0x3a c:/altera/14.1/nios2eds/bin/gnu/h-x86_64-mingw32/bin/../lib/gcc/nios2-elf/4.8.3/../../../../../H-x86_64-mingw32/nios2-elf/lib\libc.a(lib_a-mprec.o)
 .comment       0x0000000000000000       0x3a c:/altera/14.1/nios2eds/bin/gnu/h-x86_64-mingw32/bin/../lib/gcc/nios2-elf/4.8.3/../../../../../H-x86_64-mingw32/nios2-elf/lib\libc.a(lib_a-reallocr.o)
 .comment       0x0000000000000000       0x3a c:/altera/14.1/nios2eds/bin/gnu/h-x86_64-mingw32/bin/../lib/gcc/nios2-elf/4.8.3/../../../../../H-x86_64-mingw32/nios2-elf/lib\libc.a(lib_a-s_fpclassify.o)
 .comment       0x0000000000000000       0x3a c:/altera/14.1/nios2eds/bin/gnu/h-x86_64-mingw32/bin/../lib/gcc/nios2-elf/4.8.3/../../../../../H-x86_64-mingw32/nios2-elf/lib\libc.a(lib_a-sbrkr.o)
 .comment       0x0000000000000000       0x3a c:/altera/14.1/nios2eds/bin/gnu/h-x86_64-mingw32/bin/../lib/gcc/nios2-elf/4.8.3/../../../../../H-x86_64-mingw32/nios2-elf/lib\libc.a(lib_a-stdio.o)
 .comment       0x0000000000000000       0x3a c:/altera/14.1/nios2eds/bin/gnu/h-x86_64-mingw32/bin/../lib/gcc/nios2-elf/4.8.3/../../../../../H-x86_64-mingw32/nios2-elf/lib\libc.a(lib_a-strcmp.o)
 .comment       0x0000000000000000       0x3a c:/altera/14.1/nios2eds/bin/gnu/h-x86_64-mingw32/bin/../lib/gcc/nios2-elf/4.8.3/../../../../../H-x86_64-mingw32/nios2-elf/lib\libc.a(lib_a-vfiprintf.o)
 .comment       0x0000000000000000       0x3a c:/altera/14.1/nios2eds/bin/gnu/h-x86_64-mingw32/bin/../lib/gcc/nios2-elf/4.8.3/../../../../../H-x86_64-mingw32/nios2-elf/lib\libc.a(lib_a-writer.o)
 .comment       0x0000000000000000       0x3a c:/altera/14.1/nios2eds/bin/gnu/h-x86_64-mingw32/bin/../lib/gcc/nios2-elf/4.8.3/../../../../../H-x86_64-mingw32/nios2-elf/lib\libc.a(closer.o)
 .comment       0x0000000000000000       0x3a c:/altera/14.1/nios2eds/bin/gnu/h-x86_64-mingw32/bin/../lib/gcc/nios2-elf/4.8.3/../../../../../H-x86_64-mingw32/nios2-elf/lib\libc.a(lib_a-callocr.o)
 .comment       0x0000000000000000       0x3a c:/altera/14.1/nios2eds/bin/gnu/h-x86_64-mingw32/bin/../lib/gcc/nios2-elf/4.8.3/../../../../../H-x86_64-mingw32/nios2-elf/lib\libc.a(lib_a-fclose.o)
 .comment       0x0000000000000000       0x3a c:/altera/14.1/nios2eds/bin/gnu/h-x86_64-mingw32/bin/../lib/gcc/nios2-elf/4.8.3/../../../../../H-x86_64-mingw32/nios2-elf/lib\libc.a(lib_a-fputwc.o)
 .comment       0x0000000000000000       0x3a c:/altera/14.1/nios2eds/bin/gnu/h-x86_64-mingw32/bin/../lib/gcc/nios2-elf/4.8.3/../../../../../H-x86_64-mingw32/nios2-elf/lib\libc.a(lib_a-fstatr.o)
 .comment       0x0000000000000000       0x3a c:/altera/14.1/nios2eds/bin/gnu/h-x86_64-mingw32/bin/../lib/gcc/nios2-elf/4.8.3/../../../../../H-x86_64-mingw32/nios2-elf/lib\libc.a(lib_a-int_errno.o)
 .comment       0x0000000000000000       0x3a c:/altera/14.1/nios2eds/bin/gnu/h-x86_64-mingw32/bin/../lib/gcc/nios2-elf/4.8.3/../../../../../H-x86_64-mingw32/nios2-elf/lib\libc.a(lib_a-isattyr.o)
 .comment       0x0000000000000000       0x3a c:/altera/14.1/nios2eds/bin/gnu/h-x86_64-mingw32/bin/../lib/gcc/nios2-elf/4.8.3/../../../../../H-x86_64-mingw32/nios2-elf/lib\libc.a(lib_a-lseekr.o)
 .comment       0x0000000000000000       0x3a c:/altera/14.1/nios2eds/bin/gnu/h-x86_64-mingw32/bin/../lib/gcc/nios2-elf/4.8.3/../../../../../H-x86_64-mingw32/nios2-elf/lib\libc.a(lib_a-readr.o)
 .comment       0x0000000000000000       0x3a c:/altera/14.1/nios2eds/bin/gnu/h-x86_64-mingw32/bin/../lib/gcc/nios2-elf/4.8.3/../../../../../H-x86_64-mingw32/nios2-elf/lib\libc.a(lib_a-wbuf.o)
 .comment       0x0000000000000000       0x3a c:/altera/14.1/nios2eds/bin/gnu/h-x86_64-mingw32/bin/../lib/gcc/nios2-elf/4.8.3/../../../../../H-x86_64-mingw32/nios2-elf/lib\libc.a(lib_a-wcrtomb.o)
 .comment       0x0000000000000000       0x3a c:/altera/14.1/nios2eds/bin/gnu/h-x86_64-mingw32/bin/../lib/gcc/nios2-elf/4.8.3/../../../../../H-x86_64-mingw32/nios2-elf/lib\libc.a(lib_a-wctomb_r.o)
 .comment       0x0000000000000000       0x3a c:/altera/14.1/nios2eds/bin/gnu/h-x86_64-mingw32/bin/../lib/gcc/nios2-elf/4.8.3\libgcc.a(_udivdi3.o)
 .comment       0x0000000000000000       0x3a c:/altera/14.1/nios2eds/bin/gnu/h-x86_64-mingw32/bin/../lib/gcc/nios2-elf/4.8.3\libgcc.a(_umoddi3.o)
 .comment       0x0000000000000000       0x3a c:/altera/14.1/nios2eds/bin/gnu/h-x86_64-mingw32/bin/../lib/gcc/nios2-elf/4.8.3\libgcc.a(lib2-divmod.o)
 .comment       0x0000000000000000       0x3a c:/altera/14.1/nios2eds/bin/gnu/h-x86_64-mingw32/bin/../lib/gcc/nios2-elf/4.8.3\libgcc.a(adddf3.o)
 .comment       0x0000000000000000       0x3a c:/altera/14.1/nios2eds/bin/gnu/h-x86_64-mingw32/bin/../lib/gcc/nios2-elf/4.8.3\libgcc.a(divdf3.o)
 .comment       0x0000000000000000       0x3a c:/altera/14.1/nios2eds/bin/gnu/h-x86_64-mingw32/bin/../lib/gcc/nios2-elf/4.8.3\libgcc.a(eqdf2.o)
 .comment       0x0000000000000000       0x3a c:/altera/14.1/nios2eds/bin/gnu/h-x86_64-mingw32/bin/../lib/gcc/nios2-elf/4.8.3\libgcc.a(gedf2.o)
 .comment       0x0000000000000000       0x3a c:/altera/14.1/nios2eds/bin/gnu/h-x86_64-mingw32/bin/../lib/gcc/nios2-elf/4.8.3\libgcc.a(ledf2.o)
 .comment       0x0000000000000000       0x3a c:/altera/14.1/nios2eds/bin/gnu/h-x86_64-mingw32/bin/../lib/gcc/nios2-elf/4.8.3\libgcc.a(muldf3.o)
 .comment       0x0000000000000000       0x3a c:/altera/14.1/nios2eds/bin/gnu/h-x86_64-mingw32/bin/../lib/gcc/nios2-elf/4.8.3\libgcc.a(subdf3.o)
 .comment       0x0000000000000000       0x3a c:/altera/14.1/nios2eds/bin/gnu/h-x86_64-mingw32/bin/../lib/gcc/nios2-elf/4.8.3\libgcc.a(fixdfsi.o)
 .comment       0x0000000000000000       0x3a c:/altera/14.1/nios2eds/bin/gnu/h-x86_64-mingw32/bin/../lib/gcc/nios2-elf/4.8.3\libgcc.a(floatsidf.o)
 .comment       0x0000000000000000       0x3a c:/altera/14.1/nios2eds/bin/gnu/h-x86_64-mingw32/bin/../lib/gcc/nios2-elf/4.8.3\libgcc.a(floatunsidf.o)
 .comment       0x0000000000000000       0x3a c:/altera/14.1/nios2eds/bin/gnu/h-x86_64-mingw32/bin/../lib/gcc/nios2-elf/4.8.3\libgcc.a(_clz.o)
 .comment       0x0000000000000000       0x3a c:/altera/14.1/nios2eds/bin/gnu/h-x86_64-mingw32/bin/../lib/gcc/nios2-elf/4.8.3\libgcc.a(_clzsi2.o)
 .comment       0x0000000000000000       0x3a ../Timer_bsp/\libhal_bsp.a(alt_close.o)
 .comment       0x0000000000000000       0x3a ../Timer_bsp/\libhal_bsp.a(alt_dev.o)
 .comment       0x0000000000000000       0x3a ../Timer_bsp/\libhal_bsp.a(alt_errno.o)
 .comment       0x0000000000000000       0x3a ../Timer_bsp/\libhal_bsp.a(alt_fstat.o)
 .comment       0x0000000000000000       0x3a ../Timer_bsp/\libhal_bsp.a(alt_iic.o)
 .comment       0x0000000000000000       0x3a ../Timer_bsp/\libhal_bsp.a(alt_iic_isr_register.o)
 .comment       0x0000000000000000       0x3a ../Timer_bsp/\libhal_bsp.a(alt_irq_handler.o)
 .comment       0x0000000000000000       0x3a ../Timer_bsp/\libhal_bsp.a(alt_irq_vars.o)
 .comment       0x0000000000000000       0x3a ../Timer_bsp/\libhal_bsp.a(alt_isatty.o)
 .comment       0x0000000000000000       0x3a ../Timer_bsp/\libhal_bsp.a(alt_load.o)
 .comment       0x0000000000000000       0x3a ../Timer_bsp/\libhal_bsp.a(alt_lseek.o)
 .comment       0x0000000000000000       0x3a ../Timer_bsp/\libhal_bsp.a(alt_main.o)
 .comment       0x0000000000000000       0x3a ../Timer_bsp/\libhal_bsp.a(alt_malloc_lock.o)
 .comment       0x0000000000000000       0x3a ../Timer_bsp/\libhal_bsp.a(alt_read.o)
 .comment       0x0000000000000000       0x3a ../Timer_bsp/\libhal_bsp.a(alt_release_fd.o)
 .comment       0x0000000000000000       0x3a ../Timer_bsp/\libhal_bsp.a(alt_sbrk.o)
 .comment       0x0000000000000000       0x3a ../Timer_bsp/\libhal_bsp.a(alt_usleep.o)
 .comment       0x0000000000000000       0x3a ../Timer_bsp/\libhal_bsp.a(alt_write.o)
 .comment       0x0000000000000000       0x3a ../Timer_bsp/\libhal_bsp.a(alt_sys_init.o)
 .comment       0x0000000000000000       0x3a ../Timer_bsp/\libhal_bsp.a(altera_avalon_jtag_uart_fd.o)
 .comment       0x0000000000000000       0x3a ../Timer_bsp/\libhal_bsp.a(altera_avalon_jtag_uart_init.o)
 .comment       0x0000000000000000       0x3a ../Timer_bsp/\libhal_bsp.a(altera_avalon_jtag_uart_ioctl.o)
 .comment       0x0000000000000000       0x3a ../Timer_bsp/\libhal_bsp.a(altera_avalon_jtag_uart_read.o)
 .comment       0x0000000000000000       0x3a ../Timer_bsp/\libhal_bsp.a(altera_avalon_jtag_uart_write.o)
 .comment       0x0000000000000000       0x3a ../Timer_bsp/\libhal_bsp.a(alt_alarm_start.o)
 .comment       0x0000000000000000       0x3a ../Timer_bsp/\libhal_bsp.a(alt_busy_sleep.o)
 .comment       0x0000000000000000       0x3a ../Timer_bsp/\libhal_bsp.a(alt_dcache_flush_all.o)
 .comment       0x0000000000000000       0x3a ../Timer_bsp/\libhal_bsp.a(alt_dev_llist_insert.o)
 .comment       0x0000000000000000       0x3a ../Timer_bsp/\libhal_bsp.a(alt_do_ctors.o)
 .comment       0x0000000000000000       0x3a ../Timer_bsp/\libhal_bsp.a(alt_do_dtors.o)
 .comment       0x0000000000000000       0x3a ../Timer_bsp/\libhal_bsp.a(alt_icache_flush_all.o)
 .comment       0x0000000000000000       0x3a ../Timer_bsp/\libhal_bsp.a(alt_io_redirect.o)
 .comment       0x0000000000000000       0x3a ../Timer_bsp/\libhal_bsp.a(alt_open.o)
 .comment       0x0000000000000000       0x3a ../Timer_bsp/\libhal_bsp.a(alt_tick.o)
 .comment       0x0000000000000000       0x3a ../Timer_bsp/\libhal_bsp.a(altera_nios2_qsys_irq.o)
 .comment       0x0000000000000000       0x3a ../Timer_bsp/\libhal_bsp.a(alt_find_dev.o)
 .comment       0x0000000000000000       0x3a ../Timer_bsp/\libhal_bsp.a(alt_find_file.o)
 .comment       0x0000000000000000       0x3a ../Timer_bsp/\libhal_bsp.a(alt_get_fd.o)
 .comment       0x0000000000000000       0x3a ../Timer_bsp/\libhal_bsp.a(alt_icache_flush.o)
 .comment       0x0000000000000000       0x3a c:/altera/14.1/nios2eds/bin/gnu/h-x86_64-mingw32/bin/../lib/gcc/nios2-elf/4.8.3/../../../../../H-x86_64-mingw32/nios2-elf/lib\libc.a(lib_a-atexit.o)
 .comment       0x0000000000000000       0x3a c:/altera/14.1/nios2eds/bin/gnu/h-x86_64-mingw32/bin/../lib/gcc/nios2-elf/4.8.3/../../../../../H-x86_64-mingw32/nios2-elf/lib\libc.a(lib_a-exit.o)
 .comment       0x0000000000000000       0x3a c:/altera/14.1/nios2eds/bin/gnu/h-x86_64-mingw32/bin/../lib/gcc/nios2-elf/4.8.3/../../../../../H-x86_64-mingw32/nios2-elf/lib\libc.a(lib_a-memcmp.o)
 .comment       0x0000000000000000       0x3a c:/altera/14.1/nios2eds/bin/gnu/h-x86_64-mingw32/bin/../lib/gcc/nios2-elf/4.8.3/../../../../../H-x86_64-mingw32/nios2-elf/lib\libc.a(lib_a-__atexit.o)
 .comment       0x0000000000000000       0x3a c:/altera/14.1/nios2eds/bin/gnu/h-x86_64-mingw32/bin/../lib/gcc/nios2-elf/4.8.3/../../../../../H-x86_64-mingw32/nios2-elf/lib\libc.a(lib_a-__call_atexit.o)
 .comment       0x0000000000000000       0x3a ../Timer_bsp/\libhal_bsp.a(alt_exit.o)

.debug
 *(.debug)

.line
 *(.line)

.debug_srcinfo
 *(.debug_srcinfo)

.debug_sfnames
 *(.debug_sfnames)

.debug_aranges  0x0000000000000000      0xd28
 *(.debug_aranges)
 .debug_aranges
                0x0000000000000000       0x28 ../Timer_bsp//obj/HAL/src/crt0.o
 .debug_aranges
                0x0000000000000028       0x20 obj/default/hello_world.o
 .debug_aranges
                0x0000000000000048       0x20 obj/default/leds.o
 .debug_aranges
                0x0000000000000068       0x20 obj/default/timer.o
 .debug_aranges
                0x0000000000000088       0x20 c:/altera/14.1/nios2eds/bin/gnu/h-x86_64-mingw32/bin/../lib/gcc/nios2-elf/4.8.3/../../../../../H-x86_64-mingw32/nios2-elf/lib\libc.a(lib_a-printf.o)
 .debug_aranges
                0x00000000000000a8       0x20 c:/altera/14.1/nios2eds/bin/gnu/h-x86_64-mingw32/bin/../lib/gcc/nios2-elf/4.8.3/../../../../../H-x86_64-mingw32/nios2-elf/lib\libc.a(lib_a-puts.o)
 .debug_aranges
                0x00000000000000c8       0x20 c:/altera/14.1/nios2eds/bin/gnu/h-x86_64-mingw32/bin/../lib/gcc/nios2-elf/4.8.3/../../../../../H-x86_64-mingw32/nios2-elf/lib\libc.a(lib_a-strlen.o)
 .debug_aranges
                0x00000000000000e8       0x20 c:/altera/14.1/nios2eds/bin/gnu/h-x86_64-mingw32/bin/../lib/gcc/nios2-elf/4.8.3/../../../../../H-x86_64-mingw32/nios2-elf/lib\libc.a(lib_a-vfprintf.o)
 .debug_aranges
                0x0000000000000108       0x20 c:/altera/14.1/nios2eds/bin/gnu/h-x86_64-mingw32/bin/../lib/gcc/nios2-elf/4.8.3/../../../../../H-x86_64-mingw32/nios2-elf/lib\libc.a(lib_a-wsetup.o)
 .debug_aranges
                0x0000000000000128       0x20 c:/altera/14.1/nios2eds/bin/gnu/h-x86_64-mingw32/bin/../lib/gcc/nios2-elf/4.8.3/../../../../../H-x86_64-mingw32/nios2-elf/lib\libc.a(lib_a-dtoa.o)
 .debug_aranges
                0x0000000000000148       0x20 c:/altera/14.1/nios2eds/bin/gnu/h-x86_64-mingw32/bin/../lib/gcc/nios2-elf/4.8.3/../../../../../H-x86_64-mingw32/nios2-elf/lib\libc.a(lib_a-fflush.o)
 .debug_aranges
                0x0000000000000168       0x20 c:/altera/14.1/nios2eds/bin/gnu/h-x86_64-mingw32/bin/../lib/gcc/nios2-elf/4.8.3/../../../../../H-x86_64-mingw32/nios2-elf/lib\libc.a(lib_a-findfp.o)
 .debug_aranges
                0x0000000000000188       0x20 c:/altera/14.1/nios2eds/bin/gnu/h-x86_64-mingw32/bin/../lib/gcc/nios2-elf/4.8.3/../../../../../H-x86_64-mingw32/nios2-elf/lib\libc.a(lib_a-freer.o)
 .debug_aranges
                0x00000000000001a8       0x20 c:/altera/14.1/nios2eds/bin/gnu/h-x86_64-mingw32/bin/../lib/gcc/nios2-elf/4.8.3/../../../../../H-x86_64-mingw32/nios2-elf/lib\libc.a(lib_a-fvwrite.o)
 .debug_aranges
                0x00000000000001c8       0x20 c:/altera/14.1/nios2eds/bin/gnu/h-x86_64-mingw32/bin/../lib/gcc/nios2-elf/4.8.3/../../../../../H-x86_64-mingw32/nios2-elf/lib\libc.a(lib_a-fwalk.o)
 .debug_aranges
                0x00000000000001e8       0x18 c:/altera/14.1/nios2eds/bin/gnu/h-x86_64-mingw32/bin/../lib/gcc/nios2-elf/4.8.3/../../../../../H-x86_64-mingw32/nios2-elf/lib\libc.a(lib_a-impure.o)
 .debug_aranges
                0x0000000000000200       0x20 c:/altera/14.1/nios2eds/bin/gnu/h-x86_64-mingw32/bin/../lib/gcc/nios2-elf/4.8.3/../../../../../H-x86_64-mingw32/nios2-elf/lib\libc.a(lib_a-locale.o)
 .debug_aranges
                0x0000000000000220       0x20 c:/altera/14.1/nios2eds/bin/gnu/h-x86_64-mingw32/bin/../lib/gcc/nios2-elf/4.8.3/../../../../../H-x86_64-mingw32/nios2-elf/lib\libc.a(lib_a-makebuf.o)
 .debug_aranges
                0x0000000000000240       0x20 c:/altera/14.1/nios2eds/bin/gnu/h-x86_64-mingw32/bin/../lib/gcc/nios2-elf/4.8.3/../../../../../H-x86_64-mingw32/nios2-elf/lib\libc.a(lib_a-mallocr.o)
 .debug_aranges
                0x0000000000000260       0x20 c:/altera/14.1/nios2eds/bin/gnu/h-x86_64-mingw32/bin/../lib/gcc/nios2-elf/4.8.3/../../../../../H-x86_64-mingw32/nios2-elf/lib\libc.a(lib_a-memchr.o)
 .debug_aranges
                0x0000000000000280       0x20 c:/altera/14.1/nios2eds/bin/gnu/h-x86_64-mingw32/bin/../lib/gcc/nios2-elf/4.8.3/../../../../../H-x86_64-mingw32/nios2-elf/lib\libc.a(lib_a-memcpy.o)
 .debug_aranges
                0x00000000000002a0       0x20 c:/altera/14.1/nios2eds/bin/gnu/h-x86_64-mingw32/bin/../lib/gcc/nios2-elf/4.8.3/../../../../../H-x86_64-mingw32/nios2-elf/lib\libc.a(lib_a-memmove.o)
 .debug_aranges
                0x00000000000002c0       0x20 c:/altera/14.1/nios2eds/bin/gnu/h-x86_64-mingw32/bin/../lib/gcc/nios2-elf/4.8.3/../../../../../H-x86_64-mingw32/nios2-elf/lib\libc.a(lib_a-memset.o)
 .debug_aranges
                0x00000000000002e0       0x20 c:/altera/14.1/nios2eds/bin/gnu/h-x86_64-mingw32/bin/../lib/gcc/nios2-elf/4.8.3/../../../../../H-x86_64-mingw32/nios2-elf/lib\libc.a(lib_a-mprec.o)
 .debug_aranges
                0x0000000000000300       0x20 c:/altera/14.1/nios2eds/bin/gnu/h-x86_64-mingw32/bin/../lib/gcc/nios2-elf/4.8.3/../../../../../H-x86_64-mingw32/nios2-elf/lib\libc.a(lib_a-reallocr.o)
 .debug_aranges
                0x0000000000000320       0x20 c:/altera/14.1/nios2eds/bin/gnu/h-x86_64-mingw32/bin/../lib/gcc/nios2-elf/4.8.3/../../../../../H-x86_64-mingw32/nios2-elf/lib\libc.a(lib_a-s_fpclassify.o)
 .debug_aranges
                0x0000000000000340       0x20 c:/altera/14.1/nios2eds/bin/gnu/h-x86_64-mingw32/bin/../lib/gcc/nios2-elf/4.8.3/../../../../../H-x86_64-mingw32/nios2-elf/lib\libc.a(lib_a-sbrkr.o)
 .debug_aranges
                0x0000000000000360       0x20 c:/altera/14.1/nios2eds/bin/gnu/h-x86_64-mingw32/bin/../lib/gcc/nios2-elf/4.8.3/../../../../../H-x86_64-mingw32/nios2-elf/lib\libc.a(lib_a-stdio.o)
 .debug_aranges
                0x0000000000000380       0x20 c:/altera/14.1/nios2eds/bin/gnu/h-x86_64-mingw32/bin/../lib/gcc/nios2-elf/4.8.3/../../../../../H-x86_64-mingw32/nios2-elf/lib\libc.a(lib_a-strcmp.o)
 .debug_aranges
                0x00000000000003a0       0x20 c:/altera/14.1/nios2eds/bin/gnu/h-x86_64-mingw32/bin/../lib/gcc/nios2-elf/4.8.3/../../../../../H-x86_64-mingw32/nios2-elf/lib\libc.a(lib_a-vfiprintf.o)
 .debug_aranges