Archive member included because of file (symbol)

c:/altera/14.0/nios2eds/bin/gnu/h-x86_64-mingw32/bin/../lib/gcc/nios2-elf/4.7.3/../../../../../H-x86_64-mingw32/nios2-elf/lib\libsmallc.a(lib_a-printf.o)
                              obj/default/hello_world_small.o (printf)
c:/altera/14.0/nios2eds/bin/gnu/h-x86_64-mingw32/bin/../lib/gcc/nios2-elf/4.7.3/../../../../../H-x86_64-mingw32/nios2-elf/lib\libsmallc.a(lib_a-puts.o)
                              obj/default/hello_world_small.o (puts)
c:/altera/14.0/nios2eds/bin/gnu/h-x86_64-mingw32/bin/../lib/gcc/nios2-elf/4.7.3/../../../../../H-x86_64-mingw32/nios2-elf/lib\libsmallc.a(lib_a-strlen.o)
                              c:/altera/14.0/nios2eds/bin/gnu/h-x86_64-mingw32/bin/../lib/gcc/nios2-elf/4.7.3/../../../../../H-x86_64-mingw32/nios2-elf/lib\libsmallc.a(lib_a-puts.o) (strlen)
c:/altera/14.0/nios2eds/bin/gnu/h-x86_64-mingw32/bin/../lib/gcc/nios2-elf/4.7.3/../../../../../H-x86_64-mingw32/nios2-elf/lib\libsmallc.a(lib_a-vfprintf.o)
                              c:/altera/14.0/nios2eds/bin/gnu/h-x86_64-mingw32/bin/../lib/gcc/nios2-elf/4.7.3/../../../../../H-x86_64-mingw32/nios2-elf/lib\libsmallc.a(lib_a-printf.o) (___vfprintf_internal_r)
c:/altera/14.0/nios2eds/bin/gnu/h-x86_64-mingw32/bin/../lib/gcc/nios2-elf/4.7.3/../../../../../H-x86_64-mingw32/nios2-elf/lib\libsmallc.a(lib_a-fvwrite_small_dev.o)
                              c:/altera/14.0/nios2eds/bin/gnu/h-x86_64-mingw32/bin/../lib/gcc/nios2-elf/4.7.3/../../../../../H-x86_64-mingw32/nios2-elf/lib\libsmallc.a(lib_a-printf.o) (__sfvwrite_small_dev)
c:/altera/14.0/nios2eds/bin/gnu/h-x86_64-mingw32/bin/../lib/gcc/nios2-elf/4.7.3/../../../../../H-x86_64-mingw32/nios2-elf/lib\libsmallc.a(lib_a-impure.o)
                              c:/altera/14.0/nios2eds/bin/gnu/h-x86_64-mingw32/bin/../lib/gcc/nios2-elf/4.7.3/../../../../../H-x86_64-mingw32/nios2-elf/lib\libsmallc.a(lib_a-printf.o) (_impure_ptr)
c:/altera/14.0/nios2eds/bin/gnu/h-x86_64-mingw32/bin/../lib/gcc/nios2-elf/4.7.3/../../../../../H-x86_64-mingw32/nios2-elf/lib\libsmallc.a(lib_a-writer.o)
                              c:/altera/14.0/nios2eds/bin/gnu/h-x86_64-mingw32/bin/../lib/gcc/nios2-elf/4.7.3/../../../../../H-x86_64-mingw32/nios2-elf/lib\libsmallc.a(lib_a-fvwrite_small_dev.o) (_write_r)
c:/altera/14.0/nios2eds/bin/gnu/h-x86_64-mingw32/bin/../lib/gcc/nios2-elf/4.7.3/../../../../../H-x86_64-mingw32/nios2-elf/lib\libsmallc.a(lib_a-int_errno.o)
                              c:/altera/14.0/nios2eds/bin/gnu/h-x86_64-mingw32/bin/../lib/gcc/nios2-elf/4.7.3/../../../../../H-x86_64-mingw32/nios2-elf/lib\libsmallc.a(lib_a-writer.o) (errno)
c:/altera/14.0/nios2eds/bin/gnu/h-x86_64-mingw32/bin/../lib/gcc/nios2-elf/4.7.3\libgcc.a(lib2-divmod.o)
                              c:/altera/14.0/nios2eds/bin/gnu/h-x86_64-mingw32/bin/../lib/gcc/nios2-elf/4.7.3/../../../../../H-x86_64-mingw32/nios2-elf/lib\libsmallc.a(lib_a-vfprintf.o) (__udivsi3)
../LT24_DE0_Software_bsp/\libhal_bsp.a(alt_load.o)
                              ../LT24_DE0_Software_bsp//obj/HAL/src/crt0.o (alt_load)
../LT24_DE0_Software_bsp/\libhal_bsp.a(alt_main.o)
                              ../LT24_DE0_Software_bsp//obj/HAL/src/crt0.o (alt_main)
../LT24_DE0_Software_bsp/\libhal_bsp.a(alt_putstr.o)
                              obj/default/hello_world_small.o (alt_putstr)
../LT24_DE0_Software_bsp/\libhal_bsp.a(alt_write.o)
                              c:/altera/14.0/nios2eds/bin/gnu/h-x86_64-mingw32/bin/../lib/gcc/nios2-elf/4.7.3/../../../../../H-x86_64-mingw32/nios2-elf/lib\libsmallc.a(lib_a-writer.o) (write)
../LT24_DE0_Software_bsp/\libhal_bsp.a(alt_sys_init.o)
                              ../LT24_DE0_Software_bsp/\libhal_bsp.a(alt_main.o) (alt_irq_init)
../LT24_DE0_Software_bsp/\libhal_bsp.a(altera_avalon_jtag_uart_write.o)
                              ../LT24_DE0_Software_bsp/\libhal_bsp.a(alt_putstr.o) (altera_avalon_jtag_uart_write)
../LT24_DE0_Software_bsp/\libhal_bsp.a(alt_dcache_flush_all.o)
                              ../LT24_DE0_Software_bsp/\libhal_bsp.a(alt_load.o) (alt_dcache_flush_all)
../LT24_DE0_Software_bsp/\libhal_bsp.a(alt_errno.o)
                              ../LT24_DE0_Software_bsp/\libhal_bsp.a(alt_write.o) (alt_errno)
../LT24_DE0_Software_bsp/\libhal_bsp.a(alt_icache_flush_all.o)
                              ../LT24_DE0_Software_bsp/\libhal_bsp.a(alt_load.o) (alt_icache_flush_all)
../LT24_DE0_Software_bsp/\libhal_bsp.a(altera_nios2_qsys_irq.o)
                              ../LT24_DE0_Software_bsp/\libhal_bsp.a(alt_sys_init.o) (altera_nios2_qsys_irq_init)
../LT24_DE0_Software_bsp/\libhal_bsp.a(alt_icache_flush.o)
                              ../LT24_DE0_Software_bsp/\libhal_bsp.a(alt_icache_flush_all.o) (alt_icache_flush)

Allocating common symbols
Common symbol       size              file

errno               0x4               c:/altera/14.0/nios2eds/bin/gnu/h-x86_64-mingw32/bin/../lib/gcc/nios2-elf/4.7.3/../../../../../H-x86_64-mingw32/nios2-elf/lib\libsmallc.a(lib_a-int_errno.o)

Memory Configuration

Name             Origin             Length             Attributes
reset            0x0000000000004000 0x0000000000000020
onchip_memory2_0 0x0000000000004020 0x0000000000003fe0
*default*        0x0000000000000000 0xffffffffffffffff

Linker script and memory map

LOAD ../LT24_DE0_Software_bsp//obj/HAL/src/crt0.o
LOAD obj/default/hello_world_small.o
LOAD c:/altera/14.0/nios2eds/bin/gnu/h-x86_64-mingw32/bin/../lib/gcc/nios2-elf/4.7.3/../../../../../H-x86_64-mingw32/nios2-elf/lib\libstdc++.a
LOAD c:/altera/14.0/nios2eds/bin/gnu/h-x86_64-mingw32/bin/../lib/gcc/nios2-elf/4.7.3/../../../../../H-x86_64-mingw32/nios2-elf/lib\libm.a
LOAD c:/altera/14.0/nios2eds/bin/gnu/h-x86_64-mingw32/bin/../lib/gcc/nios2-elf/4.7.3\libgcc.a
START GROUP
LOAD c:/altera/14.0/nios2eds/bin/gnu/h-x86_64-mingw32/bin/../lib/gcc/nios2-elf/4.7.3/../../../../../H-x86_64-mingw32/nios2-elf/lib\libsmallc.a
LOAD c:/altera/14.0/nios2eds/bin/gnu/h-x86_64-mingw32/bin/../lib/gcc/nios2-elf/4.7.3\libgcc.a
LOAD ../LT24_DE0_Software_bsp/\libhal_bsp.a
END GROUP
LOAD c:/altera/14.0/nios2eds/bin/gnu/h-x86_64-mingw32/bin/../lib/gcc/nios2-elf/4.7.3\libgcc.a
                0x0000000000004000                __alt_mem_onchip_memory2_0 = 0x4000

.entry          0x0000000000004000       0x20
 *(.entry)
 .entry         0x0000000000004000       0x20 ../LT24_DE0_Software_bsp//obj/HAL/src/crt0.o
                0x0000000000004000                __reset
                0x000000000000401c                _exit

.exceptions     0x0000000000004020        0x0
                0x0000000000004020                PROVIDE (__ram_exceptions_start, ABSOLUTE (.))
                0x0000000000004020                . = ALIGN (0x20)
 *(.irq)
 *(.exceptions.entry.label)
 *(.exceptions.entry.user)
 *(.exceptions.entry.ecc_fatal)
 *(.exceptions.entry)
 *(.exceptions.irqtest.user)
 *(.exceptions.irqtest)
 *(.exceptions.irqhandler.user)
 *(.exceptions.irqhandler)
 *(.exceptions.irqreturn.user)
 *(.exceptions.irqreturn)
 *(.exceptions.notirq.label)
 *(.exceptions.notirq.user)
 *(.exceptions.notirq)
 *(.exceptions.soft.user)
 *(.exceptions.soft)
 *(.exceptions.unknown.user)
 *(.exceptions.unknown)
 *(.exceptions.exit.label)
 *(.exceptions.exit.user)
 *(.exceptions.exit)
 *(.exceptions)
                0x0000000000004020                PROVIDE (__ram_exceptions_end, ABSOLUTE (.))
                0x0000000000004020                PROVIDE (__flash_exceptions_start, LOADADDR (.exceptions))

.text           0x0000000000004020     0x1228
                0x0000000000004020                PROVIDE (stext, ABSOLUTE (.))
 *(.interp)
 *(.hash)
 *(.dynsym)
 *(.dynstr)
 *(.gnu.version)
 *(.gnu.version_d)
 *(.gnu.version_r)
 *(.rel.init)
 *(.rela.init)
 *(.rel.text .rel.text.* .rel.gnu.linkonce.t.*)
 *(.rela.text .rela.text.* .rela.gnu.linkonce.t.*)
 *(.rel.fini)
 *(.rela.fini)
 *(.rel.rodata .rel.rodata.* .rel.gnu.linkonce.r.*)
 *(.rela.rodata .rela.rodata.* .rela.gnu.linkonce.r.*)
 *(.rel.data .rel.data.* .rel.gnu.linkonce.d.*)
 *(.rela.data .rela.data.* .rela.gnu.linkonce.d.*)
 *(.rel.tdata .rel.tdata.* .rel.gnu.linkonce.td.*)
 *(.rela.tdata .rela.tdata.* .rela.gnu.linkonce.td.*)
 *(.rel.tbss .rel.tbss.* .rel.gnu.linkonce.tb.*)
 *(.rela.tbss .rela.tbss.* .rela.gnu.linkonce.tb.*)
 *(.rel.ctors)
 *(.rela.ctors)
 *(.rel.dtors)
 *(.rela.dtors)
 *(.rel.got)
 *(.rela.got)
 *(.rel.sdata .rel.sdata.* .rel.gnu.linkonce.s.*)
 *(.rela.sdata .rela.sdata.* .rela.gnu.linkonce.s.*)
 *(.rel.sbss .rel.sbss.* .rel.gnu.linkonce.sb.*)
 *(.rela.sbss .rela.sbss.* .rela.gnu.linkonce.sb.*)
 *(.rel.sdata2 .rel.sdata2.* .rel.gnu.linkonce.s2.*)
 *(.rela.sdata2 .rela.sdata2.* .rela.gnu.linkonce.s2.*)
 *(.rel.sbss2 .rel.sbss2.* .rel.gnu.linkonce.sb2.*)
 *(.rela.sbss2 .rela.sbss2.* .rela.gnu.linkonce.sb2.*)
 *(.rel.bss .rel.bss.* .rel.gnu.linkonce.b.*)
 *(.rela.bss .rela.bss.* .rela.gnu.linkonce.b.*)
 *(.rel.plt)
 *(.rela.plt)
 *(.rel.dyn)
 *(.init)
 *(.plt)
 *(.text .stub .text.* .gnu.linkonce.t.*)
 .text          0x0000000000004020       0x3c ../LT24_DE0_Software_bsp//obj/HAL/src/crt0.o
                0x0000000000004020                _start
 .text          0x000000000000405c      0x140 obj/default/hello_world_small.o
                0x000000000000405c                LT24_dma_start
                0x0000000000004088                LT24_write_cmd
                0x00000000000040a0                LT24_write_data
                0x00000000000040b8                LCD_SetCursor
                0x0000000000004130                LCD_DrawPoint
                0x0000000000004168                wait_ms
                0x0000000000004184                wait_20ns
 .text.startup  0x000000000000419c      0x38c obj/default/hello_world_small.o
                0x000000000000419c                main
 .text          0x0000000000004528       0x88 c:/altera/14.0/nios2eds/bin/gnu/h-x86_64-mingw32/bin/../lib/gcc/nios2-elf/4.7.3/../../../../../H-x86_64-mingw32/nios2-elf/lib\libsmallc.a(lib_a-printf.o)
                0x0000000000004528                _printf_r
                0x0000000000004564                printf
 .text          0x00000000000045b0       0x94 c:/altera/14.0/nios2eds/bin/gnu/h-x86_64-mingw32/bin/../lib/gcc/nios2-elf/4.7.3/../../../../../H-x86_64-mingw32/nios2-elf/lib\libsmallc.a(lib_a-puts.o)
                0x00000000000045b0                _puts_r
                0x0000000000004630                puts
 .text          0x0000000000004644       0x28 c:/altera/14.0/nios2eds/bin/gnu/h-x86_64-mingw32/bin/../lib/gcc/nios2-elf/4.7.3/../../../../../H-x86_64-mingw32/nios2-elf/lib\libsmallc.a(lib_a-strlen.o)
                0x0000000000004644                strlen
 .text          0x000000000000466c      0x6e8 c:/altera/14.0/nios2eds/bin/gnu/h-x86_64-mingw32/bin/../lib/gcc/nios2-elf/4.7.3/../../../../../H-x86_64-mingw32/nios2-elf/lib\libsmallc.a(lib_a-vfprintf.o)
                0x000000000000466c                ___vfprintf_internal_r
                0x0000000000004d30                __vfprintf_internal
 .text          0x0000000000004d54       0xe0 c:/altera/14.0/nios2eds/bin/gnu/h-x86_64-mingw32/bin/../lib/gcc/nios2-elf/4.7.3/../../../../../H-x86_64-mingw32/nios2-elf/lib\libsmallc.a(lib_a-fvwrite_small_dev.o)
                0x0000000000004d54                __sfvwrite_small_dev
 .text          0x0000000000004e34        0x0 c:/altera/14.0/nios2eds/bin/gnu/h-x86_64-mingw32/bin/../lib/gcc/nios2-elf/4.7.3/../../../../../H-x86_64-mingw32/nios2-elf/lib\libsmallc.a(lib_a-impure.o)
 .text          0x0000000000004e34       0x6c c:/altera/14.0/nios2eds/bin/gnu/h-x86_64-mingw32/bin/../lib/gcc/nios2-elf/4.7.3/../../../../../H-x86_64-mingw32/nios2-elf/lib\libsmallc.a(lib_a-writer.o)
                0x0000000000004e34                _write_r
 .text          0x0000000000004ea0        0x0 c:/altera/14.0/nios2eds/bin/gnu/h-x86_64-mingw32/bin/../lib/gcc/nios2-elf/4.7.3/../../../../../H-x86_64-mingw32/nios2-elf/lib\libsmallc.a(lib_a-int_errno.o)
 .text          0x0000000000004ea0      0x130 c:/altera/14.0/nios2eds/bin/gnu/h-x86_64-mingw32/bin/../lib/gcc/nios2-elf/4.7.3\libgcc.a(lib2-divmod.o)
                0x0000000000004f14                __divsi3
                0x0000000000004f64                __modsi3
                0x0000000000004fc0                __udivsi3
                0x0000000000004fc8                __umodsi3
 .text          0x0000000000004fd0      0x104 ../LT24_DE0_Software_bsp/\libhal_bsp.a(alt_load.o)
                0x0000000000004fd0                alt_load
 .text          0x00000000000050d4       0x2c ../LT24_DE0_Software_bsp/\libhal_bsp.a(alt_main.o)
                0x00000000000050d4                alt_main
 .text          0x0000000000005100       0x38 ../LT24_DE0_Software_bsp/\libhal_bsp.a(alt_putstr.o)
                0x0000000000005100                alt_putstr
 .text          0x0000000000005138       0x68 ../LT24_DE0_Software_bsp/\libhal_bsp.a(alt_write.o)
                0x0000000000005138                write
 .text          0x00000000000051a0       0x24 ../LT24_DE0_Software_bsp/\libhal_bsp.a(alt_sys_init.o)
                0x00000000000051a0                alt_irq_init
                0x00000000000051c0                alt_sys_init
 .text          0x00000000000051c4       0x34 ../LT24_DE0_Software_bsp/\libhal_bsp.a(altera_avalon_jtag_uart_write.o)
                0x00000000000051c4                altera_avalon_jtag_uart_write
 .text          0x00000000000051f8        0x4 ../LT24_DE0_Software_bsp/\libhal_bsp.a(alt_dcache_flush_all.o)
                0x00000000000051f8                alt_dcache_flush_all
 .text          0x00000000000051fc        0x0 ../LT24_DE0_Software_bsp/\libhal_bsp.a(alt_errno.o)
 .text          0x00000000000051fc        0xc ../LT24_DE0_Software_bsp/\libhal_bsp.a(alt_icache_flush_all.o)
                0x00000000000051fc                alt_icache_flush_all
 .text          0x0000000000005208        0x8 ../LT24_DE0_Software_bsp/\libhal_bsp.a(altera_nios2_qsys_irq.o)
                0x0000000000005208                altera_nios2_qsys_irq_init
 .text          0x0000000000005210       0x38 ../LT24_DE0_Software_bsp/\libhal_bsp.a(alt_icache_flush.o)
                0x0000000000005210                alt_icache_flush
 *(.gnu.warning.*)
 *(.fini)
                0x0000000000005248                PROVIDE (__etext, ABSOLUTE (.))
                0x0000000000005248                PROVIDE (_etext, ABSOLUTE (.))
                0x0000000000005248                PROVIDE (etext, ABSOLUTE (.))
 *(.eh_frame_hdr)
                0x0000000000005248                . = ALIGN (0x4)
                0x0000000000005248                PROVIDE (__preinit_array_start, ABSOLUTE (.))
 *(.preinit_array)
                0x0000000000005248                PROVIDE (__preinit_array_end, ABSOLUTE (.))
                0x0000000000005248                PROVIDE (__init_array_start, ABSOLUTE (.))
 *(.init_array)
                0x0000000000005248                PROVIDE (__init_array_end, ABSOLUTE (.))
                0x0000000000005248                PROVIDE (__fini_array_start, ABSOLUTE (.))
 *(.fini_array)
                0x0000000000005248                PROVIDE (__fini_array_end, ABSOLUTE (.))
 *(.eh_frame)
 *(.gcc_except_table .gcc_except_table.*)
 *(.dynamic)
                0x0000000000005248                PROVIDE (__CTOR_LIST__, ABSOLUTE (.))
 *(.ctors)
 *(SORT(.ctors.*))
                0x0000000000005248                PROVIDE (__CTOR_END__, ABSOLUTE (.))
                0x0000000000005248                PROVIDE (__DTOR_LIST__, ABSOLUTE (.))
 *(.dtors)
 *(SORT(.dtors.*))
                0x0000000000005248                PROVIDE (__DTOR_END__, ABSOLUTE (.))
 *(.jcr)
                0x0000000000005248                . = ALIGN (0x4)

.rodata         0x0000000000005248      0xcb4
                0x0000000000005248                PROVIDE (__ram_rodata_start, ABSOLUTE (.))
                0x0000000000005248                . = ALIGN (0x4)
 *(.rodata .rodata.* .gnu.linkonce.r.*)
 .rodata.str1.4
                0x0000000000005248       0x31 obj/default/hello_world_small.o
                                         0x34 (size before relaxing)
 *fill*         0x0000000000005279        0x1 
 .rodata        0x000000000000527a      0xc80 obj/default/hello_world_small.o
                0x000000000000527a                image16
 .rodata.str1.4
                0x0000000000000000       0x34 c:/altera/14.0/nios2eds/bin/gnu/h-x86_64-mingw32/bin/../lib/gcc/nios2-elf/4.7.3/../../../../../H-x86_64-mingw32/nios2-elf/lib\libsmallc.a(lib_a-puts.o)
                                          0x4 (size before relaxing)
 *(.rodata1)
                0x0000000000005efc                . = ALIGN (0x4)
 *fill*         0x0000000000005efa        0x2 
                0x0000000000005efc                PROVIDE (__ram_rodata_end, ABSOLUTE (.))
                0x0000000000005248                PROVIDE (__flash_rodata_start, LOADADDR (.rodata))

.rwdata         0x0000000000005efc       0xf0 load address 0x0000000000005fec
                0x0000000000005efc                PROVIDE (__ram_rwdata_start, ABSOLUTE (.))
                0x0000000000005efc                . = ALIGN (0x4)
 *(.got.plt)
 *(.got)
 *(.data1)
 *(.data .data.* .gnu.linkonce.d.*)
 .data          0x0000000000005efc        0x0 ../LT24_DE0_Software_bsp//obj/HAL/src/crt0.o
 .data          0x0000000000005efc        0x0 obj/default/hello_world_small.o
 .data          0x0000000000005efc        0x0 c:/altera/14.0/nios2eds/bin/gnu/h-x86_64-mingw32/bin/../lib/gcc/nios2-elf/4.7.3/../../../../../H-x86_64-mingw32/nios2-elf/lib\libsmallc.a(lib_a-printf.o)
 .data          0x0000000000005efc        0x0 c:/altera/14.0/nios2eds/bin/gnu/h-x86_64-mingw32/bin/../lib/gcc/nios2-elf/4.7.3/../../../../../H-x86_64-mingw32/nios2-elf/lib\libsmallc.a(lib_a-puts.o)
 .data          0x0000000000005efc        0x0 c:/altera/14.0/nios2eds/bin/gnu/h-x86_64-mingw32/bin/../lib/gcc/nios2-elf/4.7.3/../../../../../H-x86_64-mingw32/nios2-elf/lib\libsmallc.a(lib_a-strlen.o)
 .data          0x0000000000005efc        0x0 c:/altera/14.0/nios2eds/bin/gnu/h-x86_64-mingw32/bin/../lib/gcc/nios2-elf/4.7.3/../../../../../H-x86_64-mingw32/nios2-elf/lib\libsmallc.a(lib_a-vfprintf.o)
 .data          0x0000000000005efc        0x0 c:/altera/14.0/nios2eds/bin/gnu/h-x86_64-mingw32/bin/../lib/gcc/nios2-elf/4.7.3/../../../../../H-x86_64-mingw32/nios2-elf/lib\libsmallc.a(lib_a-fvwrite_small_dev.o)
 .data          0x0000000000005efc       0xe0 c:/altera/14.0/nios2eds/bin/gnu/h-x86_64-mingw32/bin/../lib/gcc/nios2-elf/4.7.3/../../../../../H-x86_64-mingw32/nios2-elf/lib\libsmallc.a(lib_a-impure.o)
 .data          0x0000000000005fdc        0x0 c:/altera/14.0/nios2eds/bin/gnu/h-x86_64-mingw32/bin/../lib/gcc/nios2-elf/4.7.3/../../../../../H-x86_64-mingw32/nios2-elf/lib\libsmallc.a(lib_a-writer.o)
 .data          0x0000000000005fdc        0x0 c:/altera/14.0/nios2eds/bin/gnu/h-x86_64-mingw32/bin/../lib/gcc/nios2-elf/4.7.3/../../../../../H-x86_64-mingw32/nios2-elf/lib\libsmallc.a(lib_a-int_errno.o)
 .data          0x0000000000005fdc        0x0 c:/altera/14.0/nios2eds/bin/gnu/h-x86_64-mingw32/bin/../lib/gcc/nios2-elf/4.7.3\libgcc.a(lib2-divmod.o)
 .data          0x0000000000005fdc        0x0 ../LT24_DE0_Software_bsp/\libhal_bsp.a(alt_load.o)
 .data          0x0000000000005fdc        0x0 ../LT24_DE0_Software_bsp/\libhal_bsp.a(alt_main.o)
 .data          0x0000000000005fdc        0x0 ../LT24_DE0_Software_bsp/\libhal_bsp.a(alt_putstr.o)
 .data          0x0000000000005fdc        0x0 ../LT24_DE0_Software_bsp/\libhal_bsp.a(alt_write.o)
 .data          0x0000000000005fdc        0x0 ../LT24_DE0_Software_bsp/\libhal_bsp.a(alt_sys_init.o)
 .data          0x0000000000005fdc        0x0 ../LT24_DE0_Software_bsp/\libhal_bsp.a(altera_avalon_jtag_uart_write.o)
 .data          0x0000000000005fdc        0x0 ../LT24_DE0_Software_bsp/\libhal_bsp.a(alt_dcache_flush_all.o)
 .data          0x0000000000005fdc        0x0 ../LT24_DE0_Software_bsp/\libhal_bsp.a(alt_errno.o)
 .data          0x0000000000005fdc        0x0 ../LT24_DE0_Software_bsp/\libhal_bsp.a(alt_icache_flush_all.o)
 .data          0x0000000000005fdc        0x0 ../LT24_DE0_Software_bsp/\libhal_bsp.a(altera_nios2_qsys_irq.o)
 .data          0x0000000000005fdc        0x0 ../LT24_DE0_Software_bsp/\libhal_bsp.a(alt_icache_flush.o)
                0x000000000000dfdc                _gp = ABSOLUTE ((. + 0x8000))
                0x000000000000dfdc                PROVIDE (gp, _gp)
 *(.rwdata .rwdata.*)
 *(.sdata .sdata.* .gnu.linkonce.s.*)
 .sdata         0x0000000000005fdc        0x8 c:/altera/14.0/nios2eds/bin/gnu/h-x86_64-mingw32/bin/../lib/gcc/nios2-elf/4.7.3/../../../../../H-x86_64-mingw32/nios2-elf/lib\libsmallc.a(lib_a-impure.o)
                0x0000000000005fdc                _global_impure_ptr
                0x0000000000005fe0                _impure_ptr
 .sdata         0x0000000000005fe4        0x4 ../LT24_DE0_Software_bsp/\libhal_bsp.a(alt_sys_init.o)
                0x0000000000005fe4                jtag_uart_0
 .sdata         0x0000000000005fe8        0x4 ../LT24_DE0_Software_bsp/\libhal_bsp.a(alt_errno.o)
                0x0000000000005fe8                alt_errno
 *(.sdata2 .sdata2.* .gnu.linkonce.s2.*)
                0x0000000000005fec                . = ALIGN (0x4)
                0x0000000000005fec                _edata = ABSOLUTE (.)
                0x0000000000005fec                PROVIDE (edata, ABSOLUTE (.))
                0x0000000000005fec                PROVIDE (__ram_rwdata_end, ABSOLUTE (.))
                0x0000000000005fec                PROVIDE (__flash_rwdata_start, LOADADDR (.rwdata))

.bss            0x00000000000060dc       0x10
                0x00000000000060dc                __bss_start = ABSOLUTE (.)
                0x00000000000060dc                PROVIDE (__sbss_start, ABSOLUTE (.))
                0x00000000000060dc                PROVIDE (___sbss_start, ABSOLUTE (.))
 *(.dynsbss)
 *(.sbss .sbss.* .gnu.linkonce.sb.*)
 .sbss          0x00000000000060dc        0x4 c:/altera/14.0/nios2eds/bin/gnu/h-x86_64-mingw32/bin/../lib/gcc/nios2-elf/4.7.3/../../../../../H-x86_64-mingw32/nios2-elf/lib\libsmallc.a(lib_a-int_errno.o)
                0x00000000000060dc                errno
 .sbss          0x00000000000060e0        0xc ../LT24_DE0_Software_bsp/\libhal_bsp.a(alt_main.o)
                0x00000000000060e0                alt_envp
                0x00000000000060e4                alt_argv
                0x00000000000060e8                alt_argc
 *(.sbss2 .sbss2.* .gnu.linkonce.sb2.*)
 *(.scommon)
                0x00000000000060ec                PROVIDE (__sbss_end, ABSOLUTE (.))
                0x00000000000060ec                PROVIDE (___sbss_end, ABSOLUTE (.))
 *(.dynbss)
 *(.bss .bss.* .gnu.linkonce.b.*)
 .bss           0x00000000000060ec        0x0 ../LT24_DE0_Software_bsp//obj/HAL/src/crt0.o
 .bss           0x00000000000060ec        0x0 obj/default/hello_world_small.o
 .bss           0x00000000000060ec        0x0 c:/altera/14.0/nios2eds/bin/gnu/h-x86_64-mingw32/bin/../lib/gcc/nios2-elf/4.7.3/../../../../../H-x86_64-mingw32/nios2-elf/lib\libsmallc.a(lib_a-printf.o)
 .bss           0x00000000000060ec        0x0 c:/altera/14.0/nios2eds/bin/gnu/h-x86_64-mingw32/bin/../lib/gcc/nios2-elf/4.7.3/../../../../../H-x86_64-mingw32/nios2-elf/lib\libsmallc.a(lib_a-puts.o)
 .bss           0x00000000000060ec        0x0 c:/altera/14.0/nios2eds/bin/gnu/h-x86_64-mingw32/bin/../lib/gcc/nios2-elf/4.7.3/../../../../../H-x86_64-mingw32/nios2-elf/lib\libsmallc.a(lib_a-strlen.o)
 .bss           0x00000000000060ec        0x0 c:/altera/14.0/nios2eds/bin/gnu/h-x86_64-mingw32/bin/../lib/gcc/nios2-elf/4.7.3/../../../../../H-x86_64-mingw32/nios2-elf/lib\libsmallc.a(lib_a-vfprintf.o)
 .bss           0x00000000000060ec        0x0 c:/altera/14.0/nios2eds/bin/gnu/h-x86_64-mingw32/bin/../lib/gcc/nios2-elf/4.7.3/../../../../../H-x86_64-mingw32/nios2-elf/lib\libsmallc.a(lib_a-fvwrite_small_dev.o)
 .bss           0x00000000000060ec        0x0 c:/altera/14.0/nios2eds/bin/gnu/h-x86_64-mingw32/bin/../lib/gcc/nios2-elf/4.7.3/../../../../../H-x86_64-mingw32/nios2-elf/lib\libsmallc.a(lib_a-impure.o)
 .bss           0x00000000000060ec        0x0 c:/altera/14.0/nios2eds/bin/gnu/h-x86_64-mingw32/bin/../lib/gcc/nios2-elf/4.7.3/../../../../../H-x86_64-mingw32/nios2-elf/lib\libsmallc.a(lib_a-writer.o)
 .bss           0x00000000000060ec        0x0 c:/altera/14.0/nios2eds/bin/gnu/h-x86_64-mingw32/bin/../lib/gcc/nios2-elf/4.7.3/../../../../../H-x86_64-mingw32/nios2-elf/lib\libsmallc.a(lib_a-int_errno.o)
 .bss           0x00000000000060ec        0x0 c:/altera/14.0/nios2eds/bin/gnu/h-x86_64-mingw32/bin/../lib/gcc/nios2-elf/4.7.3\libgcc.a(lib2-divmod.o)
 .bss           0x00000000000060ec        0x0 ../LT24_DE0_Software_bsp/\libhal_bsp.a(alt_load.o)
 .bss           0x00000000000060ec        0x0 ../LT24_DE0_Software_bsp/\libhal_bsp.a(alt_main.o)
 .bss           0x00000000000060ec        0x0 ../LT24_DE0_Software_bsp/\libhal_bsp.a(alt_putstr.o)
 .bss           0x00000000000060ec        0x0 ../LT24_DE0_Software_bsp/\libhal_bsp.a(alt_write.o)
 .bss           0x00000000000060ec        0x0 ../LT24_DE0_Software_bsp/\libhal_bsp.a(alt_sys_init.o)
 .bss           0x00000000000060ec        0x0 ../LT24_DE0_Software_bsp/\libhal_bsp.a(altera_avalon_jtag_uart_write.o)
 .bss           0x00000000000060ec        0x0 ../LT24_DE0_Software_bsp/\libhal_bsp.a(alt_dcache_flush_all.o)
 .bss           0x00000000000060ec        0x0 ../LT24_DE0_Software_bsp/\libhal_bsp.a(alt_errno.o)
 .bss           0x00000000000060ec        0x0 ../LT24_DE0_Software_bsp/\libhal_bsp.a(alt_icache_flush_all.o)
 .bss           0x00000000000060ec        0x0 ../LT24_DE0_Software_bsp/\libhal_bsp.a(altera_nios2_qsys_irq.o)
 .bss           0x00000000000060ec        0x0 ../LT24_DE0_Software_bsp/\libhal_bsp.a(alt_icache_flush.o)
 *(COMMON)
                0x00000000000060ec                . = ALIGN (0x4)
                0x00000000000060ec                __bss_end = ABSOLUTE (.)

.onchip_memory2_0
                0x00000000000060ec        0x0
                0x00000000000060ec                PROVIDE (_alt_partition_onchip_memory2_0_start, ABSOLUTE (.))
 *(.onchip_memory2_0 .onchip_memory2_0. onchip_memory2_0.*)
                0x00000000000060ec                . = ALIGN (0x4)
                0x00000000000060ec                PROVIDE (_alt_partition_onchip_memory2_0_end, ABSOLUTE (.))
                0x00000000000060ec                _end = ABSOLUTE (.)
                0x00000000000060ec                end = ABSOLUTE (.)
                0x00000000000060ec                __alt_stack_base = ABSOLUTE (.)
                0x00000000000060ec                PROVIDE (_alt_partition_onchip_memory2_0_load_addr, LOADADDR (.onchip_memory2_0))

.stab
 *(.stab)

.stabstr
 *(.stabstr)

.stab.excl
 *(.stab.excl)

.stab.exclstr
 *(.stab.exclstr)

.stab.index
 *(.stab.index)

.stab.indexstr
 *(.stab.indexstr)

.comment        0x0000000000000000       0x23
 *(.comment)
 .comment       0x0000000000000000       0x23 obj/default/hello_world_small.o
                                         0x24 (size before relaxing)
 .comment       0x0000000000000000       0x24 c:/altera/14.0/nios2eds/bin/gnu/h-x86_64-mingw32/bin/../lib/gcc/nios2-elf/4.7.3/../../../../../H-x86_64-mingw32/nios2-elf/lib\libsmallc.a(lib_a-printf.o)
 .comment       0x0000000000000000       0x24 c:/altera/14.0/nios2eds/bin/gnu/h-x86_64-mingw32/bin/../lib/gcc/nios2-elf/4.7.3/../../../../../H-x86_64-mingw32/nios2-elf/lib\libsmallc.a(lib_a-puts.o)
 .comment       0x0000000000000000       0x24 c:/altera/14.0/nios2eds/bin/gnu/h-x86_64-mingw32/bin/../lib/gcc/nios2-elf/4.7.3/../../../../../H-x86_64-mingw32/nios2-elf/lib\libsmallc.a(lib_a-strlen.o)
 .comment       0x0000000000000000       0x24 c:/altera/14.0/nios2eds/bin/gnu/h-x86_64-mingw32/bin/../lib/gcc/nios2-elf/4.7.3/../../../../../H-x86_64-mingw32/nios2-elf/lib\libsmallc.a(lib_a-vfprintf.o)
 .comment       0x0000000000000000       0x24 c:/altera/14.0/nios2eds/bin/gnu/h-x86_64-mingw32/bin/../lib/gcc/nios2-elf/4.7.3/../../../../../H-x86_64-mingw32/nios2-elf/lib\libsmallc.a(lib_a-fvwrite_small_dev.o)
 .comment       0x0000000000000000       0x24 c:/altera/14.0/nios2eds/bin/gnu/h-x86_64-mingw32/bin/../lib/gcc/nios2-elf/4.7.3/../../../../../H-x86_64-mingw32/nios2-elf/lib\libsmallc.a(lib_a-impure.o)
 .comment       0x0000000000000000       0x24 c:/altera/14.0/nios2eds/bin/gnu/h-x86_64-mingw32/bin/../lib/gcc/nios2-elf/4.7.3/../../../../../H-x86_64-mingw32/nios2-elf/lib\libsmallc.a(lib_a-writer.o)
 .comment       0x0000000000000000       0x24 c:/altera/14.0/nios2eds/bin/gnu/h-x86_64-mingw32/bin/../lib/gcc/nios2-elf/4.7.3/../../../../../H-x86_64-mingw32/nios2-elf/lib\libsmallc.a(lib_a-int_errno.o)
 .comment       0x0000000000000000       0x24 c:/altera/14.0/nios2eds/bin/gnu/h-x86_64-mingw32/bin/../lib/gcc/nios2-elf/4.7.3\libgcc.a(lib2-divmod.o)
 .comment       0x0000000000000000       0x24 ../LT24_DE0_Software_bsp/\libhal_bsp.a(alt_load.o)
 .comment       0x0000000000000000       0x24 ../LT24_DE0_Software_bsp/\libhal_bsp.a(alt_main.o)
 .comment       0x0000000000000000       0x24 ../LT24_DE0_Software_bsp/\libhal_bsp.a(alt_putstr.o)
 .comment       0x0000000000000000       0x24 ../LT24_DE0_Software_bsp/\libhal_bsp.a(alt_write.o)
 .comment       0x0000000000000000       0x24 ../LT24_DE0_Software_bsp/\libhal_bsp.a(alt_sys_init.o)
 .comment       0x0000000000000000       0x24 ../LT24_DE0_Software_bsp/\libhal_bsp.a(altera_avalon_jtag_uart_write.o)
 .comment       0x0000000000000000       0x24 ../LT24_DE0_Software_bsp/\libhal_bsp.a(alt_dcache_flush_all.o)
 .comment       0x0000000000000000       0x24 ../LT24_DE0_Software_bsp/\libhal_bsp.a(alt_errno.o)
 .comment       0x0000000000000000       0x24 ../LT24_DE0_Software_bsp/\libhal_bsp.a(alt_icache_flush_all.o)
 .comment       0x0000000000000000       0x24 ../LT24_DE0_Software_bsp/\libhal_bsp.a(altera_nios2_qsys_irq.o)
 .comment       0x0000000000000000       0x24 ../LT24_DE0_Software_bsp/\libhal_bsp.a(alt_icache_flush.o)

.debug
 *(.debug)

.line
 *(.line)

.debug_srcinfo
 *(.debug_srcinfo)

.debug_sfnames
 *(.debug_sfnames)

.debug_aranges  0x0000000000000000      0x2b8
 *(.debug_aranges)
 .debug_aranges
                0x0000000000000000       0x28 ../LT24_DE0_Software_bsp//obj/HAL/src/crt0.o
 .debug_aranges
                0x0000000000000028       0x28 obj/default/hello_world_small.o
 .debug_aranges
                0x0000000000000050       0x20 c:/altera/14.0/nios2eds/bin/gnu/h-x86_64-mingw32/bin/../lib/gcc/nios2-elf/4.7.3/../../../../../H-x86_64-mingw32/nios2-elf/lib\libsmallc.a(lib_a-printf.o)
 .debug_aranges
                0x0000000000000070       0x20 c:/altera/14.0/nios2eds/bin/gnu/h-x86_64-mingw32/bin/../lib/gcc/nios2-elf/4.7.3/../../../../../H-x86_64-mingw32/nios2-elf/lib\libsmallc.a(lib_a-puts.o)
 .debug_aranges
                0x0000000000000090       0x20 c:/altera/14.0/nios2eds/bin/gnu/h-x86_64-mingw32/bin/../lib/gcc/nios2-elf/4.7.3/../../../../../H-x86_64-mingw32/nios2-elf/lib\libsmallc.a(lib_a-strlen.o)
 .debug_aranges
                0x00000000000000b0       0x20 c:/altera/14.0/nios2eds/bin/gnu/h-x86_64-mingw32/bin/../lib/gcc/nios2-elf/4.7.3/../../../../../H-x86_64-mingw32/nios2-elf/lib\libsmallc.a(lib_a-vfprintf.o)
 .debug_aranges
                0x00000000000000d0       0x20 c:/altera/14.0/nios2eds/bin/gnu/h-x86_64-mingw32/bin/../lib/gcc/nios2-elf/4.7.3/../../../../../H-x86_64-mingw32/nios2-elf/lib\libsmallc.a(lib_a-fvwrite_small_dev.o)
 .debug_aranges
                0x00000000000000f0       0x18 c:/altera/14.0/nios2eds/bin/gnu/h-x86_64-mingw32/bin/../lib/gcc/nios2-elf/4.7.3/../../../../../H-x86_64-mingw32/nios2-elf/lib\libsmallc.a(lib_a-impure.o)
 .debug_aranges
                0x0000000000000108       0x20 c:/altera/14.0/nios2eds/bin/gnu/h-x86_64-mingw32/bin/../lib/gcc/nios2-elf/4.7.3/../../../../../H-x86_64-mingw32/nios2-elf/lib\libsmallc.a(lib_a-writer.o)
 .debug_aranges
                0x0000000000000128       0x18 c:/altera/14.0/nios2eds/bin/gnu/h-x86_64-mingw32/bin/../lib/gcc/nios2-elf/4.7.3/../../../../../H-x86_64-mingw32/nios2-elf/lib\libsmallc.a(lib_a-int_errno.o)
 .debug_aranges
                0x0000000000000140       0x20 c:/altera/14.0/nios2eds/bin/gnu/h-x86_64-mingw32/bin/../lib/gcc/nios2-elf/4.7.3\libgcc.a(lib2-divmod.o)
 .debug_aranges
                0x0000000000000160       0x20 ../LT24_DE0_Software_bsp/\libhal_bsp.a(alt_load.o)
 .debug_aranges
                0x0000000000000180       0x20 ../LT24_DE0_Software_bsp/\libhal_bsp.a(alt_main.o)
 .debug_aranges
                0x00000000000001a0       0x20 ../LT24_DE0_Software_bsp/\libhal_bsp.a(alt_putstr.o)
 .debug_aranges
                0x00000000000001c0       0x20 ../LT24_DE0_Software_bsp/\libhal_bsp.a(alt_write.o)
 .debug_aranges
                0x00000000000001e0       0x20 ../LT24_DE0_Software_bsp/\libhal_bsp.a(alt_sys_init.o)
 .debug_aranges
                0x0000000000000200       0x20 ../LT24_DE0_Software_bsp/\libhal_bsp.a(altera_avalon_jtag_uart_write.o)
 .debug_aranges
                0x0000000000000220       0x20 ../LT24_DE0_Software_bsp/\libhal_bsp.a(alt_dcache_flush_all.o)
 .debug_aranges
                0x0000000000000240       0x18 ../LT24_DE0_Software_bsp/\libhal_bsp.a(alt_errno.o)
 .debug_aranges
                0x0000000000000258       0x20 ../LT24_DE0_Software_bsp/\libhal_bsp.a(alt_icache_flush_all.o)
 .debug_aranges
                0x0000000000000278       0x20 ../LT24_DE0_Software_bsp/\libhal_bsp.a(altera_nios2_qsys_irq.o)
 .debug_aranges
                0x0000000000000298       0x20 ../LT24_DE0_Software_bsp/\libhal_bsp.a(alt_icache_flush.o)

.debug_pubnames
 *(.debug_pubnames)

.debug_info     0x0000000000000000     0x4c0e
 *(.debug_info .gnu.linkonce.wi.*)
 .debug_info    0x0000000000000000       0x92 ../LT24_DE0_Software_bsp//obj/HAL/src/crt0.o
 .debug_info    0x0000000000000092      0xbb2 obj/default/hello_world_small.o
 .debug_info    0x0000000000000c44      0x765 c:/altera/14.0/nios2eds/bin/gnu/h-x86_64-mingw32/bin/../lib/gcc/nios2-elf/4.7.3/../../../../../H-x86_64-mingw32/nios2-elf/lib\libsmallc.a(lib_a-printf.o)
 .debug_info    0x00000000000013a9      0x6f4 c:/altera/14.0/nios2eds/bin/gnu/h-x86_64-mingw32/bin/../lib/gcc/nios2-elf/4.7.3/../../../../../H-x86_64-mingw32/nios2-elf/lib\libsmallc.a(lib_a-puts.o)
 .debug_info    0x0000000000001a9d       0xc6 c:/altera/14.0/nios2eds/bin/gnu/h-x86_64-mingw32/bin/../lib/gcc/nios2-elf/4.7.3/../../../../../H-x86_64-mingw32/nios2-elf/lib\libsmallc.a(lib_a-strlen.o)
 .debug_info    0x0000000000001b63      0xc5d c:/altera/14.0/nios2eds/bin/gnu/h-x86_64-mingw32/bin/../lib/gcc/nios2-elf/4.7.3/../../../../../H-x86_64-mingw32/nios2-elf/lib\libsmallc.a(lib_a-vfprintf.o)
 .debug_info    0x00000000000027c0      0x6d9 c:/altera/14.0/nios2eds/bin/gnu/h-x86_64-mingw32/bin/../lib/gcc/nios2-elf/4.7.3/../../../../../H-x86_64-mingw32/nios2-elf/lib\libsmallc.a(lib_a-fvwrite_small_dev.o)
 .debug_info    0x0000000000002e99      0x631 c:/altera/14.0/nios2eds/bin/gnu/h-x86_64-mingw32/bin/../lib/gcc/nios2-elf/4.7.3/../../../../../H-x86_64-mingw32/nios2-elf/lib\libsmallc.a(lib_a-impure.o)
 .debug_info    0x00000000000034ca      0x6cb c:/altera/14.0/nios2eds/bin/gnu/h-x86_64-mingw32/bin/../lib/gcc/nios2-elf/4.7.3/../../../../../H-x86_64-mingw32/nios2-elf/lib\libsmallc.a(lib_a-writer.o)
 .debug_info    0x0000000000003b95       0x84 c:/altera/14.0/nios2eds/bin/gnu/h-x86_64-mingw32/bin/../lib/gcc/nios2-elf/4.7.3/../../../../../H-x86_64-mingw32/nios2-elf/lib\libsmallc.a(lib_a-int_errno.o)
 .debug_info    0x0000000000003c19      0x289 c:/altera/14.0/nios2eds/bin/gnu/h-x86_64-mingw32/bin/../lib/gcc/nios2-elf/4.7.3\libgcc.a(lib2-divmod.o)
 .debug_info    0x0000000000003ea2      0x1d9 ../LT24_DE0_Software_bsp/\libhal_bsp.a(alt_load.o)
 .debug_info    0x000000000000407b      0x194 ../LT24_DE0_Software_bsp/\libhal_bsp.a(alt_main.o)
 .debug_info    0x000000000000420f      0x171 ../LT24_DE0_Software_bsp/\libhal_bsp.a(alt_putstr.o)
 .debug_info    0x0000000000004380      0x1f2 ../LT24_DE0_Software_bsp/\libhal_bsp.a(alt_write.o)
 .debug_info    0x0000000000004572      0x193 ../LT24_DE0_Software_bsp/\libhal_bsp.a(alt_sys_init.o)
 .debug_info    0x0000000000004705      0x1a0 ../LT24_DE0_Software_bsp/\libhal_bsp.a(altera_avalon_jtag_uart_write.o)
 .debug_info    0x00000000000048a5       0x8f ../LT24_DE0_Software_bsp/\libhal_bsp.a(alt_dcache_flush_all.o)
 .debug_info    0x0000000000004934       0xa3 ../LT24_DE0_Software_bsp/\libhal_bsp.a(alt_errno.o)
 .debug_info    0x00000000000049d7       0xcd ../LT24_DE0_Software_bsp/\libhal_bsp.a(alt_icache_flush_all.o)
 .debug_info    0x0000000000004aa4       0x8f ../LT24_DE0_Software_bsp/\libhal_bsp.a(altera_nios2_qsys_irq.o)
 .debug_info    0x0000000000004b33       0xdb ../LT24_DE0_Software_bsp/\libhal_bsp.a(alt_icache_flush.o)

.debug_abbrev   0x0000000000000000     0x1669
 *(.debug_abbrev)
 .debug_abbrev  0x0000000000000000       0x12 ../LT24_DE0_Software_bsp//obj/HAL/src/crt0.o
 .debug_abbrev  0x0000000000000012      0x19b obj/default/hello_world_small.o
 .debug_abbrev  0x00000000000001ad      0x1e2 c:/altera/14.0/nios2eds/bin/gnu/h-x86_64-mingw32/bin/../lib/gcc/nios2-elf/4.7.3/../../../../../H-x86_64-mingw32/nios2-elf/lib\libsmallc.a(lib_a-printf.o)
 .debug_abbrev  0x000000000000038f      0x1d4 c:/altera/14.0/nios2eds/bin/gnu/h-x86_64-mingw32/bin/../lib/gcc/nios2-elf/4.7.3/../../../../../H-x86_64-mingw32/nios2-elf/lib\libsmallc.a(lib_a-puts.o)
 .debug_abbrev  0x0000000000000563       0x7f c:/altera/14.0/nios2eds/bin/gnu/h-x86_64-mingw32/bin/../lib/gcc/nios2-elf/4.7.3/../../../../../H-x86_64-mingw32/nios2-elf/lib\libsmallc.a(lib_a-strlen.o)
 .debug_abbrev  0x00000000000005e2      0x2db c:/altera/14.0/nios2eds/bin/gnu/h-x86_64-mingw32/bin/../lib/gcc/nios2-elf/4.7.3/../../../../../H-x86_64-mingw32/nios2-elf/lib\libsmallc.a(lib_a-vfprintf.o)
 .debug_abbrev  0x00000000000008bd      0x1a8 c:/altera/14.0/nios2eds/bin/gnu/h-x86_64-mingw32/bin/../lib/gcc/nios2-elf/4.7.3/../../../../../H-x86_64-mingw32/nios2-elf/lib\libsmallc.a(lib_a-fvwrite_small_dev.o)
 .debug_abbrev  0x0000000000000a65      0x13b c:/altera/14.0/nios2eds/bin/gnu/h-x86_64-mingw32/bin/../lib/gcc/nios2-elf/4.7.3/../../../../../H-x86_64-mingw32/nios2-elf/lib\libsmallc.a(lib_a-impure.o)
 .debug_abbrev  0x0000000000000ba0      0x199 c:/altera/14.0/nios2eds/bin/gnu/h-x86_64-mingw32/bin/../lib/gcc/nios2-elf/4.7.3/../../../../../H-x86_64-mingw32/nios2-elf/lib\libsmallc.a(lib_a-writer.o)
 .debug_abbrev  0x0000000000000d39       0x37 c:/altera/14.0/nios2eds/bin/gnu/h-x86_64-mingw32/bin/../lib/gcc/nios2-elf/4.7.3/../../../../../H-x86_64-mingw32/nios2-elf/lib\libsmallc.a(lib_a-int_errno.o)
 .debug_abbrev  0x0000000000000d70      0x112 c:/altera/14.0/nios2eds/bin/gnu/h-x86_64-mingw32/bin/../lib/gcc/nios2-elf/4.7.3\libgcc.a(lib2-divmod.o)
 .debug_abbrev  0x0000000000000e82       0xd8 ../LT24_DE0_Software_bsp/\libhal_bsp.a(alt_load.o)
 .debug_abbrev  0x0000000000000f5a      0x120 ../LT24_DE0_Software_bsp/\libhal_bsp.a(alt_main.o)
 .debug_abbrev  0x000000000000107a       0xe2 ../LT24_DE0_Software_bsp/\libhal_bsp.a(alt_putstr.o)
 .debug_abbrev  0x000000000000115c      0x130 ../LT24_DE0_Software_bsp/\libhal_bsp.a(alt_write.o)
 .debug_abbrev  0x000000000000128c      0x105 ../LT24_DE0_Software_bsp/\libhal_bsp.a(alt_sys_init.o)
 .debug_abbrev  0x0000000000001391       0xd5 ../LT24_DE0_Software_bsp/\libhal_bsp.a(altera_avalon_jtag_uart_write.o)
 .debug_abbrev  0x0000000000001466       0x42 ../LT24_DE0_Software_bsp/\libhal_bsp.a(alt_dcache_flush_all.o)
 .debug_abbrev  0x00000000000014a8       0x5a ../LT24_DE0_Software_bsp/\libhal_bsp.a(alt_errno.o)
 .debug_abbrev  0x0000000000001502       0x8a ../LT24_DE0_Software_bsp/\libhal_bsp.a(alt_icache_flush_all.o)
 .debug_abbrev  0x000000000000158c       0x42 ../LT24_DE0_Software_bsp/\libhal_bsp.a(altera_nios2_qsys_irq.o)
 .debug_abbrev  0x00000000000015ce       0x9b ../LT24_DE0_Software_bsp/\libhal_bsp.a(alt_icache_flush.o)

.debug_line     0x0000000000000000     0x1a81
 *(.debug_line)
 .debug_line    0x0000000000000000       0x6c ../LT24_DE0_Software_bsp//obj/HAL/src/crt0.o
 .debug_line    0x000000000000006c      0x1b1 obj/default/hello_world_small.o
 .debug_line    0x000000000000021d      0x212 c:/altera/14.0/nios2eds/bin/gnu/h-x86_64-mingw32/bin/../lib/gcc/nios2-elf/4.7.3/../../../../../H-x86_64-mingw32/nios2-elf/lib\libsmallc.a(lib_a-printf.o)
 .debug_line    0x000000000000042f      0x20b c:/altera/14.0/nios2eds/bin/gnu/h-x86_64-mingw32/bin/../lib/gcc/nios2-elf/4.7.3/../../../../../H-x86_64-mingw32/nios2-elf/lib\libsmallc.a(lib_a-puts.o)
 .debug_line    0x000000000000063a      0x16f c:/altera/14.0/nios2eds/bin/gnu/h-x86_64-mingw32/bin/../lib/gcc/nios2-elf/4.7.3/../../../../../H-x86_64-mingw32/nios2-elf/lib\libsmallc.a(lib_a-strlen.o)
 .debug_line    0x00000000000007a9      0x3fd c:/altera/14.0/nios2eds/bin/gnu/h-x86_64-mingw32/bin/../lib/gcc/nios2-elf/4.7.3/../../../../../H-x86_64-mingw32/nios2-elf/lib\libsmallc.a(lib_a-vfprintf.o)
 .debug_line    0x0000000000000ba6      0x21e c:/altera/14.0/nios2eds/bin/gnu/h-x86_64-mingw32/bin/../lib/gcc/nios2-elf/4.7.3/../../../../../H-x86_64-mingw32/nios2-elf/lib\libsmallc.a(lib_a-fvwrite_small_dev.o)
 .debug_line    0x0000000000000dc4      0x167 c:/altera/14.0/nios2eds/bin/gnu/h-x86_64-mingw32/bin/../lib/gcc/nios2-elf/4.7.3/../../../../../H-x86_64-mingw32/nios2-elf/lib\libsmallc.a(lib_a-impure.o)
 .debug_line    0x0000000000000f2b      0x205 c:/altera/14.0/nios2eds/bin/gnu/h-x86_64-mingw32/bin/../lib/gcc/nios2-elf/4.7.3/../../../../../H-x86_64-mingw32/nios2-elf/lib\libsmallc.a(lib_a-writer.o)
 .debug_line    0x0000000000001130       0x5d c:/altera/14.0/nios2eds/bin/gnu/h-x86_64-mingw32/bin/../lib/gcc/nios2-elf/4.7.3/../../../../../H-x86_64-mingw32/nios2-elf/lib\libsmallc.a(lib_a-int_errno.o)
 .debug_line    0x000000000000118d       0xd3 c:/altera/14.0/nios2eds/bin/gnu/h-x86_64-mingw32/bin/../lib/gcc/nios2-elf/4.7.3\libgcc.a(lib2-divmod.o)
 .debug_line    0x0000000000001260       0xd6 ../LT24_DE0_Software_bsp/\libhal_bsp.a(alt_load.o)
 .debug_line    0x0000000000001336       0xbd ../LT24_DE0_Software_bsp/\libhal_bsp.a(alt_main.o)
 .debug_line    0x00000000000013f3      0x127 ../LT24_DE0_Software_bsp/\libhal_bsp.a(alt_putstr.o)
 .debug_line    0x000000000000151a      0x17e ../LT24_DE0_Software_bsp/\libhal_bsp.a(alt_write.o)
 .debug_line    0x0000000000001698      0x101 ../LT24_DE0_Software_bsp/\libhal_bsp.a(alt_sys_init.o)
 .debug_line    0x0000000000001799       0xf5 ../LT24_DE0_Software_bsp/\libhal_bsp.a(altera_avalon_jtag_uart_write.o)
 .debug_line    0x000000000000188e       0x4e ../LT24_DE0_Software_bsp/\libhal_bsp.a(alt_dcache_flush_all.o)
 .debug_line    0x00000000000018dc       0x51 ../LT24_DE0_Software_bsp/\libhal_bsp.a(alt_errno.o)
 .debug_line    0x000000000000192d       0x87 ../LT24_DE0_Software_bsp/\libhal_bsp.a(alt_icache_flush_all.o)
 .debug_line    0x00000000000019b4       0x50 ../LT24_DE0_Software_bsp/\libhal_bsp.a(altera_nios2_qsys_irq.o)
 .debug_line    0x0000000000001a04       0x7d ../LT24_DE0_Software_bsp/\libhal_bsp.a(alt_icache_flush.o)

.debug_frame    0x0000000000000000      0x3d8
 *(.debug_frame)
 .debug_frame   0x0000000000000000       0xb0 obj/default/hello_world_small.o
 .debug_frame   0x00000000000000b0       0x40 c:/altera/14.0/nios2eds/bin/gnu/h-x86_64-mingw32/bin/../lib/gcc/nios2-elf/4.7.3/../../../../../H-x86_64-mingw32/nios2-elf/lib\libsmallc.a(lib_a-printf.o)
 .debug_frame   0x00000000000000f0       0x3c c:/altera/14.0/nios2eds/bin/gnu/h-x86_64-mingw32/bin/../lib/gcc/nios2-elf/4.7.3/../../../../../H-x86_64-mingw32/nios2-elf/lib\libsmallc.a(lib_a-puts.o)
 .debug_frame   0x000000000000012c       0x20 c:/altera/14.0/nios2eds/bin/gnu/h-x86_64-mingw32/bin/../lib/gcc/nios2-elf/4.7.3/../../../../../H-x86_64-mingw32/nios2-elf/lib\libsmallc.a(lib_a-strlen.o)
 .debug_frame   0x000000000000014c       0x48 c:/altera/14.0/nios2eds/bin/gnu/h-x86_64-mingw32/bin/../lib/gcc/nios2-elf/4.7.3/../../../../../H-x86_64-mingw32/nios2-elf/lib\libsmallc.a(lib_a-vfprintf.o)
 .debug_frame   0x0000000000000194       0x30 c:/altera/14.0/nios2eds/bin/gnu/h-x86_64-mingw32/bin/../lib/gcc/nios2-elf/4.7.3/../../../../../H-x86_64-mingw32/nios2-elf/lib\libsmallc.a(lib_a-fvwrite_small_dev.o)
 .debug_frame   0x00000000000001c4       0x2c c:/altera/14.0/nios2eds/bin/gnu/h-x86_64-mingw32/bin/../lib/gcc/nios2-elf/4.7.3/../../../../../H-x86_64-mingw32/nios2-elf/lib\libsmallc.a(lib_a-writer.o)
 .debug_frame   0x00000000000001f0       0x70 c:/altera/14.0/nios2eds/bin/gnu/h-x86_64-mingw32/bin/../lib/gcc/nios2-elf/4.7.3\libgcc.a(lib2-divmod.o)
 .debug_frame   0x0000000000000260       0x28 ../LT24_DE0_Software_bsp/\libhal_bsp.a(alt_load.o)
 .debug_frame   0x0000000000000288       0x28 ../LT24_DE0_Software_bsp/\libhal_bsp.a(alt_main.o)
 .debug_frame   0x00000000000002b0       0x28 ../LT24_DE0_Software_bsp/\libhal_bsp.a(alt_putstr.o)
 .debug_frame   0x00000000000002d8       0x28 ../LT24_DE0_Software_bsp/\libhal_bsp.a(alt_write.o)
 .debug_frame   0x0000000000000300       0x38 ../LT24_DE0_Software_bsp/\libhal_bsp.a(alt_sys_init.o)
 .debug_frame   0x0000000000000338       0x20 ../LT24_DE0_Software_bsp/\libhal_bsp.a(altera_avalon_jtag_uart_write.o)
 .debug_frame   0x0000000000000358       0x20 ../LT24_DE0_Software_bsp/\libhal_bsp.a(alt_dcache_flush_all.o)
 .debug_frame   0x0000000000000378       0x20 ../LT24_DE0_Software_bsp/\libhal_bsp.a(alt_icache_flush_all.o)
 .debug_frame   0x0000000000000398       0x20 ../LT24_DE0_Software_bsp/\libhal_bsp.a(altera_nios2_qsys_irq.o)
 .debug_frame   0x00000000000003b8       0x20 ../LT24_DE0_Software_bsp/\libhal_bsp.a(alt_icache_flush.o)

.debug_str      0x0000000000000000      0xec1
 *(.debug_str)
 .debug_str     0x0000000000000000      0x194 obj/default/hello_world_small.o
                                        0x1cf (size before relaxing)
 .debug_str     0x0000000000000194      0x3cc c:/altera/14.0/nios2eds/bin/gnu/h-x86_64-mingw32/bin/../lib/gcc/nios2-elf/4.7.3/../../../../../H-x86_64-mingw32/nios2-elf/lib\libsmallc.a(lib_a-printf.o)
                                        0x4a4 (size before relaxing)
 .debug_str     0x0000000000000560       0x47 c:/altera/14.0/nios2eds/bin/gnu/h-x86_64-mingw32/bin/../lib/gcc/nios2-elf/4.7.3/../../../../../H-x86_64-mingw32/nios2-elf/lib\libsmallc.a(lib_a-puts.o)
                                        0x453 (size before relaxing)
 .debug_str     0x00000000000005a7       0xce c:/altera/14.0/nios2eds/bin/gnu/h-x86_64-mingw32/bin/../lib/gcc/nios2-elf/4.7.3/../../../../../H-x86_64-mingw32/nios2-elf/lib\libsmallc.a(lib_a-strlen.o)
                                        0x180 (size before relaxing)
 .debug_str     0x0000000000000675      0x193 c:/altera/14.0/nios2eds/bin/gnu/h-x86_64-mingw32/bin/../lib/gcc/nios2-elf/4.7.3/../../../../../H-x86_64-mingw32/nios2-elf/lib\libsmallc.a(lib_a-vfprintf.o)
                                        0x624 (size before relaxing)
 .debug_str     0x0000000000000808       0x7f c:/altera/14.0/nios2eds/bin/gnu/h-x86_64-mingw32/bin/../lib/gcc/nios2-elf/4.7.3/../../../../../H-x86_64-mingw32/nios2-elf/lib\libsmallc.a(lib_a-fvwrite_small_dev.o)
                                        0x47f (size before relaxing)
 .debug_str     0x0000000000000887       0xeb c:/altera/14.0/nios2eds/bin/gnu/h-x86_64-mingw32/bin/../lib/gcc/nios2-elf/4.7.3/../../../../../H-x86_64-mingw32/nios2-elf/lib\libsmallc.a(lib_a-impure.o)
                                        0x459 (size before relaxing)
 .debug_str     0x0000000000000972       0x3a c:/altera/14.0/nios2eds/bin/gnu/h-x86_64-mingw32/bin/../lib/gcc/nios2-elf/4.7.3/../../../../../H-x86_64-mingw32/nios2-elf/lib\libsmallc.a(lib_a-writer.o)
                                        0x453 (size before relaxing)
 .debug_str     0x00000000000009ac       0x3d c:/altera/14.0/nios2eds/bin/gnu/h-x86_64-mingw32/bin/../lib/gcc/nios2-elf/4.7.3/../../../../../H-x86_64-mingw32/nios2-elf/lib\libsmallc.a(lib_a-int_errno.o)
                                        0x173 (size before relaxing)
 .debug_str     0x00000000000009e9      0x102 c:/altera/14.0/nios2eds/bin/gnu/h-x86_64-mingw32/bin/../lib/gcc/nios2-elf/4.7.3\libgcc.a(lib2-divmod.o)
                                        0x159 (size before relaxing)
 .debug_str     0x0000000000000aeb      0x171 ../LT24_DE0_Software_bsp/\libhal_bsp.a(alt_load.o)
                                        0x217 (size before relaxing)
 .debug_str     0x0000000000000c5c       0x8a ../LT24_DE0_Software_bsp/\libhal_bsp.a(alt_main.o)
                                        0x190 (size before relaxing)
 .debug_str     0x0000000000000ce6       0x5f ../LT24_DE0_Software_bsp/\libhal_bsp.a(alt_putstr.o)
                                        0x174 (size before relaxing)
 .debug_str     0x0000000000000d45       0x2c ../LT24_DE0_Software_bsp/\libhal_bsp.a(alt_write.o)
                                        0x1bb (size before relaxing)
 .debug_str     0x0000000000000d71       0x86 ../LT24_DE0_Software_bsp/\libhal_bsp.a(alt_sys_init.o)
                                        0x201 (size before relaxing)
 .debug_str     0x0000000000000df7       0x2c ../LT24_DE0_Software_bsp/\libhal_bsp.a(altera_avalon_jtag_uart_write.o)
                                        0x1f0 (size before relaxing)
 .debug_str     0x0000000000000e23       0x1f ../LT24_DE0_Software_bsp/\libhal_bsp.a(alt_dcache_flush_all.o)
                                        0x130 (size before relaxing)
 .debug_str     0x0000000000000e42       0x14 ../LT24_DE0_Software_bsp/\libhal_bsp.a(alt_errno.o)
                                        0x120 (size before relaxing)
 .debug_str     0x0000000000000e56       0x30 ../LT24_DE0_Software_bsp/\libhal_bsp.a(alt_icache_flush_all.o)
                                        0x149 (size before relaxing)
 .debug_str     0x0000000000000e86       0x20 ../LT24_DE0_Software_bsp/\libhal_bsp.a(altera_nios2_qsys_irq.o)
                                        0x137 (size before relaxing)
 .debug_str     0x0000000000000ea6       0x1b ../LT24_DE0_Software_bsp/\libhal_bsp.a(alt_icache_flush.o)
                                        0x136 (size before relaxing)

.debug_loc      0x0000000000000000     0x1741
 *(.debug_loc)
 .debug_loc     0x0000000000000000      0x1c5 obj/default/hello_world_small.o
 .debug_loc     0x00000000000001c5      0x125 c:/altera/14.0/nios2eds/bin/gnu/h-x86_64-mingw32/bin/../lib/gcc/nios2-elf/4.7.3/../../../../../H-x86_64-mingw32/nios2-elf/lib\libsmallc.a(lib_a-printf.o)
 .debug_loc     0x00000000000002ea       0xb7 c:/altera/14.0/nios2eds/bin/gnu/h-x86_64-mingw32/bin/../lib/gcc/nios2-elf/4.7.3/../../../../../H-x86_64-mingw32/nios2-elf/lib\libsmallc.a(lib_a-puts.o)
 .debug_loc     0x00000000000003a1       0x29 c:/altera/14.0/nios2eds/bin/gnu/h-x86_64-mingw32/bin/../lib/gcc/nios2-elf/4.7.3/../../../../../H-x86_64-mingw32/nios2-elf/lib\libsmallc.a(lib_a-strlen.o)
 .debug_loc     0x00000000000003ca      0xb02 c:/altera/14.0/nios2eds/bin/gnu/h-x86_64-mingw32/bin/../lib/gcc/nios2-elf/4.7.3/../../../../../H-x86_64-mingw32/nios2-elf/lib\libsmallc.a(lib_a-vfprintf.o)
 .debug_loc     0x0000000000000ecc      0x19e c:/altera/14.0/nios2eds/bin/gnu/h-x86_64-mingw32/bin/../lib/gcc/nios2-elf/4.7.3/../../../../../H-x86_64-mingw32/nios2-elf/lib\libsmallc.a(lib_a-fvwrite_small_dev.o)
 .debug_loc     0x000000000000106a       0xde c:/altera/14.0/nios2eds/bin/gnu/h-x86_64-mingw32/bin/../lib/gcc/nios2-elf/4.7.3/../../../../../H-x86_64-mingw32/nios2-elf/lib\libsmallc.a(lib_a-writer.o)
 .debug_loc     0x0000000000001148      0x338 c:/altera/14.0/nios2eds/bin/gnu/h-x86_64-mingw32/bin/../lib/gcc/nios2-elf/4.7.3\libgcc.a(lib2-divmod.o)
 .debug_loc     0x0000000000001480       0x20 ../LT24_DE0_Software_bsp/\libhal_bsp.a(alt_load.o)
 .debug_loc     0x00000000000014a0       0x20 ../LT24_DE0_Software_bsp/\libhal_bsp.a(alt_main.o)
 .debug_loc     0x00000000000014c0       0x57 ../LT24_DE0_Software_bsp/\libhal_bsp.a(alt_putstr.o)
 .debug_loc     0x0000000000001517      0x119 ../LT24_DE0_Software_bsp/\libhal_bsp.a(alt_write.o)
 .debug_loc     0x0000000000001630       0x41 ../LT24_DE0_Software_bsp/\libhal_bsp.a(alt_sys_init.o)
 .debug_loc     0x0000000000001671       0x7e ../LT24_DE0_Software_bsp/\libhal_bsp.a(altera_avalon_jtag_uart_write.o)
 .debug_loc     0x00000000000016ef       0x52 ../LT24_DE0_Software_bsp/\libhal_bsp.a(alt_icache_flush.o)

.debug_macinfo
 *(.debug_macinfo)

.debug_weaknames
 *(.debug_weaknames)

.debug_funcnames
 *(.debug_funcnames)

.debug_typenames
 *(.debug_typenames)

.debug_varnames
 *(.debug_varnames)

.debug_alt_sim_info
                0x0000000000000000       0x20
 *(.debug_alt_sim_info)
 .debug_alt_sim_info
                0x0000000000000000       0x20 ../LT24_DE0_Software_bsp//obj/HAL/src/crt0.o
                0x0000000000008000                __alt_data_end = 0x8000
                0x0000000000008000                PROVIDE (__alt_stack_pointer, __alt_data_end)
                0x00000000000060ec                PROVIDE (__alt_stack_limit, __alt_stack_base)
                0x00000000000060ec                PROVIDE (__alt_heap_start, end)
                0x0000000000008000                PROVIDE (__alt_heap_limit, 0x8000)
OUTPUT(LT24_DE0_Software.elf elf32-littlenios2)

.debug_ranges   0x0000000000000000      0x220
 .debug_ranges  0x0000000000000000       0x20 ../LT24_DE0_Software_bsp//obj/HAL/src/crt0.o
 .debug_ranges  0x0000000000000020       0x18 obj/default/hello_world_small.o
 .debug_ranges  0x0000000000000038      0x188 c:/altera/14.0/nios2eds/bin/gnu/h-x86_64-mingw32/bin/../lib/gcc/nios2-elf/4.7.3/../../../../../H-x86_64-mingw32/nios2-elf/lib\libsmallc.a(lib_a-vfprintf.o)
 .debug_ranges  0x00000000000001c0       0x18 c:/altera/14.0/nios2eds/bin/gnu/h-x86_64-mingw32/bin/../lib/gcc/nios2-elf/4.7.3/../../../../../H-x86_64-mingw32/nios2-elf/lib\libsmallc.a(lib_a-fvwrite_small_dev.o)
 .debug_ranges  0x00000000000001d8       0x48 ../LT24_DE0_Software_bsp/\libhal_bsp.a(alt_load.o)
